Component: ARM Compiler 5.06 update 1 (build 61) Tool: armlink [4d35a8]

==============================================================================

Section Cross References

    system_stm32f4xx.o(i.SystemCoreClockUpdate) refers to system_stm32f4xx.o(.data) for SystemCoreClock
    system_stm32f4xx.o(i.SystemCoreClockUpdate) refers to system_stm32f4xx.o(.constdata) for AHBPrescTable
    ff_gen_drv.o(i.FATFS_GetAttachedDriversNbr) refers to ff_gen_drv.o(.bss) for disk
    ff_gen_drv.o(i.FATFS_LinkDriver) refers to ff_gen_drv.o(i.FATFS_LinkDriverEx) for FATFS_LinkDriverEx
    ff_gen_drv.o(i.FATFS_LinkDriverEx) refers to ff_gen_drv.o(.bss) for disk
    ff_gen_drv.o(i.FATFS_UnLinkDriver) refers to ff_gen_drv.o(i.FATFS_UnLinkDriverEx) for FATFS_UnLinkDriverEx
    ff_gen_drv.o(i.FATFS_UnLinkDriverEx) refers to ff_gen_drv.o(.bss) for disk
    ccsbcs.o(i.ff_convert) refers to ccsbcs.o(.constdata) for Tbl
    ccsbcs.o(i.ff_wtoupper) refers to ccsbcs.o(.constdata) for tbl_lower
    diskio.o(i.disk_initialize) refers to ff_gen_drv.o(.bss) for disk
    diskio.o(i.disk_ioctl) refers to ff_gen_drv.o(.bss) for disk
    diskio.o(i.disk_read) refers to ff_gen_drv.o(.bss) for disk
    diskio.o(i.disk_status) refers to ff_gen_drv.o(.bss) for disk
    diskio.o(i.disk_write) refers to ff_gen_drv.o(.bss) for disk
    ff.o(i.check_fs) refers to ff.o(i.move_window) for move_window
    ff.o(i.chk_lock) refers to ff.o(.bss) for Files
    ff.o(i.clear_lock) refers to ff.o(.bss) for Files
    ff.o(i.cmp_lfn) refers to ccsbcs.o(i.ff_wtoupper) for ff_wtoupper
    ff.o(i.cmp_lfn) refers to ff.o(.constdata) for LfnOfs
    ff.o(i.create_chain) refers to ff.o(i.get_fat) for get_fat
    ff.o(i.create_chain) refers to ff.o(i.put_fat) for put_fat
    ff.o(i.create_name) refers to ff.o(i.chk_chr) for chk_chr
    ff.o(i.create_name) refers to ff.o(i.mem_set) for mem_set
    ff.o(i.create_name) refers to ccsbcs.o(i.ff_convert) for ff_convert
    ff.o(i.create_name) refers to ff.o(.constdata) for ExCvt
    ff.o(i.dec_lock) refers to ff.o(.bss) for Files
    ff.o(i.dir_alloc) refers to ff.o(i.dir_sdi) for dir_sdi
    ff.o(i.dir_alloc) refers to ff.o(i.move_window) for move_window
    ff.o(i.dir_alloc) refers to ff.o(i.dir_next) for dir_next
    ff.o(i.dir_find) refers to ff.o(i.dir_sdi) for dir_sdi
    ff.o(i.dir_find) refers to ff.o(i.move_window) for move_window
    ff.o(i.dir_find) refers to ff.o(i.cmp_lfn) for cmp_lfn
    ff.o(i.dir_find) refers to ff.o(i.sum_sfn) for sum_sfn
    ff.o(i.dir_find) refers to ff.o(i.mem_cmp) for mem_cmp
    ff.o(i.dir_find) refers to ff.o(i.dir_next) for dir_next
    ff.o(i.dir_next) refers to ff.o(i.get_fat) for get_fat
    ff.o(i.dir_next) refers to ff.o(i.create_chain) for create_chain
    ff.o(i.dir_next) refers to ff.o(i.sync_window) for sync_window
    ff.o(i.dir_next) refers to ff.o(i.mem_set) for mem_set
    ff.o(i.dir_next) refers to ff.o(i.clust2sect) for clust2sect
    ff.o(i.dir_read) refers to ff.o(i.move_window) for move_window
    ff.o(i.dir_read) refers to ff.o(i.pick_lfn) for pick_lfn
    ff.o(i.dir_read) refers to ff.o(i.sum_sfn) for sum_sfn
    ff.o(i.dir_read) refers to ff.o(i.dir_next) for dir_next
    ff.o(i.dir_register) refers to ff.o(i.mem_cpy) for mem_cpy
    ff.o(i.dir_register) refers to ff.o(i.gen_numname) for gen_numname
    ff.o(i.dir_register) refers to ff.o(i.dir_find) for dir_find
    ff.o(i.dir_register) refers to ff.o(i.dir_alloc) for dir_alloc
    ff.o(i.dir_register) refers to ff.o(i.dir_sdi) for dir_sdi
    ff.o(i.dir_register) refers to ff.o(i.sum_sfn) for sum_sfn
    ff.o(i.dir_register) refers to ff.o(i.move_window) for move_window
    ff.o(i.dir_register) refers to ff.o(i.fit_lfn) for fit_lfn
    ff.o(i.dir_register) refers to ff.o(i.dir_next) for dir_next
    ff.o(i.dir_register) refers to ff.o(i.mem_set) for mem_set
    ff.o(i.dir_remove) refers to ff.o(i.dir_sdi) for dir_sdi
    ff.o(i.dir_remove) refers to ff.o(i.move_window) for move_window
    ff.o(i.dir_remove) refers to ff.o(i.mem_set) for mem_set
    ff.o(i.dir_remove) refers to ff.o(i.dir_next) for dir_next
    ff.o(i.dir_sdi) refers to ff.o(i.get_fat) for get_fat
    ff.o(i.dir_sdi) refers to ff.o(i.clust2sect) for clust2sect
    ff.o(i.enq_lock) refers to ff.o(.bss) for Files
    ff.o(i.f_chmod) refers to ff.o(i.find_volume) for find_volume
    ff.o(i.f_chmod) refers to ff.o(i.follow_path) for follow_path
    ff.o(i.f_chmod) refers to ff.o(i.sync_fs) for sync_fs
    ff.o(i.f_chmod) refers to ff.o(i.unlock_fs) for unlock_fs
    ff.o(i.f_close) refers to ff.o(i.f_sync) for f_sync
    ff.o(i.f_close) refers to ff.o(i.validate) for validate
    ff.o(i.f_close) refers to ff.o(i.dec_lock) for dec_lock
    ff.o(i.f_close) refers to ff.o(i.unlock_fs) for unlock_fs
    ff.o(i.f_closedir) refers to ff.o(i.validate) for validate
    ff.o(i.f_closedir) refers to ff.o(i.dec_lock) for dec_lock
    ff.o(i.f_closedir) refers to ff.o(i.unlock_fs) for unlock_fs
[...]
    i.vListInitialiseItem                    0x080060f6   Section        0  list.o(i.vListInitialiseItem)
    i.vListInsert                            0x080060fc   Section        0  list.o(i.vListInsert)
    i.vListInsertEnd                         0x08006130   Section        0  list.o(i.vListInsertEnd)
    i.vPortEnterCritical                     0x08006148   Section        0  port.o(i.vPortEnterCritical)
    i.vPortExitCritical                      0x0800619c   Section        0  port.o(i.vPortExitCritical)
    i.vPortFree                              0x080061d8   Section        0  heap_4.o(i.vPortFree)
    i.vPortSetupTimerInterrupt               0x0800626c   Section        0  port.o(i.vPortSetupTimerInterrupt)
    i.vPortValidateInterruptPriority         0x0800628c   Section        0  port.o(i.vPortValidateInterruptPriority)
    i.vTaskDelay                             0x08006304   Section        0  tasks.o(i.vTaskDelay)
    i.vTaskMissedYield                       0x08006390   Section        0  tasks.o(i.vTaskMissedYield)
    i.vTaskPlaceOnEventList                  0x0800639c   Section        0  tasks.o(i.vTaskPlaceOnEventList)
    i.vTaskPriorityInherit                   0x08006418   Section        0  tasks.o(i.vTaskPriorityInherit)
    i.vTaskSetTimeOutState                   0x080064c8   Section        0  tasks.o(i.vTaskSetTimeOutState)
    i.vTaskStartScheduler                    0x080064f8   Section        0  tasks.o(i.vTaskStartScheduler)
    i.vTaskSuspend                           0x0800656c   Section        0  tasks.o(i.vTaskSuspend)
    i.vTaskSuspendAll                        0x08006654   Section        0  tasks.o(i.vTaskSuspendAll)
    i.vTaskSwitchContext                     0x08006664   Section        0  tasks.o(i.vTaskSwitchContext)
    i.waitPinCleaning                        0x080066f0   Section        0  rf.o(i.waitPinCleaning)
    i.writeToMotor                           0x08006730   Section        0  motor.o(i.writeToMotor)
    i.xPortStartScheduler                    0x0800681c   Section        0  port.o(i.xPortStartScheduler)
    i.xPortSysTickHandler                    0x08006958   Section        0  port.o(i.xPortSysTickHandler)
    i.xQueueCreateCountingSemaphore          0x0800698c   Section        0  queue.o(i.xQueueCreateCountingSemaphore)
    i.xQueueGenericCreate                    0x08006a00   Section        0  queue.o(i.xQueueGenericCreate)
    i.xQueueGenericReceive                   0x08006a8c   Section        0  queue.o(i.xQueueGenericReceive)
    i.xQueueGenericReset                     0x08006c38   Section        0  queue.o(i.xQueueGenericReset)
    i.xQueueGenericSend                      0x08006ccc   Section        0  queue.o(i.xQueueGenericSend)
    i.xQueueGiveFromISR                      0x08006e6c   Section        0  queue.o(i.xQueueGiveFromISR)
    i.xQueueReceiveFromISR                   0x08006f42   Section        0  queue.o(i.xQueueReceiveFromISR)
    i.xTaskCheckForTimeOut                   0x08007000   Section        0  tasks.o(i.xTaskCheckForTimeOut)
    i.xTaskGenericCreate                     0x0800708c   Section        0  tasks.o(i.xTaskGenericCreate)
    i.xTaskGetSchedulerState                 0x080071fc   Section        0  tasks.o(i.xTaskGetSchedulerState)
    i.xTaskIncrementTick                     0x0800721c   Section        0  tasks.o(i.xTaskIncrementTick)
    i.xTaskPriorityDisinherit                0x08007368   Section        0  tasks.o(i.xTaskPriorityDisinherit)
    i.xTaskRemoveFromEventList               0x08007430   Section        0  tasks.o(i.xTaskRemoveFromEventList)
    i.xTaskResumeAll                         0x080074c8   Section        0  tasks.o(i.xTaskResumeAll)
    .constdata                               0x080075cc   Section       17  main.o(.constdata)
    .constdata                               0x080075e0   Section      128  freertos.o(.constdata)
    .constdata                               0x08007660   Section        8  motor.o(.constdata)
    .constdata                               0x08007668   Section       73  rf.o(.constdata)
    NRF905_CR_DEFAULT                        0x08007668   Data          10  rf.o(.constdata)
    unRF_HOPPING_TABLE                       0x08007672   Data          48  rf.o(.constdata)
    unNRF905MODE_PIN_LEVEL                   0x080076a2   Data          15  rf.o(.constdata)
    .constdata                               0x080076b1   Section       16  stm32f4xx_hal_rcc.o(.constdata)
    .constdata                               0x080076c1   Section        8  stm32f4xx_hal_dma.o(.constdata)
    flagBitshiftOffset                       0x080076c1   Data           8  stm32f4xx_hal_dma.o(.constdata)
    .conststring                             0x080076cc   Section       89  freertos.o(.conststring)
    .data                                    0x20000000   Section        4  system_stm32f4xx.o(.data)
    .data                                    0x20000004   Section       12  port.o(.data)
    uxCriticalNesting                        0x20000004   Data           4  port.o(.data)
    ucMaxSysCallPriority                     0x20000008   Data           1  port.o(.data)
    ulMaxPRIGROUPValue                       0x2000000c   Data           4  port.o(.data)
    .data                                    0x20000010   Section       24  heap_4.o(.data)
    xStart                                   0x20000010   Data           8  heap_4.o(.data)
    pxEnd                                    0x20000018   Data           4  heap_4.o(.data)
    xFreeBytesRemaining                      0x2000001c   Data           4  heap_4.o(.data)
    xMinimumEverFreeBytesRemaining           0x20000020   Data           4  heap_4.o(.data)
    xBlockAllocatedBit                       0x20000024   Data           4  heap_4.o(.data)
    .data                                    0x20000028   Section       56  tasks.o(.data)
    pxDelayedTaskList                        0x2000002c   Data           4  tasks.o(.data)
    pxOverflowDelayedTaskList                0x20000030   Data           4  tasks.o(.data)
    uxTasksDeleted                           0x20000034   Data           4  tasks.o(.data)
    uxCurrentNumberOfTasks                   0x20000038   Data           4  tasks.o(.data)
    xTickCount                               0x2000003c   Data           4  tasks.o(.data)
    uxTopReadyPriority                       0x20000040   Data           4  tasks.o(.data)
    xSchedulerRunning                        0x20000044   Data           4  tasks.o(.data)
    uxPendedTicks                            0x20000048   Data           4  tasks.o(.data)
    xYieldPending                            0x2000004c   Data           4  tasks.o(.data)
    xNumOfOverflows                          0x20000050   Data           4  tasks.o(.data)
    uxTaskNumber                             0x20000054   Data           4  tasks.o(.data)
    xNextTaskUnblockTime                     0x20000058   Data           4  tasks.o(.data)
    uxSchedulerSuspended                     0x2000005c   Data           4  tasks.o(.data)
    .data                                    0x20000060   Section       24  user_diskio.o(.data)
    Stat                                     0x20000060   Data           1  user_diskio.o(.data)
    .data                                    0x20000078   Section        8  crc.o(.data)
    .data                                    0x20000080   Section       20  main.o(.data)
    tHigherPriorityTaskWoken                 0x20000084   Data           4  main.o(.data)
    tHigherPriorityTaskWoken                 0x20000088   Data           4  main.o(.data)
    tHigherPriorityTaskWoken                 0x2000008c   Data           4  main.o(.data)
    tHigherPriorityTaskWoken                 0x20000090   Data           4  main.o(.data)
    .data                                    0x20000094   Section       52  freertos.o(.data)
    .data                                    0x200000c8   Section        5  fatfs.o(.data)
    .data                                    0x200000d0   Section        8  stm32f4xx_it.o(.data)
    tHigherPriorityTaskWoken                 0x200000d0   Data           4  stm32f4xx_it.o(.data)
    tHigherPriorityTaskWoken                 0x200000d4   Data           4  stm32f4xx_it.o(.data)
    .data                                    0x200000d8   Section      598  motor.o(.data)
    tHigherPriorityTaskWoken                 0x20000310   Data           4  motor.o(.data)
    tMotorComm                               0x20000314   Data           8  motor.o(.data)
    unMotorIndex                             0x2000031c   Data           1  motor.o(.data)
    unTrashData                              0x2000031e   Data           2  motor.o(.data)
    unCRC                                    0x20000320   Data           2  motor.o(.data)
    unTrashData                              0x20000322   Data           2  motor.o(.data)
    unCRC                                    0x20000324   Data           2  motor.o(.data)
    tMotorComm                               0x20000326   Data           8  motor.o(.data)
    .data                                    0x20000330   Section       10  rf.o(.data)
    tNRF905ModeGlobal                        0x20000330   Data           1  rf.o(.data)
    tHigherPriorityTaskWoken                 0x20000334   Data           4  rf.o(.data)
    tNRF905State                             0x20000338   Data           1  rf.o(.data)
    unHoppingTableIndex                      0x20000339   Data           1  rf.o(.data)
    .data                                    0x2000033c   Section        4  stm32f4xx_hal.o(.data)
    .bss                                     0x20000340   Section       12  ff_gen_drv.o(.bss)
    .bss                                     0x2000034c   Section    15360  heap_4.o(.bss)
    ucHeap                                   0x2000034c   Data       15360  heap_4.o(.bss)
    .bss                                     0x20003f4c   Section      240  tasks.o(.bss)
    pxReadyTasksLists                        0x20003f4c   Data         140  tasks.o(.bss)
    xDelayedTaskList1                        0x20003fd8   Data          20  tasks.o(.bss)
    xDelayedTaskList2                        0x20003fec   Data          20  tasks.o(.bss)
    xPendingReadyList                        0x20004000   Data          20  tasks.o(.bss)
    xTasksWaitingTermination                 0x20004014   Data          20  tasks.o(.bss)
    xSuspendedTaskList                       0x20004028   Data          20  tasks.o(.bss)
    .bss                                     0x2000403c   Section      240  tim.o(.bss)
    .bss                                     0x2000412c   Section       16  iwdg.o(.bss)
    .bss                                     0x2000413c   Section       64  main.o(.bss)
    .bss                                     0x2000417c   Section       60  stm32f4xx_hal_timebase_tim.o(.bss)
    .bss                                     0x200041b8   Section      304  adc.o(.bss)
    .bss                                     0x200042e8   Section      192  usart.o(.bss)
    .bss                                     0x200043a8   Section      136  i2c.o(.bss)
    .bss                                     0x20004430   Section      440  spi.o(.bss)
    .bss                                     0x200045e8   Section      208  motor.o(.bss)
    .bss                                     0x200046b8   Section       75  rf.o(.bss)
    unRF905_SPI_TX_Frame                     0x200046e1   Data          17  rf.o(.bss)
    unRF905_SPI_TX_Frame                     0x200046f2   Data          17  rf.o(.bss)
    .bss                                     0x20004704   Section      952  usb_otg.o(.bss)
    .bss                                     0x20004abc   Section       12  rng.o(.bss)
    STACK                                    0x20004ac8   Section     2048  startup_stm32f407xx.o(STACK)

    Global Symbols

    Symbol Name                              Value     Ov Type        Size  Object(Section)

    BuildAttributes$$THM_ISAv4$E$P$D$K$B$S$7EM$VFPi3$EXTD16$VFPS$VFMA$PE$A:L22UL41UL21$X:L11$S22US41US21$IEEE1$IW$USESV6$~STKCKD$USESV7$~SHL$OSPACE$EBA8$MICROLIB$REQ8$PRES8$EABIv2 0x00000000   Number         0  anon$$obj.o ABSOLUTE
    __ARM_use_no_argv                        0x00000000   Number         0  main.o ABSOLUTE
    __cpp_initialize__aeabi_                  - Undefined Weak Reference
    __cxa_finalize                            - Undefined Weak Reference
    _clock_init                               - Undefined Weak Reference
    _microlib_exit                            - Undefined Weak Reference
    __Vectors_Size                           0x00000188   Number         0  startup_stm32f407xx.o ABSOLUTE
    __Vectors                                0x08000000   Data           4  startup_stm32f407xx.o(RESET)
    __Vectors_End                            0x08000188   Data           0  startup_stm32f407xx.o(RESET)
    __main                                   0x08000189   Thumb Code     0  entry.o(.ARM.Collect$$$$00000000)
    _main_stk                                0x08000189   Thumb Code     0  entry2.o(.ARM.Collect$$$$00000001)
    _main_scatterload                        0x0800018d   Thumb Code     0  entry5.o(.ARM.Collect$$$$00000004)
    __main_after_scatterload                 0x08000191   Thumb Code     0  entry5.o(.ARM.Collect$$$$00000004)
    _main_clock                              0x08000191   Thumb Code     0  entry7b.o(.ARM.Collect$$$$00000008)
    _main_cpp_init                           0x08000191   Thumb Code     0  entry8b.o(.ARM.Collect$$$$0000000A)
    _main_init                               0x08000191   Thumb Code     0  entry9a.o(.ARM.Collect$$$$0000000B)
    __rt_final_cpp                           0x08000199   Thumb Code     0  entry10a.o(.ARM.Collect$$$$0000000D)
    __rt_final_exit                          0x08000199   Thumb Code     0  entry11a.o(.ARM.Collect$$$$0000000F)
    SVC_Handler                              0x0800019d   Thumb Code    28  port.o(.emb_text)
    __asm___6_port_c_39a90d8d__prvStartFirstTask 0x080001bd   Thumb Code    28  port.o(.emb_text)
    __asm___6_port_c_39a90d8d__prvEnableVFP  0x080001dd   Thumb Code    16  port.o(.emb_text)
    PendSV_Handler                           0x080001f1   Thumb Code    92  port.o(.emb_text)
    vPortGetIPSR                             0x08000251   Thumb Code     6  port.o(.emb_text)
    Reset_Handler                            0x08000259   Thumb Code     8  startup_stm32f407xx.o(.text)
    ADC_IRQHandler                           0x08000273   Thumb Code     0  startup_stm32f407xx.o(.text)
    CAN1_RX0_IRQHandler                      0x08000273   Thumb Code     0  startup_stm32f407xx.o(.text)
    CAN1_RX1_IRQHandler                      0x08000273   Thumb Code     0  startup_stm32f407xx.o(.text)
    CAN1_SCE_IRQHandler                      0x08000273   Thumb Code     0  startup_stm32f407xx.o(.text)
    CAN1_TX_IRQHandler                       0x08000273   Thumb Code     0  startup_stm32f407xx.o(.text)
    CAN2_RX0_IRQHandler                      0x08000273   Thumb Code     0  startup_stm32f407xx.o(.text)
    CAN2_RX1_IRQHandler                      0x08000273   Thumb Code     0  startup_stm32f407xx.o(.text)
    CAN2_SCE_IRQHandler                      0x08000273   Thumb Code     0  startup_stm32f407xx.o(.text)
    CAN2_TX_IRQHandler                       0x08000273   Thumb Code     0  startup_stm32f407xx.o(.text)
    DCMI_IRQHandler                          0x08000273   Thumb Code     0  startup_stm32f407xx.o(.text)
    DMA1_Stream1_IRQHandler                  0x08000273   Thumb Code     0  startup_stm32f407xx.o(.text)
    DMA1_Stream2_IRQHandler                  0x08000273   Thumb Code     0  startup_stm32f407xx.o(.text)
    DMA1_Stream3_IRQHandler                  0x08000273   Thumb Code     0  startup_stm32f407xx.o(.text)
    DMA1_Stream4_IRQHandler                  0x08000273   Thumb Code     0  startup_stm32f407xx.o(.text)
    DMA1_Stream6_IRQHandler                  0x08000273   Thumb Code     0  startup_stm32f407xx.o(.text)
    DMA1_Stream7_IRQHandler                  0x08000273   Thumb Code     0  startup_stm32f407xx.o(.text)
    DMA2_Stream1_IRQHandler                  0x08000273   Thumb Code     0  startup_stm32f407xx.o(.text)
    DMA2_Stream2_IRQHandler                  0x08000273   Thumb Code     0  startup_stm32f407xx.o(.text)
    DMA2_Stream3_IRQHandler                  0x08000273   Thumb Code     0  startup_stm32f407xx.o(.text)
    DMA2_Stream4_IRQHandler                  0x08000273   Thumb Code     0  startup_stm32f407xx.o(.text)
    DMA2_Stream5_IRQHandler                  0x08000273   Thumb Code     0  startup_stm32f407xx.o(.text)
    DMA2_Stream6_IRQHandler                  0x08000273   Thumb Code     0  startup_stm32f407xx.o(.text)
    DMA2_Stream7_IRQHandler                  0x08000273   Thumb Code     0  startup_stm32f407xx.o(.text)
    ETH_IRQHandler                           0x08000273   Thumb Code     0  startup_stm32f407xx.o(.text)
    ETH_WKUP_IRQHandler                      0x08000273   Thumb Code     0  startup_stm32f407xx.o(.text)
    EXTI0_IRQHandler                         0x08000273   Thumb Code     0  startup_stm32f407xx.o(.text)
    EXTI15_10_IRQHandler                     0x08000273   Thumb Code     0  startup_stm32f407xx.o(.text)
    EXTI1_IRQHandler                         0x08000273   Thumb Code     0  startup_stm32f407xx.o(.text)
    EXTI2_IRQHandler                         0x08000273   Thumb Code     0  startup_stm32f407xx.o(.text)
    EXTI4_IRQHandler                         0x08000273   Thumb Code     0  startup_stm32f407xx.o(.text)
    EXTI9_5_IRQHandler                       0x08000273   Thumb Code     0  startup_stm32f407xx.o(.text)
    FLASH_IRQHandler                         0x08000273   Thumb Code     0  startup_stm32f407xx.o(.text)
    FMC_IRQHandler                           0x08000273   Thumb Code     0  startup_stm32f407xx.o(.text)
    FPU_IRQHandler                           0x08000273   Thumb Code     0  startup_stm32f407xx.o(.text)
    HASH_RNG_IRQHandler                      0x08000273   Thumb Code     0  startup_stm32f407xx.o(.text)
    I2C1_ER_IRQHandler                       0x08000273   Thumb Code     0  startup_stm32f407xx.o(.text)
    I2C1_EV_IRQHandler                       0x08000273   Thumb Code     0  startup_stm32f407xx.o(.text)
    I2C2_ER_IRQHandler                       0x08000273   Thumb Code     0  startup_stm32f407xx.o(.text)
    I2C2_EV_IRQHandler                       0x08000273   Thumb Code     0  startup_stm32f407xx.o(.text)
    I2C3_ER_IRQHandler                       0x08000273   Thumb Code     0  startup_stm32f407xx.o(.text)
    I2C3_EV_IRQHandler                       0x08000273   Thumb Code     0  startup_stm32f407xx.o(.text)
    OTG_FS_WKUP_IRQHandler                   0x08000273   Thumb Code     0  startup_stm32f407xx.o(.text)
    OTG_HS_EP1_IN_IRQHandler                 0x08000273   Thumb Code     0  startup_stm32f407xx.o(.text)
    OTG_HS_EP1_OUT_IRQHandler                0x08000273   Thumb Code     0  startup_stm32f407xx.o(.text)
    OTG_HS_IRQHandler                        0x08000273   Thumb Code     0  startup_stm32f407xx.o(.text)
    OTG_HS_WKUP_IRQHandler                   0x08000273   Thumb Code     0  startup_stm32f407xx.o(.text)
    PVD_IRQHandler                           0x08000273   Thumb Code     0  startup_stm32f407xx.o(.text)
    RCC_IRQHandler                           0x08000273   Thumb Code     0  startup_stm32f407xx.o(.text)
    RTC_Alarm_IRQHandler                     0x08000273   Thumb Code     0  startup_stm32f407xx.o(.text)
    RTC_WKUP_IRQHandler                      0x08000273   Thumb Code     0  startup_stm32f407xx.o(.text)
    SDIO_IRQHandler                          0x08000273   Thumb Code     0  startup_stm32f407xx.o(.text)
    SPI2_IRQHandler                          0x08000273   Thumb Code     0  startup_stm32f407xx.o(.text)
    SPI3_IRQHandler                          0x08000273   Thumb Code     0  startup_stm32f407xx.o(.text)
    TAMP_STAMP_IRQHandler                    0x08000273   Thumb Code     0  startup_stm32f407xx.o(.text)
    TIM1_BRK_TIM9_IRQHandler                 0x08000273   Thumb Code     0  startup_stm32f407xx.o(.text)
    TIM1_CC_IRQHandler                       0x08000273   Thumb Code     0  startup_stm32f407xx.o(.text)
    TIM1_TRG_COM_TIM11_IRQHandler            0x08000273   Thumb Code     0  startup_stm32f407xx.o(.text)
    TIM2_IRQHandler                          0x08000273   Thumb Code     0  startup_stm32f407xx.o(.text)
    TIM3_IRQHandler                          0x08000273   Thumb Code     0  startup_stm32f407xx.o(.text)
    TIM4_IRQHandler                          0x08000273   Thumb Code     0  startup_stm32f407xx.o(.text)
    TIM5_IRQHandler                          0x08000273   Thumb Code     0  startup_stm32f407xx.o(.text)
    TIM7_IRQHandler                          0x08000273   Thumb Code     0  startup_stm32f407xx.o(.text)
    TIM8_BRK_TIM12_IRQHandler                0x08000273   Thumb Code     0  startup_stm32f407xx.o(.text)
    TIM8_CC_IRQHandler                       0x08000273   Thumb Code     0  startup_stm32f407xx.o(.text)
    TIM8_TRG_COM_TIM14_IRQHandler            0x08000273   Thumb Code     0  startup_stm32f407xx.o(.text)
    UART4_IRQHandler                         0x08000273   Thumb Code     0  startup_stm32f407xx.o(.text)
    UART5_IRQHandler                         0x08000273   Thumb Code     0  startup_stm32f407xx.o(.text)
    USART1_IRQHandler                        0x08000273   Thumb Code     0  startup_stm32f407xx.o(.text)
    USART2_IRQHandler                        0x08000273   Thumb Code     0  startup_stm32f407xx.o(.text)
    USART3_IRQHandler                        0x08000273   Thumb Code     0  startup_stm32f407xx.o(.text)
    USART6_IRQHandler                        0x08000273   Thumb Code     0  startup_stm32f407xx.o(.text)
    WWDG_IRQHandler                          0x08000273   Thumb Code     0  startup_stm32f407xx.o(.text)
    __aeabi_memcpy                           0x0800027d   Thumb Code    36  memcpya.o(.text)
    __aeabi_memcpy4                          0x0800027d   Thumb Code     0  memcpya.o(.text)
    __aeabi_memcpy8                          0x0800027d   Thumb Code     0  memcpya.o(.text)
    __aeabi_memset                           0x080002a1   Thumb Code    14  memseta.o(.text)
    __aeabi_memset4                          0x080002a1   Thumb Code     0  memseta.o(.text)
    __aeabi_memset8                          0x080002a1   Thumb Code     0  memseta.o(.text)
    __aeabi_memclr                           0x080002af   Thumb Code     4  memseta.o(.text)
    __aeabi_memclr4                          0x080002af   Thumb Code     0  memseta.o(.text)
    __aeabi_memclr8                          0x080002af   Thumb Code     0  memseta.o(.text)
    _memset$wrapper                          0x080002b3   Thumb Code    18  memseta.o(.text)
    memcmp                                   0x080002c5   Thumb Code    26  memcmp.o(.text)
    __scatterload                            0x080002e1   Thumb Code    28  init.o(.text)
    __scatterload_rt2                        0x080002e1   Thumb Code     0  init.o(.text)
    __decompress                             0x08000305   Thumb Code     0  __dczerorl2.o(.text)
    __decompress1                            0x08000305   Thumb Code    86  __dczerorl2.o(.text)
    BusFault_Handler                         0x08000569   Thumb Code     4  stm32f4xx_it.o(i.BusFault_Handler)
    DMA1_Stream0_IRQHandler                  0x0800056d   Thumb Code    10  stm32f4xx_it.o(i.DMA1_Stream0_IRQHandler)
    DMA1_Stream5_IRQHandler                  0x0800057d   Thumb Code    10  stm32f4xx_it.o(i.DMA1_Stream5_IRQHandler)
    DMA2_Stream0_IRQHandler                  0x0800058d   Thumb Code    10  stm32f4xx_it.o(i.DMA2_Stream0_IRQHandler)
    DebugMon_Handler                         0x080005fd   Thumb Code     4  stm32f4xx_it.o(i.DebugMon_Handler)
    EXTI3_IRQHandler                         0x08000601   Thumb Code    10  stm32f4xx_it.o(i.EXTI3_IRQHandler)
    FATFS_LinkDriver                         0x0800060b   Thumb Code    18  ff_gen_drv.o(i.FATFS_LinkDriver)
    FATFS_LinkDriverEx                       0x0800061d   Thumb Code    78  ff_gen_drv.o(i.FATFS_LinkDriverEx)
    HAL_ADC_ConfigChannel                    0x08000671   Thumb Code   386  stm32f4xx_hal_adc.o(i.HAL_ADC_ConfigChannel)
    HAL_ADC_ConvCpltCallback                 0x08000805   Thumb Code    60  motor.o(i.HAL_ADC_ConvCpltCallback)
    HAL_ADC_ConvHalfCpltCallback             0x08000851   Thumb Code     2  stm32f4xx_hal_adc.o(i.HAL_ADC_ConvHalfCpltCallback)
    HAL_ADC_ErrorCallback                    0x08000853   Thumb Code     2  stm32f4xx_hal_adc.o(i.HAL_ADC_ErrorCallback)
    HAL_ADC_Init                             0x08000855   Thumb Code   100  stm32f4xx_hal_adc.o(i.HAL_ADC_Init)
    HAL_ADC_MspInit                          0x080008bd   Thumb Code   246  adc.o(i.HAL_ADC_MspInit)
    HAL_ADC_Start_DMA                        0x080009d5   Thumb Code   300  stm32f4xx_hal_adc.o(i.HAL_ADC_Start_DMA)
    HAL_CRC_Init                             0x08000b1d   Thumb Code    36  stm32f4xx_hal_crc.o(i.HAL_CRC_Init)
    HAL_CRC_MspInit                          0x08000b41   Thumb Code    44  crc.o(i.HAL_CRC_MspInit)
    HAL_DMA_IRQHandler                       0x08000b75   Thumb Code   530  stm32f4xx_hal_dma.o(i.HAL_DMA_IRQHandler)
    HAL_DMA_Init                             0x08000d8d   Thumb Code   128  stm32f4xx_hal_dma.o(i.HAL_DMA_Init)
    HAL_DMA_Start_IT                         0x08000e11   Thumb Code   106  stm32f4xx_hal_dma.o(i.HAL_DMA_Start_IT)
    HAL_Delay                                0x08000e7b   Thumb Code    26  stm32f4xx_hal.o(i.HAL_Delay)
    HAL_GPIO_EXTI_Callback                   0x08000e95   Thumb Code    56  rf.o(i.HAL_GPIO_EXTI_Callback)
    HAL_GPIO_EXTI_IRQHandler                 0x08000ed9   Thumb Code    24  stm32f4xx_hal_gpio.o(i.HAL_GPIO_EXTI_IRQHandler)
    HAL_GPIO_Init                            0x08000ef5   Thumb Code   476  stm32f4xx_hal_gpio.o(i.HAL_GPIO_Init)
    HAL_GPIO_ReadPin                         0x08001101   Thumb Code    16  stm32f4xx_hal_gpio.o(i.HAL_GPIO_ReadPin)
    HAL_GPIO_TogglePin                       0x08001111   Thumb Code     8  stm32f4xx_hal_gpio.o(i.HAL_GPIO_TogglePin)
    HAL_GPIO_WritePin                        0x08001119   Thumb Code    12  stm32f4xx_hal_gpio.o(i.HAL_GPIO_WritePin)
    HAL_GetTick                              0x08001125   Thumb Code     6  stm32f4xx_hal.o(i.HAL_GetTick)
    HAL_I2C_Init                             0x08001131   Thumb Code   286  stm32f4xx_hal_i2c.o(i.HAL_I2C_Init)
    HAL_I2C_MspInit                          0x08001259   Thumb Code   148  i2c.o(i.HAL_I2C_MspInit)
    HAL_IWDG_Init                            0x080012fd   Thumb Code    76  stm32f4xx_hal_iwdg.o(i.HAL_IWDG_Init)
    HAL_IWDG_MspInit                         0x08001349   Thumb Code     2  stm32f4xx_hal_iwdg.o(i.HAL_IWDG_MspInit)
    HAL_IncTick                              0x0800134d   Thumb Code    12  stm32f4xx_hal.o(i.HAL_IncTick)
    HAL_Init                                 0x0800135d   Thumb Code    54  stm32f4xx_hal.o(i.HAL_Init)
    HAL_InitTick                             0x08001399   Thumb Code   122  stm32f4xx_hal_timebase_tim.o(i.HAL_InitTick)
    HAL_MspInit                              0x08001425   Thumb Code    66  stm32f4xx_hal_msp.o(i.HAL_MspInit)
    HAL_NVIC_EnableIRQ                       0x08001467   Thumb Code    26  stm32f4xx_hal_cortex.o(i.HAL_NVIC_EnableIRQ)
    HAL_NVIC_SetPriority                     0x08001481   Thumb Code   124  stm32f4xx_hal_cortex.o(i.HAL_NVIC_SetPriority)
    HAL_NVIC_SetPriorityGrouping             0x080014fd   Thumb Code    32  stm32f4xx_hal_cortex.o(i.HAL_NVIC_SetPriorityGrouping)
    HAL_PCD_ConnectCallback                  0x08001525   Thumb Code     2  stm32f4xx_hal_pcd.o(i.HAL_PCD_ConnectCallback)
    HAL_PCD_DataInStageCallback              0x08001527   Thumb Code     2  stm32f4xx_hal_pcd.o(i.HAL_PCD_DataInStageCallback)
    HAL_PCD_DataOutStageCallback             0x08001529   Thumb Code     2  stm32f4xx_hal_pcd.o(i.HAL_PCD_DataOutStageCallback)
    HAL_PCD_DisconnectCallback               0x0800152b   Thumb Code     2  stm32f4xx_hal_pcd.o(i.HAL_PCD_DisconnectCallback)
    HAL_PCD_IRQHandler                       0x0800152d   Thumb Code  1374  stm32f4xx_hal_pcd.o(i.HAL_PCD_IRQHandler)
    HAL_PCD_ISOINIncompleteCallback          0x08001a8b   Thumb Code     2  stm32f4xx_hal_pcd.o(i.HAL_PCD_ISOINIncompleteCallback)
    HAL_PCD_ISOOUTIncompleteCallback         0x08001a8d   Thumb Code     2  stm32f4xx_hal_pcd.o(i.HAL_PCD_ISOOUTIncompleteCallback)
    HAL_PCD_Init                             0x08001a8f   Thumb Code   322  stm32f4xx_hal_pcd.o(i.HAL_PCD_Init)
    HAL_PCD_MspInit                          0x08001bd1   Thumb Code   116  usb_otg.o(i.HAL_PCD_MspInit)
    HAL_PCD_ResetCallback                    0x08001c4d   Thumb Code     2  stm32f4xx_hal_pcd.o(i.HAL_PCD_ResetCallback)
    HAL_PCD_ResumeCallback                   0x08001c4f   Thumb Code     2  stm32f4xx_hal_pcd.o(i.HAL_PCD_ResumeCallback)
    HAL_PCD_SOFCallback                      0x08001c51   Thumb Code     2  stm32f4xx_hal_pcd.o(i.HAL_PCD_SOFCallback)
    HAL_PCD_SetupStageCallback               0x08001c53   Thumb Code     2  stm32f4xx_hal_pcd.o(i.HAL_PCD_SetupStageCallback)
    HAL_PCD_SuspendCallback                  0x08001c55   Thumb Code     2  stm32f4xx_hal_pcd.o(i.HAL_PCD_SuspendCallback)
    HAL_RCC_ClockConfig                      0x08001c59   Thumb Code   412  stm32f4xx_hal_rcc.o(i.HAL_RCC_ClockConfig)
    HAL_RCC_GetClockConfig                   0x08001dfd   Thumb Code    58  stm32f4xx_hal_rcc.o(i.HAL_RCC_GetClockConfig)
    HAL_RCC_GetHCLKFreq                      0x08001e41   Thumb Code    42  stm32f4xx_hal_rcc.o(i.HAL_RCC_GetHCLKFreq)
    HAL_RCC_GetPCLK1Freq                     0x08001e79   Thumb Code    36  stm32f4xx_hal_rcc.o(i.HAL_RCC_GetPCLK1Freq)
    HAL_RCC_GetPCLK2Freq                     0x08001ea5   Thumb Code    36  stm32f4xx_hal_rcc.o(i.HAL_RCC_GetPCLK2Freq)
    HAL_RCC_GetSysClockFreq                  0x08001ed1   Thumb Code   168  stm32f4xx_hal_rcc.o(i.HAL_RCC_GetSysClockFreq)
    HAL_RCC_OscConfig                        0x08001f85   Thumb Code   906  stm32f4xx_hal_rcc.o(i.HAL_RCC_OscConfig)
    HAL_RNG_Init                             0x08002321   Thumb Code    74  stm32f4xx_hal_rng.o(i.HAL_RNG_Init)
    HAL_RNG_MspInit                          0x0800236d   Thumb Code    44  rng.o(i.HAL_RNG_MspInit)
    HAL_SPI_ErrorCallback                    0x080023a1   Thumb Code   128  main.o(i.HAL_SPI_ErrorCallback)
    HAL_SPI_GetError                         0x08002439   Thumb Code     6  stm32f4xx_hal_spi.o(i.HAL_SPI_GetError)
    HAL_SPI_IRQHandler                       0x0800243f   Thumb Code   222  stm32f4xx_hal_spi.o(i.HAL_SPI_IRQHandler)
    HAL_SPI_Init                             0x0800251d   Thumb Code   160  stm32f4xx_hal_spi.o(i.HAL_SPI_Init)
    HAL_SPI_MspInit                          0x080025bd   Thumb Code   376  spi.o(i.HAL_SPI_MspInit)
    HAL_SPI_RxCpltCallback                   0x0800275d   Thumb Code   116  main.o(i.HAL_SPI_RxCpltCallback)
    HAL_SPI_RxHalfCpltCallback               0x080027e9   Thumb Code     2  stm32f4xx_hal_spi.o(i.HAL_SPI_RxHalfCpltCallback)
    HAL_SPI_Transmit                         0x080027eb   Thumb Code   406  stm32f4xx_hal_spi.o(i.HAL_SPI_Transmit)
    HAL_SPI_TransmitReceive_DMA              0x08002981   Thumb Code   314  stm32f4xx_hal_spi.o(i.HAL_SPI_TransmitReceive_DMA)
    HAL_SPI_TransmitReceive_IT               0x08002ad1   Thumb Code   212  stm32f4xx_hal_spi.o(i.HAL_SPI_TransmitReceive_IT)
    HAL_SPI_Transmit_DMA                     0x08002bb5   Thumb Code   228  stm32f4xx_hal_spi.o(i.HAL_SPI_Transmit_DMA)
    HAL_SPI_TxCpltCallback                   0x08002ca5   Thumb Code    60  main.o(i.HAL_SPI_TxCpltCallback)
    HAL_SPI_TxHalfCpltCallback               0x08002cf1   Thumb Code     2  stm32f4xx_hal_spi.o(i.HAL_SPI_TxHalfCpltCallback)
    HAL_SPI_TxRxCpltCallback                 0x08002cf5   Thumb Code   116  main.o(i.HAL_SPI_TxRxCpltCallback)
    HAL_SPI_TxRxHalfCpltCallback             0x08002d81   Thumb Code     2  stm32f4xx_hal_spi.o(i.HAL_SPI_TxRxHalfCpltCallback)
    HAL_SYSTICK_CLKSourceConfig              0x08002d83   Thumb Code    40  stm32f4xx_hal_cortex.o(i.HAL_SYSTICK_CLKSourceConfig)
    HAL_SYSTICK_Config                       0x08002dab   Thumb Code    52  stm32f4xx_hal_cortex.o(i.HAL_SYSTICK_Config)
    HAL_TIMEx_BreakCallback                  0x08002ddf   Thumb Code     2  stm32f4xx_hal_tim_ex.o(i.HAL_TIMEx_BreakCallback)
    HAL_TIMEx_CommutationCallback            0x08002de1   Thumb Code     2  stm32f4xx_hal_tim_ex.o(i.HAL_TIMEx_CommutationCallback)
    HAL_TIMEx_MasterConfigSynchronization    0x08002de3   Thumb Code    98  stm32f4xx_hal_tim_ex.o(i.HAL_TIMEx_MasterConfigSynchronization)
    HAL_TIM_Base_Init                        0x08002e45   Thumb Code    52  stm32f4xx_hal_tim.o(i.HAL_TIM_Base_Init)
    HAL_TIM_Base_MspInit                     0x08002e79   Thumb Code   202  tim.o(i.HAL_TIM_Base_MspInit)
    HAL_TIM_Base_Start                       0x08002f55   Thumb Code    30  stm32f4xx_hal_tim.o(i.HAL_TIM_Base_Start)
    HAL_TIM_Base_Start_IT                    0x08002f73   Thumb Code    30  stm32f4xx_hal_tim.o(i.HAL_TIM_Base_Start_IT)
    HAL_TIM_Base_Stop_IT                     0x08002f91   Thumb Code    56  stm32f4xx_hal_tim.o(i.HAL_TIM_Base_Stop_IT)
    HAL_TIM_ConfigClockSource                0x08002fc9   Thumb Code   306  stm32f4xx_hal_tim.o(i.HAL_TIM_ConfigClockSource)
    HAL_TIM_IC_CaptureCallback               0x080030fb   Thumb Code     2  stm32f4xx_hal_tim.o(i.HAL_TIM_IC_CaptureCallback)
    HAL_TIM_IRQHandler                       0x080030fd   Thumb Code   406  stm32f4xx_hal_tim.o(i.HAL_TIM_IRQHandler)
    HAL_TIM_OC_DelayElapsedCallback          0x08003293   Thumb Code     2  stm32f4xx_hal_tim.o(i.HAL_TIM_OC_DelayElapsedCallback)
    HAL_TIM_OnePulse_Init                    0x08003295   Thumb Code    76  stm32f4xx_hal_tim.o(i.HAL_TIM_OnePulse_Init)
    HAL_TIM_OnePulse_MspInit                 0x080032e1   Thumb Code     2  stm32f4xx_hal_tim.o(i.HAL_TIM_OnePulse_MspInit)
    HAL_TIM_PWM_PulseFinishedCallback        0x080032e3   Thumb Code     2  stm32f4xx_hal_tim.o(i.HAL_TIM_PWM_PulseFinishedCallback)
    HAL_TIM_PeriodElapsedCallback            0x080032e5   Thumb Code    10  stm32f4xx_hal_timebase_tim.o(i.HAL_TIM_PeriodElapsedCallback)
    HAL_TIM_TriggerCallback                  0x080032ef   Thumb Code     2  stm32f4xx_hal_tim.o(i.HAL_TIM_TriggerCallback)
    HAL_UART_Init                            0x080032f1   Thumb Code   114  stm32f4xx_hal_uart.o(i.HAL_UART_Init)
    HAL_UART_MspInit                         0x08003365   Thumb Code   230  usart.o(i.HAL_UART_MspInit)
    HardFault_Handler                        0x08003465   Thumb Code     4  stm32f4xx_it.o(i.HardFault_Handler)
    MTR_MotorComm                            0x08003469   Thumb Code   212  motor.o(i.MTR_MotorComm)
    MTR_analyzeReadData                      0x0800355d   Thumb Code   136  motor.o(i.MTR_analyzeReadData)
    MTR_calculateMotorSpeedADC               0x080035e9   Thumb Code    32  motor.o(i.MTR_calculateMotorSpeedADC)
    MTR_ctrlMotor                            0x0800360d   Thumb Code    96  motor.o(i.MTR_ctrlMotor)
    MTR_unReadMotorStatus                    0x08003675   Thumb Code   338  motor.o(i.MTR_unReadMotorStatus)
    MX_ADC1_Init                             0x080037dd   Thumb Code    68  adc.o(i.MX_ADC1_Init)
    MX_ADC2_Init                             0x08003829   Thumb Code    68  adc.o(i.MX_ADC2_Init)
    MX_ADC3_Init                             0x08003875   Thumb Code    76  adc.o(i.MX_ADC3_Init)
    MX_CRC_Init                              0x080038c9   Thumb Code    16  crc.o(i.MX_CRC_Init)
    MX_DMA_Init                              0x080038e1   Thumb Code   114  dma.o(i.MX_DMA_Init)
    MX_FATFS_Init                            0x08003959   Thumb Code    16  fatfs.o(i.MX_FATFS_Init)
    MX_FREERTOS_Init                         0x08003975   Thumb Code   308  freertos.o(i.MX_FREERTOS_Init)
    MX_GPIO_Init                             0x08003ae1   Thumb Code   488  gpio.o(i.MX_GPIO_Init)
    MX_I2C1_Init                             0x08003ce5   Thumb Code    42  i2c.o(i.MX_I2C1_Init)
    MX_I2C2_Init                             0x08003d1d   Thumb Code    42  i2c.o(i.MX_I2C2_Init)
    MX_IWDG_Init                             0x08003d55   Thumb Code    26  iwdg.o(i.MX_IWDG_Init)
    MX_RNG_Init                              0x08003d79   Thumb Code    16  rng.o(i.MX_RNG_Init)
    MX_SDIO_Init                             0x08003d91   Thumb Code     2  sdio.o(i.MX_SDIO_Init)
    MX_SPI1_Init                             0x08003d95   Thumb Code    60  spi.o(i.MX_SPI1_Init)
    MX_SPI2_Init                             0x08003dd9   Thumb Code    52  spi.o(i.MX_SPI2_Init)
    MX_SPI3_Init                             0x08003e15   Thumb Code    54  spi.o(i.MX_SPI3_Init)
    MX_TIM13_Init                            0x08003e55   Thumb Code    36  tim.o(i.MX_TIM13_Init)
    MX_TIM14_Init                            0x08003e81   Thumb Code    38  tim.o(i.MX_TIM14_Init)
    MX_TIM2_Init                             0x08003eb1   Thumb Code    72  tim.o(i.MX_TIM2_Init)
    MX_TIM6_Init                             0x08003efd   Thumb Code    46  tim.o(i.MX_TIM6_Init)
    MX_USART1_UART_Init                      0x08003f35   Thumb Code    40  usart.o(i.MX_USART1_UART_Init)
    MX_USART2_UART_Init                      0x08003f65   Thumb Code    40  usart.o(i.MX_USART2_UART_Init)
    MX_USART3_UART_Init                      0x08003f95   Thumb Code    40  usart.o(i.MX_USART3_UART_Init)
    MX_USB_OTG_FS_PCD_Init                   0x08003fc5   Thumb Code    52  usb_otg.o(i.MX_USB_OTG_FS_PCD_Init)
    M_handleErr                              0x08003ffd   Thumb Code    22  main.o(i.M_handleErr)
    MemManage_Handler                        0x0800401d   Thumb Code     4  stm32f4xx_it.o(i.MemManage_Handler)
    NMI_Handler                              0x08004021   Thumb Code     2  stm32f4xx_it.o(i.NMI_Handler)
    OTG_FS_IRQHandler                        0x0800405d   Thumb Code    10  stm32f4xx_it.o(i.OTG_FS_IRQHandler)
    RTN_updateMotor                          0x08004111   Thumb Code    46  routine.o(i.RTN_updateMotor)
    SPI1_IRQHandler                          0x08004155   Thumb Code    10  stm32f4xx_it.o(i.SPI1_IRQHandler)
    StartDefaultTask                         0x0800465f   Thumb Code    14  freertos.o(i.StartDefaultTask)
    SysTick_Handler                          0x0800466d   Thumb Code     8  stm32f4xx_it.o(i.SysTick_Handler)
    SystemClock_Config                       0x08004675   Thumb Code   178  main.o(i.SystemClock_Config)
    SystemInit                               0x08004731   Thumb Code    82  system_stm32f4xx.o(i.SystemInit)
    TIM1_UP_TIM10_IRQHandler                 0x08004795   Thumb Code    10  stm32f4xx_it.o(i.TIM1_UP_TIM10_IRQHandler)
    TIM6_DAC_IRQHandler                      0x080047a5   Thumb Code    54  stm32f4xx_it.o(i.TIM6_DAC_IRQHandler)
    TIM8_UP_TIM13_IRQHandler                 0x080047ed   Thumb Code    60  stm32f4xx_it.o(i.TIM8_UP_TIM13_IRQHandler)
    TIM_Base_SetConfig                       0x08004839   Thumb Code   184  stm32f4xx_hal_tim.o(i.TIM_Base_SetConfig)
    USB_ActivateSetup                        0x08004d09   Thumb Code    68  stm32f4xx_ll_usb.o(i.USB_ActivateSetup)
    USB_CoreInit                             0x08004d4d   Thumb Code   108  stm32f4xx_ll_usb.o(i.USB_CoreInit)
    USB_DevDisconnect                        0x08004e09   Thumb Code    30  stm32f4xx_ll_usb.o(i.USB_DevDisconnect)
    USB_DevInit                              0x08004e29   Thumb Code   396  stm32f4xx_ll_usb.o(i.USB_DevInit)
    USB_DisableGlobalInt                     0x08004fc5   Thumb Code    14  stm32f4xx_ll_usb.o(i.USB_DisableGlobalInt)
    USB_EP0_OutStart                         0x08004fd3   Thumb Code    68  stm32f4xx_ll_usb.o(i.USB_EP0_OutStart)
    USB_FlushRxFifo                          0x08005019   Thumb Code    38  stm32f4xx_ll_usb.o(i.USB_FlushRxFifo)
    USB_FlushTxFifo                          0x08005045   Thumb Code    44  stm32f4xx_ll_usb.o(i.USB_FlushTxFifo)
    USB_GetDevSpeed                          0x08005075   Thumb Code    68  stm32f4xx_ll_usb.o(i.USB_GetDevSpeed)
    USB_GetMode                              0x080050b9   Thumb Code    10  stm32f4xx_ll_usb.o(i.USB_GetMode)
    USB_ReadDevAllInEpInterrupt              0x080050c3   Thumb Code    18  stm32f4xx_ll_usb.o(i.USB_ReadDevAllInEpInterrupt)
    USB_ReadDevAllOutEpInterrupt             0x080050d5   Thumb Code    18  stm32f4xx_ll_usb.o(i.USB_ReadDevAllOutEpInterrupt)
    USB_ReadDevInEPInterrupt                 0x080050e7   Thumb Code    44  stm32f4xx_ll_usb.o(i.USB_ReadDevInEPInterrupt)
    USB_ReadDevOutEPInterrupt                0x08005113   Thumb Code    22  stm32f4xx_ll_usb.o(i.USB_ReadDevOutEPInterrupt)
    USB_ReadInterrupts                       0x08005129   Thumb Code    12  stm32f4xx_ll_usb.o(i.USB_ReadInterrupts)
    USB_ReadPacket                           0x08005135   Thumb Code    34  stm32f4xx_ll_usb.o(i.USB_ReadPacket)
    USB_SetCurrentMode                       0x08005157   Thumb Code    48  stm32f4xx_ll_usb.o(i.USB_SetCurrentMode)
    USB_SetDevSpeed                          0x08005187   Thumb Code    16  stm32f4xx_ll_usb.o(i.USB_SetDevSpeed)
    USB_WritePacket                          0x08005197   Thumb Code    48  stm32f4xx_ll_usb.o(i.USB_WritePacket)
    USER_initialize                          0x080051c9   Thumb Code    24  user_diskio.o(i.USER_initialize)
    USER_ioctl                               0x080051e5   Thumb Code     8  user_diskio.o(i.USER_ioctl)
    USER_read                                0x080051ed   Thumb Code     8  user_diskio.o(i.USER_read)
    USER_status                              0x080051f5   Thumb Code    24  user_diskio.o(i.USER_status)
    USER_write                               0x08005211   Thumb Code     8  user_diskio.o(i.USER_write)
    UsageFault_Handler                       0x08005219   Thumb Code     4  stm32f4xx_it.o(i.UsageFault_Handler)
    WL_WaitPinRiseWithTimeout                0x0800521d   Thumb Code   112  rf.o(i.WL_WaitPinRiseWithTimeout)
    WL_startRFComm                           0x08005299   Thumb Code   294  rf.o(i.WL_startRFComm)
    __scatterload_copy                       0x080053e1   Thumb Code    14  handlers.o(i.__scatterload_copy)
    __scatterload_null                       0x080053ef   Thumb Code     2  handlers.o(i.__scatterload_null)
    __scatterload_zeroinit                   0x080053f1   Thumb Code    14  handlers.o(i.__scatterload_zeroinit)
    blinkDemoLED                             0x080053ff   Thumb Code    12  main.o(i.blinkDemoLED)
    calCRC16                                 0x0800540d   Thumb Code    50  motor.o(i.calCRC16)
    deselectMotor                            0x08005445   Thumb Code    28  motor.o(i.deselectMotor)
    initBrainVar                             0x08005479   Thumb Code     2  main.o(i.initBrainVar)
    main                                     0x0800547d   Thumb Code   128  main.o(i.main)
    nRF905ChnPwrManager                      0x080055cd   Thumb Code   108  rf.o(i.nRF905ChnPwrManager)
    nRF905SendFrame                          0x0800563d   Thumb Code    70  rf.o(i.nRF905SendFrame)
    nRF905_SPI_RD                            0x08005689   Thumb Code    82  rf.o(i.nRF905_SPI_RD)
    nRF905_SPI_WR                            0x080056f1   Thumb Code    88  rf.o(i.nRF905_SPI_WR)
    nWirelessDataManager                     0x08005759   Thumb Code     6  rf.o(i.nWirelessDataManager)
    osDelay                                  0x0800575f   Thumb Code    24  cmsis_os.o(i.osDelay)
    osKernelStart                            0x08005777   Thumb Code    10  cmsis_os.o(i.osKernelStart)
    osMessageCreate                          0x08005781   Thumb Code    18  cmsis_os.o(i.osMessageCreate)
    osSemaphoreCreate                        0x08005793   Thumb Code    50  cmsis_os.o(i.osSemaphoreCreate)
    osSemaphoreWait                          0x080057c5   Thumb Code   104  cmsis_os.o(i.osSemaphoreWait)
    osSystickHandler                         0x08005831   Thumb Code    16  cmsis_os.o(i.osSystickHandler)
    osThreadCreate                           0x08005841   Thumb Code    58  cmsis_os.o(i.osThreadCreate)
    pvPortMalloc                             0x08005d39   Thumb Code   296  heap_4.o(i.pvPortMalloc)
    pvTaskIncrementMutexHeldCount            0x08005e75   Thumb Code    26  tasks.o(i.pvTaskIncrementMutexHeldCount)
    pxPortInitialiseStack                    0x08005e95   Thumb Code    34  port.o(i.pxPortInitialiseStack)
    readFromMotor                            0x08005ebd   Thumb Code   292  motor.o(i.readFromMotor)
    selectMotor                              0x08005ffd   Thumb Code    28  motor.o(i.selectMotor)
    setNRF905Mode                            0x08006021   Thumb Code    96  rf.o(i.setNRF905Mode)
    setTargetDutyAccdToADC                   0x08006091   Thumb Code    36  motor.o(i.setTargetDutyAccdToADC)
    uxListRemove                             0x080060b5   Thumb Code    40  list.o(i.uxListRemove)
    vListInitialise                          0x080060dd   Thumb Code    26  list.o(i.vListInitialise)
    vListInitialiseItem                      0x080060f7   Thumb Code     6  list.o(i.vListInitialiseItem)
    vListInsert                              0x080060fd   Thumb Code    52  list.o(i.vListInsert)
    vListInsertEnd                           0x08006131   Thumb Code    24  list.o(i.vListInsertEnd)
    vPortEnterCritical                       0x08006149   Thumb Code    76  port.o(i.vPortEnterCritical)
    vPortExitCritical                        0x0800619d   Thumb Code    56  port.o(i.vPortExitCritical)
    vPortFree                                0x080061d9   Thumb Code   140  heap_4.o(i.vPortFree)
    vPortSetupTimerInterrupt                 0x0800626d   Thumb Code    26  port.o(i.vPortSetupTimerInterrupt)
    vPortValidateInterruptPriority           0x0800628d   Thumb Code   106  port.o(i.vPortValidateInterruptPriority)
    vTaskDelay                               0x08006305   Thumb Code   120  tasks.o(i.vTaskDelay)
    vTaskMissedYield                         0x08006391   Thumb Code     8  tasks.o(i.vTaskMissedYield)
    vTaskPlaceOnEventList                    0x0800639d   Thumb Code   108  tasks.o(i.vTaskPlaceOnEventList)
    vTaskPriorityInherit                     0x08006419   Thumb Code   164  tasks.o(i.vTaskPriorityInherit)
    vTaskSetTimeOutState                     0x080064c9   Thumb Code    38  tasks.o(i.vTaskSetTimeOutState)
    vTaskStartScheduler                      0x080064f9   Thumb Code    94  tasks.o(i.vTaskStartScheduler)
    vTaskSuspend                             0x0800656d   Thumb Code   198  tasks.o(i.vTaskSuspend)
    vTaskSuspendAll                          0x08006655   Thumb Code    12  tasks.o(i.vTaskSuspendAll)
    vTaskSwitchContext                       0x08006665   Thumb Code   118  tasks.o(i.vTaskSwitchContext)
    waitPinCleaning                          0x080066f1   Thumb Code    54  rf.o(i.waitPinCleaning)
    writeToMotor                             0x08006731   Thumb Code   216  motor.o(i.writeToMotor)
    xPortStartScheduler                      0x0800681d   Thumb Code   288  port.o(i.xPortStartScheduler)
    xPortSysTickHandler                      0x08006959   Thumb Code    48  port.o(i.xPortSysTickHandler)
    xQueueCreateCountingSemaphore            0x0800698d   Thumb Code   116  queue.o(i.xQueueCreateCountingSemaphore)
    xQueueGenericCreate                      0x08006a01   Thumb Code   140  queue.o(i.xQueueGenericCreate)
    xQueueGenericReceive                     0x08006a8d   Thumb Code   424  queue.o(i.xQueueGenericReceive)
    xQueueGenericReset                       0x08006c39   Thumb Code   144  queue.o(i.xQueueGenericReset)
    xQueueGenericSend                        0x08006ccd   Thumb Code   412  queue.o(i.xQueueGenericSend)
    xQueueGiveFromISR                        0x08006e6d   Thumb Code   214  queue.o(i.xQueueGiveFromISR)
    xQueueReceiveFromISR                     0x08006f43   Thumb Code   188  queue.o(i.xQueueReceiveFromISR)
    xTaskCheckForTimeOut                     0x08007001   Thumb Code   132  tasks.o(i.xTaskCheckForTimeOut)
    xTaskGenericCreate                       0x0800708d   Thumb Code   340  tasks.o(i.xTaskGenericCreate)
    xTaskGetSchedulerState                   0x080071fd   Thumb Code    24  tasks.o(i.xTaskGetSchedulerState)
    xTaskIncrementTick                       0x0800721d   Thumb Code   286  tasks.o(i.xTaskIncrementTick)
    xTaskPriorityDisinherit                  0x08007369   Thumb Code   188  tasks.o(i.xTaskPriorityDisinherit)
    xTaskRemoveFromEventList                 0x08007431   Thumb Code   128  tasks.o(i.xTaskRemoveFromEventList)
    xTaskResumeAll                           0x080074c9   Thumb Code   224  tasks.o(i.xTaskResumeAll)
    NOT_USED_FOR_NOW                         0x080075cc   Data          17  main.o(.constdata)
    T_MOTOR_DUMMY_CMD                        0x08007660   Data           8  motor.o(.constdata)
    APBAHBPrescTable                         0x080076b1   Data          16  stm32f4xx_hal_rcc.o(.constdata)
    Region$$Table$$Base                      0x08007728   Number         0  anon$$obj.o(Region$$Table)
    Region$$Table$$Limit                     0x08007748   Number         0  anon$$obj.o(Region$$Table)
    SystemCoreClock                          0x20000000   Data           4  system_stm32f4xx.o(.data)
    pxCurrentTCB                             0x20000028   Data           4  tasks.o(.data)
    USER_Driver                              0x20000064   Data          20  user_diskio.o(.data)
    hcrc                                     0x20000078   Data           8  crc.o(.data)
    tErrorStatus                             0x20000080   Data           1  main.o(.data)
    defaultTaskHandle                        0x20000094   Data           4  freertos.o(.data)
    myDEMO_LED_TaskHandle                    0x20000098   Data           4  freertos.o(.data)
    myMotorCtrlTaskHandle                    0x2000009c   Data           4  freertos.o(.data)
    myRoutineUpdateHandle                    0x200000a0   Data           4  freertos.o(.data)
    myMotorCommTaskHandle                    0x200000a4   Data           4  freertos.o(.data)
    myNRF905CommHandle                       0x200000a8   Data           4  freertos.o(.data)
    MotorCommQueueHandle                     0x200000ac   Data           4  freertos.o(.data)
    MTR_tMotorSPI_CommCpltHandle             0x200000b0   Data           4  freertos.o(.data)
    RTN_tNeedToUpdateMotorHandle             0x200000b4   Data           4  freertos.o(.data)
    MTR_tMotorSpeedChangedHandle             0x200000b8   Data           4  freertos.o(.data)
    WL_tNRF905SPI_CommCpltHandle             0x200000bc   Data           4  freertos.o(.data)
    WL_tNRF905PinChangeHandleHandle          0x200000c0   Data           4  freertos.o(.data)
    tGlobalParaAccessHandle                  0x200000c4   Data           4  freertos.o(.data)
    retUSER                                  0x200000c8   Data           1  fatfs.o(.data)
    USER_Path                                0x200000c9   Data           4  fatfs.o(.data)
    CRC_TABLE16                              0x200000d8   Data         512  motor.o(.data)
    SPI1_MOTOR_SELECT_Port                   0x200002d8   Data          32  motor.o(.data)
    SPI1_MOTOR_SELECT_Pin                    0x200002f8   Data          16  motor.o(.data)
    unMotorCommRxBuf                         0x20000308   Data           8  motor.o(.data)
    uwTick                                   0x2000033c   Data           4  stm32f4xx_hal.o(.data)
    disk                                     0x20000340   Data          12  ff_gen_drv.o(.bss)
    htim2                                    0x2000403c   Data          60  tim.o(.bss)
    htim6                                    0x20004078   Data          60  tim.o(.bss)
    htim13                                   0x200040b4   Data          60  tim.o(.bss)
    htim14                                   0x200040f0   Data          60  tim.o(.bss)
    hiwdg                                    0x2000412c   Data          16  iwdg.o(.bss)
    unMotorSpeedADC_Buf                      0x2000413c   Data          64  main.o(.bss)
    htim1                                    0x2000417c   Data          60  stm32f4xx_hal_timebase_tim.o(.bss)
    hadc1                                    0x200041b8   Data          72  adc.o(.bss)
    hadc2                                    0x20004200   Data          72  adc.o(.bss)
    hadc3                                    0x20004248   Data          72  adc.o(.bss)
    hdma_adc3                                0x20004290   Data          88  adc.o(.bss)
    huart1                                   0x200042e8   Data          64  usart.o(.bss)
    huart2                                   0x20004328   Data          64  usart.o(.bss)
    huart3                                   0x20004368   Data          64  usart.o(.bss)
    hi2c1                                    0x200043a8   Data          68  i2c.o(.bss)
    hi2c2                                    0x200043ec   Data          68  i2c.o(.bss)
    hspi1                                    0x20004430   Data          88  spi.o(.bss)
    hspi2                                    0x20004488   Data          88  spi.o(.bss)
    hspi3                                    0x200044e0   Data          88  spi.o(.bss)
    hdma_spi3_rx                             0x20004538   Data          88  spi.o(.bss)
    hdma_spi3_tx                             0x20004590   Data          88  spi.o(.bss)
    MTR_tMotor                               0x200045e8   Data         208  motor.o(.bss)
    tRemoteControlMap                        0x200046b8   Data          24  rf.o(.bss)
    unRF905_SPI_RX_Frame                     0x200046d0   Data          17  rf.o(.bss)
    hpcd_USB_OTG_FS                          0x20004704   Data         952  usb_otg.o(.bss)
    hrng                                     0x20004abc   Data          12  rng.o(.bss)
    __initial_sp                             0x200052c8   Data           0  startup_stm32f407xx.o(STACK)



==============================================================================

Memory Map of the image

  Image Entry point : 0x08000189

  Load Region LR_IROM1 (Base: 0x08000000, Size: 0x00007a88, Max: 0x00080000, ABSOLUTE, COMPRESSED[0x00007990])

    Execution Region ER_IROM1 (Base: 0x08000000, Size: 0x00007748, Max: 0x00080000, ABSOLUTE)

    Base Addr    Size         Type   Attr      Idx    E Section Name        Object

    0x08000000   0x00000188   Data   RO         1896    RESET               startup_stm32f407xx.o
    0x08000188   0x00000000   Code   RO         7038  * .ARM.Collect$$$$00000000  mc_w.l(entry.o)
    0x08000188   0x00000004   Code   RO         7049    .ARM.Collect$$$$00000001  mc_w.l(entry2.o)
    0x0800018c   0x00000004   Code   RO         7052    .ARM.Collect$$$$00000004  mc_w.l(entry5.o)
    0x08000190   0x00000000   Code   RO         7054    .ARM.Collect$$$$00000008  mc_w.l(entry7b.o)
    0x08000190   0x00000000   Code   RO         7056    .ARM.Collect$$$$0000000A  mc_w.l(entry8b.o)
    0x08000190   0x00000008   Code   RO         7057    .ARM.Collect$$$$0000000B  mc_w.l(entry9a.o)
    0x08000198   0x00000000   Code   RO         7059    .ARM.Collect$$$$0000000D  mc_w.l(entry10a.o)
    0x08000198   0x00000000   Code   RO         7061    .ARM.Collect$$$$0000000F  mc_w.l(entry11a.o)
    0x08000198   0x00000004   Code   RO         7050    .ARM.Collect$$$$00002712  mc_w.l(entry2.o)
    0x0800019c   0x000000ba   Code   RO          812    .emb_text           port.o
    0x08000256   0x00000002   PAD
    0x08000258   0x00000024   Code   RO         1897    .text               startup_stm32f407xx.o
    0x0800027c   0x00000024   Code   RO         7041    .text               mc_w.l(memcpya.o)
    0x080002a0   0x00000024   Code   RO         7043    .text               mc_w.l(memseta.o)
    0x080002c4   0x0000001a   Code   RO         7045    .text               mc_w.l(memcmp.o)
    0x080002de   0x00000002   PAD
    0x080002e0   0x00000024   Code   RO         7063    .text               mc_w.l(init.o)
    0x08000304   0x00000056   Code   RO         7073    .text               mc_w.l(__dczerorl2.o)
    0x0800035a   0x0000006e   Code   RO         5524    i.ADC_DMAConvCplt   stm32f4xx_hal_adc.o
    0x080003c8   0x0000001a   Code   RO         5525    i.ADC_DMAError      stm32f4xx_hal_adc.o
    0x080003e2   0x0000000e   Code   RO         5526    i.ADC_DMAHalfConvCplt  stm32f4xx_hal_adc.o
    0x080003f0   0x00000178   Code   RO         5527    i.ADC_Init          stm32f4xx_hal_adc.o
    0x08000568   0x00000004   Code   RO         2611    i.BusFault_Handler  stm32f4xx_it.o
    0x0800056c   0x00000010   Code   RO         2612    i.DMA1_Stream0_IRQHandler  stm32f4xx_it.o
    0x0800057c   0x00000010   Code   RO         2613    i.DMA1_Stream5_IRQHandler  stm32f4xx_it.o
    0x0800058c   0x00000010   Code   RO         2614    i.DMA2_Stream0_IRQHandler  stm32f4xx_it.o
    0x0800059c   0x00000034   Code   RO         3960    i.DMA_CalcBaseAndBitshift  stm32f4xx_hal_dma.o
    0x080005d0   0x0000002c   Code   RO         3961    i.DMA_SetConfig     stm32f4xx_hal_dma.o
    0x080005fc   0x00000004   Code   RO         2615    i.DebugMon_Handler  stm32f4xx_it.o
    0x08000600   0x0000000a   Code   RO         2616    i.EXTI3_IRQHandler  stm32f4xx_it.o
    0x0800060a   0x00000012   Code   RO          167    i.FATFS_LinkDriver  ff_gen_drv.o
    0x0800061c   0x00000054   Code   RO          168    i.FATFS_LinkDriverEx  ff_gen_drv.o
    0x08000670   0x00000194   Code   RO         5529    i.HAL_ADC_ConfigChannel  stm32f4xx_hal_adc.o
    0x08000804   0x0000004c   Code   RO         2788    i.HAL_ADC_ConvCpltCallback  motor.o
    0x08000850   0x00000002   Code   RO         5531    i.HAL_ADC_ConvHalfCpltCallback  stm32f4xx_hal_adc.o
    0x08000852   0x00000002   Code   RO         5533    i.HAL_ADC_ErrorCallback  stm32f4xx_hal_adc.o
    0x08000854   0x00000068   Code   RO         5538    i.HAL_ADC_Init      stm32f4xx_hal_adc.o
    0x080008bc   0x00000118   Code   RO         2310    i.HAL_ADC_MspInit   adc.o
    0x080009d4   0x00000148   Code   RO         5545    i.HAL_ADC_Start_DMA  stm32f4xx_hal_adc.o
    0x08000b1c   0x00000024   Code   RO         4827    i.HAL_CRC_Init      stm32f4xx_hal_crc.o
    0x08000b40   0x00000034   Code   RO         2020    i.HAL_CRC_MspInit   crc.o
    0x08000b74   0x00000218   Code   RO         3966    i.HAL_DMA_IRQHandler  stm32f4xx_hal_dma.o
    0x08000d8c   0x00000084   Code   RO         3967    i.HAL_DMA_Init      stm32f4xx_hal_dma.o
    0x08000e10   0x0000006a   Code   RO         3970    i.HAL_DMA_Start_IT  stm32f4xx_hal_dma.o
    0x08000e7a   0x0000001a   Code   RO         4348    i.HAL_Delay         stm32f4xx_hal.o
    0x08000e94   0x00000044   Code   RO         2891    i.HAL_GPIO_EXTI_Callback  rf.o
    0x08000ed8   0x0000001c   Code   RO         6172    i.HAL_GPIO_EXTI_IRQHandler  stm32f4xx_hal_gpio.o
    0x08000ef4   0x0000020c   Code   RO         6173    i.HAL_GPIO_Init     stm32f4xx_hal_gpio.o
    0x08001100   0x00000010   Code   RO         6175    i.HAL_GPIO_ReadPin  stm32f4xx_hal_gpio.o
    0x08001110   0x00000008   Code   RO         6176    i.HAL_GPIO_TogglePin  stm32f4xx_hal_gpio.o
    0x08001118   0x0000000c   Code   RO         6177    i.HAL_GPIO_WritePin  stm32f4xx_hal_gpio.o
    0x08001124   0x0000000c   Code   RO         4354    i.HAL_GetTick       stm32f4xx_hal.o
    0x08001130   0x00000128   Code   RO         6400    i.HAL_I2C_Init      stm32f4xx_hal_i2c.o
    0x08001258   0x000000a4   Code   RO         2540    i.HAL_I2C_MspInit   i2c.o
    0x080012fc   0x0000004c   Code   RO         3913    i.HAL_IWDG_Init     stm32f4xx_hal_iwdg.o
    0x08001348   0x00000002   Code   RO         3914    i.HAL_IWDG_MspInit  stm32f4xx_hal_iwdg.o
    0x0800134a   0x00000002   PAD
    0x0800134c   0x00000010   Code   RO         4355    i.HAL_IncTick       stm32f4xx_hal.o
    0x0800135c   0x0000003c   Code   RO         4356    i.HAL_Init          stm32f4xx_hal.o
    0x08001398   0x0000008c   Code   RO         2239    i.HAL_InitTick      stm32f4xx_hal_timebase_tim.o
    0x08001424   0x00000042   Code   RO         2285    i.HAL_MspInit       stm32f4xx_hal_msp.o
    0x08001466   0x0000001a   Code   RO         6820    i.HAL_NVIC_EnableIRQ  stm32f4xx_hal_cortex.o
    0x08001480   0x0000007c   Code   RO         6826    i.HAL_NVIC_SetPriority  stm32f4xx_hal_cortex.o
    0x080014fc   0x00000028   Code   RO         6827    i.HAL_NVIC_SetPriorityGrouping  stm32f4xx_hal_cortex.o
    0x08001524   0x00000002   Code   RO         4609    i.HAL_PCD_ConnectCallback  stm32f4xx_hal_pcd.o
    0x08001526   0x00000002   Code   RO         4610    i.HAL_PCD_DataInStageCallback  stm32f4xx_hal_pcd.o
    0x08001528   0x00000002   Code   RO         4611    i.HAL_PCD_DataOutStageCallback  stm32f4xx_hal_pcd.o
    0x0800152a   0x00000002   Code   RO         4616    i.HAL_PCD_DisconnectCallback  stm32f4xx_hal_pcd.o
    0x0800152c   0x0000055e   Code   RO         4626    i.HAL_PCD_IRQHandler  stm32f4xx_hal_pcd.o
    0x08001a8a   0x00000002   Code   RO         4627    i.HAL_PCD_ISOINIncompleteCallback  stm32f4xx_hal_pcd.o
    0x08001a8c   0x00000002   Code   RO         4628    i.HAL_PCD_ISOOUTIncompleteCallback  stm32f4xx_hal_pcd.o
    0x08001a8e   0x00000142   Code   RO         4629    i.HAL_PCD_Init      stm32f4xx_hal_pcd.o
    0x08001bd0   0x0000007c   Code   RO         3023    i.HAL_PCD_MspInit   usb_otg.o
    0x08001c4c   0x00000002   Code   RO         4632    i.HAL_PCD_ResetCallback  stm32f4xx_hal_pcd.o
    0x08001c4e   0x00000002   Code   RO         4633    i.HAL_PCD_ResumeCallback  stm32f4xx_hal_pcd.o
    0x08001c50   0x00000002   Code   RO         4634    i.HAL_PCD_SOFCallback  stm32f4xx_hal_pcd.o
    0x08001c52   0x00000002   Code   RO         4636    i.HAL_PCD_SetupStageCallback  stm32f4xx_hal_pcd.o
    0x08001c54   0x00000002   Code   RO         4639    i.HAL_PCD_SuspendCallback  stm32f4xx_hal_pcd.o
    0x08001c56   0x00000002   PAD
    0x08001c58   0x000001a4   Code   RO         3518    i.HAL_RCC_ClockConfig  stm32f4xx_hal_rcc.o
    0x08001dfc   0x00000044   Code   RO         3522    i.HAL_RCC_GetClockConfig  stm32f4xx_hal_rcc.o
    0x08001e40   0x00000038   Code   RO         3523    i.HAL_RCC_GetHCLKFreq  stm32f4xx_hal_rcc.o
    0x08001e78   0x0000002c   Code   RO         3525    i.HAL_RCC_GetPCLK1Freq  stm32f4xx_hal_rcc.o
    0x08001ea4   0x0000002c   Code   RO         3526    i.HAL_RCC_GetPCLK2Freq  stm32f4xx_hal_rcc.o
    0x08001ed0   0x000000b4   Code   RO         3527    i.HAL_RCC_GetSysClockFreq  stm32f4xx_hal_rcc.o
    0x08001f84   0x0000039c   Code   RO         3530    i.HAL_RCC_OscConfig  stm32f4xx_hal_rcc.o
    0x08002320   0x0000004a   Code   RO         6953    i.HAL_RNG_Init      stm32f4xx_hal_rng.o
    0x0800236a   0x00000002   PAD
    0x0800236c   0x00000034   Code   RO         3065    i.HAL_RNG_MspInit   rng.o
    0x080023a0   0x00000098   Code   RO         2091    i.HAL_SPI_ErrorCallback  main.o
    0x08002438   0x00000006   Code   RO         5699    i.HAL_SPI_GetError  stm32f4xx_hal_spi.o
    0x0800243e   0x000000de   Code   RO         5701    i.HAL_SPI_IRQHandler  stm32f4xx_hal_spi.o
    0x0800251c   0x000000a0   Code   RO         5702    i.HAL_SPI_Init      stm32f4xx_hal_spi.o
    0x080025bc   0x000001a0   Code   RO         2735    i.HAL_SPI_MspInit   spi.o
    0x0800275c   0x0000008c   Code   RO         2092    i.HAL_SPI_RxCpltCallback  main.o
    0x080027e8   0x00000002   Code   RO         5709    i.HAL_SPI_RxHalfCpltCallback  stm32f4xx_hal_spi.o
    0x080027ea   0x00000196   Code   RO         5710    i.HAL_SPI_Transmit  stm32f4xx_hal_spi.o
    0x08002980   0x00000150   Code   RO         5712    i.HAL_SPI_TransmitReceive_DMA  stm32f4xx_hal_spi.o
    0x08002ad0   0x000000e4   Code   RO         5713    i.HAL_SPI_TransmitReceive_IT  stm32f4xx_hal_spi.o
    0x08002bb4   0x000000f0   Code   RO         5714    i.HAL_SPI_Transmit_DMA  stm32f4xx_hal_spi.o
    0x08002ca4   0x0000004c   Code   RO         2093    i.HAL_SPI_TxCpltCallback  main.o
    0x08002cf0   0x00000002   Code   RO         5717    i.HAL_SPI_TxHalfCpltCallback  stm32f4xx_hal_spi.o
    0x08002cf2   0x00000002   PAD
    0x08002cf4   0x0000008c   Code   RO         2094    i.HAL_SPI_TxRxCpltCallback  main.o
    0x08002d80   0x00000002   Code   RO         5719    i.HAL_SPI_TxRxHalfCpltCallback  stm32f4xx_hal_spi.o
    0x08002d82   0x00000028   Code   RO         6829    i.HAL_SYSTICK_CLKSourceConfig  stm32f4xx_hal_cortex.o
    0x08002daa   0x00000034   Code   RO         6831    i.HAL_SYSTICK_Config  stm32f4xx_hal_cortex.o
    0x08002dde   0x00000002   Code   RO         4043    i.HAL_TIMEx_BreakCallback  stm32f4xx_hal_tim_ex.o
    0x08002de0   0x00000002   Code   RO         4044    i.HAL_TIMEx_CommutationCallback  stm32f4xx_hal_tim_ex.o
    0x08002de2   0x00000062   Code   RO         4060    i.HAL_TIMEx_MasterConfigSynchronization  stm32f4xx_hal_tim_ex.o
    0x08002e44   0x00000034   Code   RO         4885    i.HAL_TIM_Base_Init  stm32f4xx_hal_tim.o
    0x08002e78   0x000000dc   Code   RO         1960    i.HAL_TIM_Base_MspInit  tim.o
    0x08002f54   0x0000001e   Code   RO         4888    i.HAL_TIM_Base_Start  stm32f4xx_hal_tim.o
    0x08002f72   0x0000001e   Code   RO         4890    i.HAL_TIM_Base_Start_IT  stm32f4xx_hal_tim.o
    0x08002f90   0x00000038   Code   RO         4893    i.HAL_TIM_Base_Stop_IT  stm32f4xx_hal_tim.o
    0x08002fc8   0x00000132   Code   RO         4894    i.HAL_TIM_ConfigClockSource  stm32f4xx_hal_tim.o
    0x080030fa   0x00000002   Code   RO         4914    i.HAL_TIM_IC_CaptureCallback  stm32f4xx_hal_tim.o
    0x080030fc   0x00000196   Code   RO         4927    i.HAL_TIM_IRQHandler  stm32f4xx_hal_tim.o
    0x08003292   0x00000002   Code   RO         4930    i.HAL_TIM_OC_DelayElapsedCallback  stm32f4xx_hal_tim.o
    0x08003294   0x0000004c   Code   RO         4944    i.HAL_TIM_OnePulse_Init  stm32f4xx_hal_tim.o
    0x080032e0   0x00000002   Code   RO         4946    i.HAL_TIM_OnePulse_MspInit  stm32f4xx_hal_tim.o
    0x080032e2   0x00000002   Code   RO         4957    i.HAL_TIM_PWM_PulseFinishedCallback  stm32f4xx_hal_tim.o
    0x080032e4   0x0000000a   Code   RO         2242    i.HAL_TIM_PeriodElapsedCallback  stm32f4xx_hal_timebase_tim.o
    0x080032ee   0x00000002   Code   RO         4968    i.HAL_TIM_TriggerCallback  stm32f4xx_hal_tim.o
    0x080032f0   0x00000072   Code   RO         3686    i.HAL_UART_Init     stm32f4xx_hal_uart.o
    0x08003362   0x00000002   PAD
    0x08003364   0x00000100   Code   RO         2450    i.HAL_UART_MspInit  usart.o
    0x08003464   0x00000004   Code   RO         2617    i.HardFault_Handler  stm32f4xx_it.o
    0x08003468   0x000000f4   Code   RO         2789    i.MTR_MotorComm     motor.o
    0x0800355c   0x0000008c   Code   RO         2790    i.MTR_analyzeReadData  motor.o
    0x080035e8   0x00000024   Code   RO         2791    i.MTR_calculateMotorSpeedADC  motor.o
    0x0800360c   0x00000068   Code   RO         2792    i.MTR_ctrlMotor     motor.o
    0x08003674   0x00000168   Code   RO         2793    i.MTR_unReadMotorStatus  motor.o
    0x080037dc   0x0000004c   Code   RO         2311    i.MX_ADC1_Init      adc.o
    0x08003828   0x0000004c   Code   RO         2312    i.MX_ADC2_Init      adc.o
    0x08003874   0x00000054   Code   RO         2313    i.MX_ADC3_Init      adc.o
    0x080038c8   0x00000018   Code   RO         2021    i.MX_CRC_Init       crc.o
    0x080038e0   0x00000078   Code   RO         2587    i.MX_DMA_Init       dma.o
    0x08003958   0x0000001c   Code   RO         2503    i.MX_FATFS_Init     fatfs.o
    0x08003974   0x0000016c   Code   RO         2386    i.MX_FREERTOS_Init  freertos.o
    0x08003ae0   0x00000204   Code   RO         2425    i.MX_GPIO_Init      gpio.o
    0x08003ce4   0x00000038   Code   RO         2541    i.MX_I2C1_Init      i2c.o
    0x08003d1c   0x00000038   Code   RO         2542    i.MX_I2C2_Init      i2c.o
    0x08003d54   0x00000024   Code   RO         2061    i.MX_IWDG_Init      iwdg.o
    0x08003d78   0x00000018   Code   RO         3066    i.MX_RNG_Init       rng.o
    0x08003d90   0x00000002   Code   RO         2363    i.MX_SDIO_Init      sdio.o
    0x08003d92   0x00000002   PAD
    0x08003d94   0x00000044   Code   RO         2736    i.MX_SPI1_Init      spi.o
    0x08003dd8   0x0000003c   Code   RO         2737    i.MX_SPI2_Init      spi.o
    0x08003e14   0x00000040   Code   RO         2738    i.MX_SPI3_Init      spi.o
    0x08003e54   0x0000002c   Code   RO         1961    i.MX_TIM13_Init     tim.o
    0x08003e80   0x00000030   Code   RO         1962    i.MX_TIM14_Init     tim.o
    0x08003eb0   0x0000004c   Code   RO         1963    i.MX_TIM2_Init      tim.o
    0x08003efc   0x00000038   Code   RO         1964    i.MX_TIM6_Init      tim.o
    0x08003f34   0x00000030   Code   RO         2451    i.MX_USART1_UART_Init  usart.o
    0x08003f64   0x00000030   Code   RO         2452    i.MX_USART2_UART_Init  usart.o
    0x08003f94   0x00000030   Code   RO         2453    i.MX_USART3_UART_Init  usart.o
    0x08003fc4   0x00000038   Code   RO         3024    i.MX_USB_OTG_FS_PCD_Init  usb_otg.o
    0x08003ffc   0x00000020   Code   RO         2095    i.M_handleErr       main.o
    0x0800401c   0x00000004   Code   RO         2618    i.MemManage_Handler  stm32f4xx_it.o
    0x08004020   0x00000002   Code   RO         2619    i.NMI_Handler       stm32f4xx_it.o
    0x08004022   0x00000002   PAD
    0x08004024   0x00000010   Code   RO         6833    i.NVIC_GetPriorityGrouping  stm32f4xx_hal_cortex.o
    0x08004034   0x00000028   Code   RO         6834    i.NVIC_SetPriority  stm32f4xx_hal_cortex.o
    0x0800405c   0x00000010   Code   RO         2620    i.OTG_FS_IRQHandler  stm32f4xx_it.o
    0x0800406c   0x000000a2   Code   RO         4640    i.PCD_WriteEmptyTxFifo  stm32f4xx_hal_pcd.o
    0x0800410e   0x00000002   PAD
    0x08004110   0x00000044   Code   RO         2994    i.RTN_updateMotor   routine.o
    0x08004154   0x00000010   Code   RO         2621    i.SPI1_IRQHandler   stm32f4xx_it.o
    0x08004164   0x00000048   Code   RO         5720    i.SPI_2linesRxISR_16BIT  stm32f4xx_hal_spi.o
    0x080041ac   0x00000028   Code   RO         5721    i.SPI_2linesRxISR_16BITCRC  stm32f4xx_hal_spi.o
    0x080041d4   0x00000048   Code   RO         5722    i.SPI_2linesRxISR_8BIT  stm32f4xx_hal_spi.o
    0x0800421c   0x0000002a   Code   RO         5723    i.SPI_2linesRxISR_8BITCRC  stm32f4xx_hal_spi.o
    0x08004246   0x00000048   Code   RO         5724    i.SPI_2linesTxISR_16BIT  stm32f4xx_hal_spi.o
    0x0800428e   0x00000046   Code   RO         5725    i.SPI_2linesTxISR_8BIT  stm32f4xx_hal_spi.o
    0x080042d4   0x00000028   Code   RO         5726    i.SPI_CheckFlag_BSY  stm32f4xx_hal_spi.o
    0x080042fc   0x0000002a   Code   RO         5727    i.SPI_CheckForDisablingSPI  stm32f4xx_hal_spi.o
    0x08004326   0x0000008a   Code   RO         5728    i.SPI_CloseRxTx_ISR  stm32f4xx_hal_spi.o
    0x080043b0   0x00000028   Code   RO         5731    i.SPI_DMAError      stm32f4xx_hal_spi.o
    0x080043d8   0x0000000e   Code   RO         5732    i.SPI_DMAHalfReceiveCplt  stm32f4xx_hal_spi.o
    0x080043e6   0x0000000e   Code   RO         5733    i.SPI_DMAHalfTransmitCplt  stm32f4xx_hal_spi.o
    0x080043f4   0x0000000e   Code   RO         5734    i.SPI_DMAHalfTransmitReceiveCplt  stm32f4xx_hal_spi.o
    0x08004402   0x000000a2   Code   RO         5735    i.SPI_DMAReceiveCplt  stm32f4xx_hal_spi.o
    0x080044a4   0x00000072   Code   RO         5736    i.SPI_DMATransmitCplt  stm32f4xx_hal_spi.o
    0x08004516   0x000000a8   Code   RO         5737    i.SPI_DMATransmitReceiveCplt  stm32f4xx_hal_spi.o
    0x080045be   0x000000a0   Code   RO         5744    i.SPI_WaitFlagStateUntilTimeout  stm32f4xx_hal_spi.o
    0x0800465e   0x0000000e   Code   RO         2387    i.StartDefaultTask  freertos.o
    0x0800466c   0x00000008   Code   RO         2622    i.SysTick_Handler   stm32f4xx_it.o
    0x08004674   0x000000bc   Code   RO         2096    i.SystemClock_Config  main.o
    0x08004730   0x00000064   Code   RO            5    i.SystemInit        system_stm32f4xx.o
    0x08004794   0x00000010   Code   RO         2623    i.TIM1_UP_TIM10_IRQHandler  stm32f4xx_it.o
    0x080047a4   0x00000048   Code   RO         2624    i.TIM6_DAC_IRQHandler  stm32f4xx_it.o
    0x080047ec   0x0000004c   Code   RO         2625    i.TIM8_UP_TIM13_IRQHandler  stm32f4xx_it.o
    0x08004838   0x000000e4   Code   RO         4969    i.TIM_Base_SetConfig  stm32f4xx_hal_tim.o
    0x0800491c   0x00000018   Code   RO         4976    i.TIM_ETR_SetConfig  stm32f4xx_hal_tim.o
    0x08004934   0x00000014   Code   RO         4977    i.TIM_ITRx_SetConfig  stm32f4xx_hal_tim.o
    0x08004948   0x0000002a   Code   RO         4983    i.TIM_TI1_ConfigInputStage  stm32f4xx_hal_tim.o
    0x08004972   0x0000002c   Code   RO         4985    i.TIM_TI2_ConfigInputStage  stm32f4xx_hal_tim.o
    0x0800499e   0x00000002   PAD
    0x080049a0   0x00000368   Code   RO         3706    i.UART_SetConfig    stm32f4xx_hal_uart.o
    0x08004d08   0x00000044   Code   RO         3126    i.USB_ActivateSetup  stm32f4xx_ll_usb.o
    0x08004d4c   0x00000070   Code   RO         3128    i.USB_CoreInit      stm32f4xx_ll_usb.o
    0x08004dbc   0x0000004c   Code   RO         3129    i.USB_CoreReset     stm32f4xx_ll_usb.o
    0x08004e08   0x0000001e   Code   RO         3133    i.USB_DevDisconnect  stm32f4xx_ll_usb.o
    0x08004e26   0x00000002   PAD
    0x08004e28   0x0000019c   Code   RO         3134    i.USB_DevInit       stm32f4xx_ll_usb.o
    0x08004fc4   0x0000000e   Code   RO         3135    i.USB_DisableGlobalInt  stm32f4xx_ll_usb.o
    0x08004fd2   0x00000044   Code   RO         3139    i.USB_EP0_OutStart  stm32f4xx_ll_usb.o
    0x08005016   0x00000002   PAD
    0x08005018   0x0000002c   Code   RO         3144    i.USB_FlushRxFifo   stm32f4xx_ll_usb.o
    0x08005044   0x00000030   Code   RO         3145    i.USB_FlushTxFifo   stm32f4xx_ll_usb.o
    0x08005074   0x00000044   Code   RO         3147    i.USB_GetDevSpeed   stm32f4xx_ll_usb.o
    0x080050b8   0x0000000a   Code   RO         3149    i.USB_GetMode       stm32f4xx_ll_usb.o
    0x080050c2   0x00000012   Code   RO         3156    i.USB_ReadDevAllInEpInterrupt  stm32f4xx_ll_usb.o
    0x080050d4   0x00000012   Code   RO         3157    i.USB_ReadDevAllOutEpInterrupt  stm32f4xx_ll_usb.o
    0x080050e6   0x0000002c   Code   RO         3158    i.USB_ReadDevInEPInterrupt  stm32f4xx_ll_usb.o
    0x08005112   0x00000016   Code   RO         3159    i.USB_ReadDevOutEPInterrupt  stm32f4xx_ll_usb.o
    0x08005128   0x0000000c   Code   RO         3160    i.USB_ReadInterrupts  stm32f4xx_ll_usb.o
    0x08005134   0x00000022   Code   RO         3161    i.USB_ReadPacket    stm32f4xx_ll_usb.o
    0x08005156   0x00000030   Code   RO         3163    i.USB_SetCurrentMode  stm32f4xx_ll_usb.o
    0x08005186   0x00000010   Code   RO         3165    i.USB_SetDevSpeed   stm32f4xx_ll_usb.o
    0x08005196   0x00000030   Code   RO         3168    i.USB_WritePacket   stm32f4xx_ll_usb.o
    0x080051c6   0x00000002   PAD
    0x080051c8   0x0000001c   Code   RO         1904    i.USER_initialize   user_diskio.o
    0x080051e4   0x00000008   Code   RO         1905    i.USER_ioctl        user_diskio.o
    0x080051ec   0x00000008   Code   RO         1906    i.USER_read         user_diskio.o
    0x080051f4   0x0000001c   Code   RO         1907    i.USER_status       user_diskio.o
    0x08005210   0x00000008   Code   RO         1908    i.USER_write        user_diskio.o
    0x08005218   0x00000004   Code   RO         2626    i.UsageFault_Handler  stm32f4xx_it.o
    0x0800521c   0x0000007c   Code   RO         2892    i.WL_WaitPinRiseWithTimeout  rf.o
    0x08005298   0x00000148   Code   RO         2893    i.WL_startRFComm    rf.o
    0x080053e0   0x0000000e   Code   RO         7067    i.__scatterload_copy  mc_w.l(handlers.o)
    0x080053ee   0x00000002   Code   RO         7068    i.__scatterload_null  mc_w.l(handlers.o)
    0x080053f0   0x0000000e   Code   RO         7069    i.__scatterload_zeroinit  mc_w.l(handlers.o)
    0x080053fe   0x0000000c   Code   RO         2097    i.blinkDemoLED      main.o
    0x0800540a   0x00000002   PAD
    0x0800540c   0x00000038   Code   RO         2794    i.calCRC16          motor.o
    0x08005444   0x00000024   Code   RO         2795    i.deselectMotor     motor.o
    0x08005468   0x00000010   Code   RO         1552    i.inHandlerMode     cmsis_os.o
    0x08005478   0x00000002   Code   RO         2098    i.initBrainVar      main.o
    0x0800547a   0x00000002   PAD
    0x0800547c   0x00000088   Code   RO         2099    i.main              main.o
    0x08005504   0x0000000e   Code   RO         1554    i.makeFreeRtosPriority  cmsis_os.o
    0x08005512   0x0000001e   Code   RO         2894    i.nGetAddrFromCH_NO  rf.o
    0x08005530   0x0000009c   Code   RO         2895    i.nRF905CR_Initial  rf.o
    0x080055cc   0x00000070   Code   RO         2896    i.nRF905ChnPwrManager  rf.o
    0x0800563c   0x0000004c   Code   RO         2897    i.nRF905SendFrame   rf.o
    0x08005688   0x00000068   Code   RO         2898    i.nRF905_SPI_RD     rf.o
    0x080056f0   0x00000068   Code   RO         2899    i.nRF905_SPI_WR     rf.o
    0x08005758   0x00000006   Code   RO         2900    i.nWirelessDataManager  rf.o
    0x0800575e   0x00000018   Code   RO         1555    i.osDelay           cmsis_os.o
    0x08005776   0x0000000a   Code   RO         1558    i.osKernelStart     cmsis_os.o
    0x08005780   0x00000012   Code   RO         1566    i.osMessageCreate   cmsis_os.o
    0x08005792   0x00000032   Code   RO         1581    i.osSemaphoreCreate  cmsis_os.o
    0x080057c4   0x0000006c   Code   RO         1584    i.osSemaphoreWait   cmsis_os.o
    0x08005830   0x00000010   Code   RO         1587    i.osSystickHandler  cmsis_os.o
    0x08005840   0x0000003a   Code   RO         1588    i.osThreadCreate    cmsis_os.o
    0x0800587a   0x00000002   PAD
    0x0800587c   0x00000054   Code   RO          996    i.prvAddCurrentTaskToDelayedList  tasks.o
    0x080058d0   0x00000042   Code   RO          997    i.prvAllocateTCBAndStack  tasks.o
    0x08005912   0x00000002   PAD
    0x08005914   0x00000064   Code   RO          998    i.prvCheckTasksWaitingTermination  tasks.o
    0x08005978   0x0000002a   Code   RO         1307    i.prvCopyDataFromQueue  queue.o
    0x080059a2   0x00000080   Code   RO         1308    i.prvCopyDataToQueue  queue.o
    0x08005a22   0x00000012   Code   RO          999    i.prvDeleteTCB      tasks.o
    0x08005a34   0x0000007c   Code   RO          938    i.prvHeapInit       heap_4.o
    0x08005ab0   0x00000028   Code   RO         1000    i.prvIdleTask       tasks.o
    0x08005ad8   0x00000062   Code   RO         1001    i.prvInitialiseTCBVariables  tasks.o
    0x08005b3a   0x00000002   PAD
    0x08005b3c   0x00000068   Code   RO         1002    i.prvInitialiseTaskLists  tasks.o
    0x08005ba4   0x00000068   Code   RO          939    i.prvInsertBlockIntoFreeList  heap_4.o
    0x08005c0c   0x0000001a   Code   RO         1309    i.prvIsQueueEmpty   queue.o
    0x08005c26   0x0000001e   Code   RO         1310    i.prvIsQueueFull    queue.o
    0x08005c44   0x00000034   Code   RO         1004    i.prvResetNextTaskUnblockTime  tasks.o
    0x08005c78   0x00000040   Code   RO          813    i.prvTaskExitError  port.o
    0x08005cb8   0x0000007e   Code   RO         1311    i.prvUnlockQueue    queue.o
    0x08005d36   0x00000002   PAD
    0x08005d38   0x0000013c   Code   RO          940    i.pvPortMalloc      heap_4.o
    0x08005e74   0x00000020   Code   RO         1007    i.pvTaskIncrementMutexHeldCount  tasks.o
    0x08005e94   0x00000028   Code   RO          814    i.pxPortInitialiseStack  port.o
    0x08005ebc   0x00000140   Code   RO         2796    i.readFromMotor     motor.o
    0x08005ffc   0x00000024   Code   RO         2797    i.selectMotor       motor.o
    0x08006020   0x00000070   Code   RO         2901    i.setNRF905Mode     rf.o
    0x08006090   0x00000024   Code   RO         2798    i.setTargetDutyAccdToADC  motor.o
    0x080060b4   0x00000028   Code   RO          896    i.uxListRemove      list.o
    0x080060dc   0x0000001a   Code   RO          897    i.vListInitialise   list.o
    0x080060f6   0x00000006   Code   RO          898    i.vListInitialiseItem  list.o
    0x080060fc   0x00000034   Code   RO          899    i.vListInsert       list.o
    0x08006130   0x00000018   Code   RO          900    i.vListInsertEnd    list.o
    0x08006148   0x00000054   Code   RO          816    i.vPortEnterCritical  port.o
    0x0800619c   0x0000003c   Code   RO          817    i.vPortExitCritical  port.o
    0x080061d8   0x00000094   Code   RO          941    i.vPortFree         heap_4.o
    0x0800626c   0x00000020   Code   RO          818    i.vPortSetupTimerInterrupt  port.o
    0x0800628c   0x00000078   Code   RO          819    i.vPortValidateInterruptPriority  port.o
    0x08006304   0x0000008c   Code   RO         1015    i.vTaskDelay        tasks.o
    0x08006390   0x0000000c   Code   RO         1019    i.vTaskMissedYield  tasks.o
    0x0800639c   0x0000007c   Code   RO         1021    i.vTaskPlaceOnEventList  tasks.o
    0x08006418   0x000000b0   Code   RO         1023    i.vTaskPriorityInherit  tasks.o
    0x080064c8   0x00000030   Code   RO         1027    i.vTaskSetTimeOutState  tasks.o
    0x080064f8   0x00000074   Code   RO         1028    i.vTaskStartScheduler  tasks.o
    0x0800656c   0x000000e8   Code   RO         1029    i.vTaskSuspend      tasks.o
    0x08006654   0x00000010   Code   RO         1030    i.vTaskSuspendAll   tasks.o
    0x08006664   0x0000008c   Code   RO         1031    i.vTaskSwitchContext  tasks.o
    0x080066f0   0x00000040   Code   RO         2902    i.waitPinCleaning   rf.o
    0x08006730   0x000000ec   Code   RO         2799    i.writeToMotor      motor.o
    0x0800681c   0x0000013c   Code   RO          820    i.xPortStartScheduler  port.o
    0x08006958   0x00000034   Code   RO          821    i.xPortSysTickHandler  port.o
    0x0800698c   0x00000074   Code   RO         1321    i.xQueueCreateCountingSemaphore  queue.o
    0x08006a00   0x0000008c   Code   RO         1323    i.xQueueGenericCreate  queue.o
    0x08006a8c   0x000001ac   Code   RO         1324    i.xQueueGenericReceive  queue.o
    0x08006c38   0x00000094   Code   RO         1325    i.xQueueGenericReset  queue.o
    0x08006ccc   0x000001a0   Code   RO         1326    i.xQueueGenericSend  queue.o
    0x08006e6c   0x000000d6   Code   RO         1328    i.xQueueGiveFromISR  queue.o
    0x08006f42   0x000000bc   Code   RO         1332    i.xQueueReceiveFromISR  queue.o
    0x08006ffe   0x00000002   PAD
    0x08007000   0x0000008c   Code   RO         1032    i.xTaskCheckForTimeOut  tasks.o
    0x0800708c   0x00000170   Code   RO         1033    i.xTaskGenericCreate  tasks.o
    0x080071fc   0x00000020   Code   RO         1036    i.xTaskGetSchedulerState  tasks.o
    0x0800721c   0x0000014c   Code   RO         1039    i.xTaskIncrementTick  tasks.o
    0x08007368   0x000000c8   Code   RO         1042    i.xTaskPriorityDisinherit  tasks.o
    0x08007430   0x00000098   Code   RO         1043    i.xTaskRemoveFromEventList  tasks.o
    0x080074c8   0x00000104   Code   RO         1045    i.xTaskResumeAll    tasks.o
    0x080075cc   0x00000011   Data   RO         2101    .constdata          main.o
    0x080075dd   0x00000003   PAD
    0x080075e0   0x00000080   Data   RO         2388    .constdata          freertos.o
    0x08007660   0x00000008   Data   RO         2801    .constdata          motor.o
    0x08007668   0x00000049   Data   RO         2904    .constdata          rf.o
    0x080076b1   0x00000010   Data   RO         3531    .constdata          stm32f4xx_hal_rcc.o
    0x080076c1   0x00000008   Data   RO         3971    .constdata          stm32f4xx_hal_dma.o
    0x080076c9   0x00000003   PAD
    0x080076cc   0x00000059   Data   RO         2389    .conststring        freertos.o
    0x08007725   0x00000003   PAD
    0x08007728   0x00000020   Data   RO         7065    Region$$Table       anon$$obj.o


    Execution Region RW_IRAM1 (Base: 0x20000000, Size: 0x000052c8, Max: 0x00020000, ABSOLUTE, COMPRESSED[0x00000248])

    Base Addr    Size         Type   Attr      Idx    E Section Name        Object

    0x20000000   0x00000004   Data   RW            7    .data               system_stm32f4xx.o
    0x20000004   0x0000000c   Data   RW          822    .data               port.o
    0x20000010   0x00000018   Data   RW          946    .data               heap_4.o
    0x20000028   0x00000038   Data   RW         1048    .data               tasks.o
    0x20000060   0x00000018   Data   RW         1909    .data               user_diskio.o
    0x20000078   0x00000008   Data   RW         2022    .data               crc.o
    0x20000080   0x00000014   Data   RW         2102    .data               main.o
    0x20000094   0x00000034   Data   RW         2390    .data               freertos.o
    0x200000c8   0x00000005   Data   RW         2505    .data               fatfs.o
    0x200000cd   0x00000003   PAD
    0x200000d0   0x00000008   Data   RW         2627    .data               stm32f4xx_it.o
    0x200000d8   0x00000256   Data   RW         2802    .data               motor.o
    0x2000032e   0x00000002   PAD
    0x20000330   0x0000000a   Data   RW         2905    .data               rf.o
    0x2000033a   0x00000002   PAD
    0x2000033c   0x00000004   Data   RW         4362    .data               stm32f4xx_hal.o
    0x20000340   0x0000000c   Zero   RW          171    .bss                ff_gen_drv.o
    0x2000034c   0x00003c00   Zero   RW          945    .bss                heap_4.o
    0x20003f4c   0x000000f0   Zero   RW         1047    .bss                tasks.o
    0x2000403c   0x000000f0   Zero   RW         1965    .bss                tim.o
    0x2000412c   0x00000010   Zero   RW         2062    .bss                iwdg.o
    0x2000413c   0x00000040   Zero   RW         2100    .bss                main.o
    0x2000417c   0x0000003c   Zero   RW         2243    .bss                stm32f4xx_hal_timebase_tim.o
    0x200041b8   0x00000130   Zero   RW         2314    .bss                adc.o
    0x200042e8   0x000000c0   Zero   RW         2454    .bss                usart.o
    0x200043a8   0x00000088   Zero   RW         2543    .bss                i2c.o
    0x20004430   0x000001b8   Zero   RW         2739    .bss                spi.o
    0x200045e8   0x000000d0   Zero   RW         2800    .bss                motor.o
    0x200046b8   0x0000004b   Zero   RW         2903    .bss                rf.o
    0x20004703   0x00000001   PAD
    0x20004704   0x000003b8   Zero   RW         3025    .bss                usb_otg.o
    0x20004abc   0x0000000c   Zero   RW         3067    .bss                rng.o
    0x20004ac8   0x00000800   Zero   RW         1894    STACK               startup_stm32f407xx.o


==============================================================================

Image component sizes


      Code (inc. data)   RO Data    RW Data    ZI Data      Debug   Object Name

       516         58          0          0        304       3033   adc.o
       314          4          0          0          0      17654   cmsis_os.o
        76         16          0          8          0       1503   crc.o
       120          6          0          0          0        830   dma.o
        28         12          0          5          0       1004   fatfs.o
       102          6          0          0         12      24203   ff_gen_drv.o
       378         56        217         52          0       3258   freertos.o
       516         28          0          0          0       1231   gpio.o
       692         62          0         24      15360       7327   heap_4.o
       276         44          0          0        136       2238   i2c.o
        36         10          0          0         16        699   iwdg.o
       148          0          0          0          0       3658   list.o
       878        116         17         20         64      12101   main.o
      1680        156          8        598        208      12065   motor.o
       954         90          0         12          0      17537   port.o
      2002         12          0          0          0      14209   queue.o
      1284        148         73         10         75      11735   rf.o
        76         16          0          0         12       1503   rng.o
        68         22          0          0          0        530   routine.o
         2          0          0          0          0        443   sdio.o
       608         66          0          0        440       3081   spi.o
        36          8        392          0       2048        820   startup_stm32f407xx.o
       114         16          0          4          0       3672   stm32f4xx_hal.o
      1366         64          0          0          0       6746   stm32f4xx_hal_adc.o
       338         22          0          0          0      31629   stm32f4xx_hal_cortex.o
        36          0          0          0          0       1071   stm32f4xx_hal_crc.o
       870         16          8          0          0       4515   stm32f4xx_hal_dma.o
       588         52          0          0          0       4431   stm32f4xx_hal_gpio.o
       296         10          0          0          0       2023   stm32f4xx_hal_i2c.o
        78          0          0          0          0       1699   stm32f4xx_hal_iwdg.o
        66          0          0          0          0        518   stm32f4xx_hal_msp.o
      1880          0          0          0          0      10471   stm32f4xx_hal_pcd.o
      1736         78         16          0          0       6500   stm32f4xx_hal_rcc.o
        74          0          0          0          0       1115   stm32f4xx_hal_rng.o
      2878         60          0          0          0      20233   stm32f4xx_hal_spi.o
      1324         44          0          0          0      12314   stm32f4xx_hal_tim.o
       102          0          0          0          0       2402   stm32f4xx_hal_tim_ex.o
       150         18          0          0         60       2152   stm32f4xx_hal_timebase_tim.o
       986          8          0          0          0       1880   stm32f4xx_hal_uart.o
       284         70          0          8          0       8058   stm32f4xx_it.o
      1210         36          0          0          0      14486   stm32f4xx_ll_usb.o
         0          0          0          0          0       1472   syscall.o
       100         18          0          4          0     415809   system_stm32f4xx.o
      3082        400          0         56        240      23601   tasks.o
       444         50          0          0        240       3437   tim.o
       400         50          0          0        192       2924   usart.o
       180         12          0          0        952       1733   usb_otg.o
        80          8          0         24          0       3700   user_diskio.o

    ----------------------------------------------------------------------
     29492       1968        772        832      20360     729253   Object Totals
         0          0         32          0          0          0   (incl. Generated)
        40          0          9          7          1          0   (incl. Padding)

    ----------------------------------------------------------------------

      Code (inc. data)   RO Data    RW Data    ZI Data      Debug   Library Member Name

        86          0          0          0          0          0   __dczerorl2.o
         0          0          0          0          0          0   entry.o
         0          0          0          0          0          0   entry10a.o
         0          0          0          0          0          0   entry11a.o
         8          4          0          0          0          0   entry2.o
         4          0          0          0          0          0   entry5.o
         0          0          0          0          0          0   entry7b.o
         0          0          0          0          0          0   entry8b.o
         8          4          0          0          0          0   entry9a.o
        30          0          0          0          0          0   handlers.o
        36          8          0          0          0         68   init.o
        26          0          0          0          0         80   memcmp.o
        36          0          0          0          0         68   memcpya.o
        36          0          0          0          0        108   memseta.o

    ----------------------------------------------------------------------
       272         16          0          0          0        324   Library Totals
         2          0          0          0          0          0   (incl. Padding)

    ----------------------------------------------------------------------

      Code (inc. data)   RO Data    RW Data    ZI Data      Debug   Library Name

       270         16          0          0          0        324   mc_w.l

    ----------------------------------------------------------------------
       272         16          0          0          0        324   Library Totals

    ----------------------------------------------------------------------

==============================================================================


      Code (inc. data)   RO Data    RW Data    ZI Data      Debug   

     29764       1984        772        832      20360     701957   Grand Totals
     29764       1984        772        584      20360     701957   ELF Image Totals (compressed)
     29764       1984        772        584          0          0   ROM Totals

==============================================================================

    Total RO  Size (Code + RO Data)                30536 (  29.82kB)
    Total RW  Size (RW Data + ZI Data)             21192 (  20.70kB)
    Total ROM Size (Code + RO Data + RW Data)      31120 (  30.39kB)

==============================================================================

