Component: ARM Compiler 5.06 update 1 (build 61) Tool: armlink [4d35a8]

==============================================================================

Section Cross References

    system_stm32f4xx.o(i.SystemCoreClockUpdate) refers to system_stm32f4xx.o(.data) for SystemCoreClock
    system_stm32f4xx.o(i.SystemCoreClockUpdate) refers to system_stm32f4xx.o(.constdata) for AHBPrescTable
    ff_gen_drv.o(i.FATFS_GetAttachedDriversNbr) refers to ff_gen_drv.o(.bss) for disk
    ff_gen_drv.o(i.FATFS_LinkDriver) refers to ff_gen_drv.o(i.FATFS_LinkDriverEx) for FATFS_LinkDriverEx
    ff_gen_drv.o(i.FATFS_LinkDriverEx) refers to ff_gen_drv.o(.bss) for disk
    ff_gen_drv.o(i.FATFS_UnLinkDriver) refers to ff_gen_drv.o(i.FATFS_UnLinkDriverEx) for FATFS_UnLinkDriverEx
    ff_gen_drv.o(i.FATFS_UnLinkDriverEx) refers to ff_gen_drv.o(.bss) for disk
    ccsbcs.o(i.ff_convert) refers to ccsbcs.o(.constdata) for Tbl
    ccsbcs.o(i.ff_wtoupper) refers to ccsbcs.o(.constdata) for tbl_lower
    diskio.o(i.disk_initialize) refers to ff_gen_drv.o(.bss) for disk
    diskio.o(i.disk_ioctl) refers to ff_gen_drv.o(.bss) for disk
    diskio.o(i.disk_read) refers to ff_gen_drv.o(.bss) for disk
    diskio.o(i.disk_status) refers to ff_gen_drv.o(.bss) for disk
    diskio.o(i.disk_write) refers to ff_gen_drv.o(.bss) for disk
    ff.o(i.check_fs) refers to ff.o(i.move_window) for move_window
    ff.o(i.chk_lock) refers to ff.o(.bss) for Files
    ff.o(i.clear_lock) refers to ff.o(.bss) for Files
    ff.o(i.cmp_lfn) refers to ccsbcs.o(i.ff_wtoupper) for ff_wtoupper
    ff.o(i.cmp_lfn) refers to ff.o(.constdata) for LfnOfs
    ff.o(i.create_chain) refers to ff.o(i.get_fat) for get_fat
    ff.o(i.create_chain) refers to ff.o(i.put_fat) for put_fat
    ff.o(i.create_name) refers to ff.o(i.chk_chr) for chk_chr
    ff.o(i.create_name) refers to ff.o(i.mem_set) for mem_set
    ff.o(i.create_name) refers to ccsbcs.o(i.ff_convert) for ff_convert
    ff.o(i.create_name) refers to ff.o(.constdata) for ExCvt
    ff.o(i.dec_lock) refers to ff.o(.bss) for Files
    ff.o(i.dir_alloc) refers to ff.o(i.dir_sdi) for dir_sdi
    ff.o(i.dir_alloc) refers to ff.o(i.move_window) for move_window
    ff.o(i.dir_alloc) refers to ff.o(i.dir_next) for dir_next
    ff.o(i.dir_find) refers to ff.o(i.dir_sdi) for dir_sdi
    ff.o(i.dir_find) refers to ff.o(i.move_window) for move_window
    ff.o(i.dir_find) refers to ff.o(i.cmp_lfn) for cmp_lfn
    ff.o(i.dir_find) refers to ff.o(i.sum_sfn) for sum_sfn
    ff.o(i.dir_find) refers to ff.o(i.mem_cmp) for mem_cmp
    ff.o(i.dir_find) refers to ff.o(i.dir_next) for dir_next
    ff.o(i.dir_next) refers to ff.o(i.get_fat) for get_fat
    ff.o(i.dir_next) refers to ff.o(i.create_chain) for create_chain
    ff.o(i.dir_next) refers to ff.o(i.sync_window) for sync_window
    ff.o(i.dir_next) refers to ff.o(i.mem_set) for mem_set
    ff.o(i.dir_next) refers to ff.o(i.clust2sect) for clust2sect
    ff.o(i.dir_read) refers to ff.o(i.move_window) for move_window
    ff.o(i.dir_read) refers to ff.o(i.pick_lfn) for pick_lfn
    ff.o(i.dir_read) refers to ff.o(i.sum_sfn) for sum_sfn
    ff.o(i.dir_read) refers to ff.o(i.dir_next) for dir_next
    ff.o(i.dir_register) refers to ff.o(i.mem_cpy) for mem_cpy
    ff.o(i.dir_register) refers to ff.o(i.gen_numname) for gen_numname
    ff.o(i.dir_register) refers to ff.o(i.dir_find) for dir_find
    ff.o(i.dir_register) refers to ff.o(i.dir_alloc) for dir_alloc
    ff.o(i.dir_register) refers to ff.o(i.dir_sdi) for dir_sdi
    ff.o(i.dir_register) refers to ff.o(i.sum_sfn) for sum_sfn
    ff.o(i.dir_register) refers to ff.o(i.move_window) for move_window
    ff.o(i.dir_register) refers to ff.o(i.fit_lfn) for fit_lfn
    ff.o(i.dir_register) refers to ff.o(i.dir_next) for dir_next
    ff.o(i.dir_register) refers to ff.o(i.mem_set) for mem_set
    ff.o(i.dir_remove) refers to ff.o(i.dir_sdi) for dir_sdi
    ff.o(i.dir_remove) refers to ff.o(i.move_window) for move_window
    ff.o(i.dir_remove) refers to ff.o(i.mem_set) for mem_set
    ff.o(i.dir_remove) refers to ff.o(i.dir_next) for dir_next
    ff.o(i.dir_sdi) refers to ff.o(i.get_fat) for get_fat
    ff.o(i.dir_sdi) refers to ff.o(i.clust2sect) for clust2sect
    ff.o(i.enq_lock) refers to ff.o(.bss) for Files
    ff.o(i.f_chmod) refers to ff.o(i.find_volume) for find_volume
    ff.o(i.f_chmod) refers to ff.o(i.follow_path) for follow_path
    ff.o(i.f_chmod) refers to ff.o(i.sync_fs) for sync_fs
    ff.o(i.f_chmod) refers to ff.o(i.unlock_fs) for unlock_fs
    ff.o(i.f_close) refers to ff.o(i.f_sync) for f_sync
    ff.o(i.f_close) refers to ff.o(i.validate) for validate
    ff.o(i.f_close) refers to ff.o(i.dec_lock) for dec_lock
    ff.o(i.f_close) refers to ff.o(i.unlock_fs) for unlock_fs
    ff.o(i.f_closedir) refers to ff.o(i.validate) for validate
    ff.o(i.f_closedir) refers to ff.o(i.dec_lock) for dec_lock
    ff.o(i.f_closedir) refers to ff.o(i.unlock_fs) for unlock_fs
[...]
    Stat                                     0x20000060   Data           1  user_diskio.o(.data)
    .data                                    0x20000078   Section        8  crc.o(.data)
    .data                                    0x20000080   Section       24  main.o(.data)
    tHigherPriorityTaskWoken                 0x20000084   Data           4  main.o(.data)
    tHigherPriorityTaskWoken                 0x20000088   Data           4  main.o(.data)
    tHigherPriorityTaskWoken                 0x2000008c   Data           4  main.o(.data)
    tHigherPriorityTaskWoken                 0x20000090   Data           4  main.o(.data)
    tHigherPriorityTaskWoken                 0x20000094   Data           4  main.o(.data)
    .data                                    0x20000098   Section       60  freertos.o(.data)
    .data                                    0x200000d4   Section        5  fatfs.o(.data)
    .data                                    0x200000dc   Section       12  stm32f4xx_it.o(.data)
    tHigherPriorityTaskWoken                 0x200000dc   Data           4  stm32f4xx_it.o(.data)
    tHigherPriorityTaskWoken                 0x200000e0   Data           4  stm32f4xx_it.o(.data)
    tHigherPriorityTaskWoken                 0x200000e4   Data           4  stm32f4xx_it.o(.data)
    .data                                    0x200000e8   Section      594  motor.o(.data)
    tMotorComm                               0x20000320   Data           8  motor.o(.data)
    unMotorIndex                             0x20000328   Data           1  motor.o(.data)
    unTrashData                              0x2000032a   Data           2  motor.o(.data)
    unCRC                                    0x2000032c   Data           2  motor.o(.data)
    unTrashData                              0x2000032e   Data           2  motor.o(.data)
    unCRC                                    0x20000330   Data           2  motor.o(.data)
    tMotorComm                               0x20000332   Data           8  motor.o(.data)
    .data                                    0x2000033c   Section       10  rf.o(.data)
    tNRF905ModeGlobal                        0x2000033c   Data           1  rf.o(.data)
    tHigherPriorityTaskWoken                 0x20000340   Data           4  rf.o(.data)
    tNRF905State                             0x20000344   Data           1  rf.o(.data)
    unHoppingTableIndex                      0x20000345   Data           1  rf.o(.data)
    .data                                    0x20000346   Section        5  tm_measure.o(.data)
    unTempValue                              0x20000346   Data           5  tm_measure.o(.data)
    .data                                    0x2000034c   Section        4  stm32f4xx_hal.o(.data)
    .bss                                     0x20000350   Section       12  ff_gen_drv.o(.bss)
    .bss                                     0x2000035c   Section    15360  heap_4.o(.bss)
    ucHeap                                   0x2000035c   Data       15360  heap_4.o(.bss)
    .bss                                     0x20003f5c   Section      240  tasks.o(.bss)
    pxReadyTasksLists                        0x20003f5c   Data         140  tasks.o(.bss)
    xDelayedTaskList1                        0x20003fe8   Data          20  tasks.o(.bss)
    xDelayedTaskList2                        0x20003ffc   Data          20  tasks.o(.bss)
    xPendingReadyList                        0x20004010   Data          20  tasks.o(.bss)
    xTasksWaitingTermination                 0x20004024   Data          20  tasks.o(.bss)
    xSuspendedTaskList                       0x20004038   Data          20  tasks.o(.bss)
    .bss                                     0x2000404c   Section      448  tim.o(.bss)
    .bss                                     0x2000420c   Section       16  iwdg.o(.bss)
    .bss                                     0x2000421c   Section       74  main.o(.bss)
    .bss                                     0x20004268   Section       60  stm32f4xx_hal_timebase_tim.o(.bss)
    .bss                                     0x200042a4   Section      304  adc.o(.bss)
    .bss                                     0x200043d4   Section      192  usart.o(.bss)
    .bss                                     0x20004494   Section      136  i2c.o(.bss)
    .bss                                     0x2000451c   Section      440  spi.o(.bss)
    .bss                                     0x200046d4   Section      208  motor.o(.bss)
    .bss                                     0x200047a4   Section       75  rf.o(.bss)
    unRF905_SPI_TX_Frame                     0x200047cd   Data          17  rf.o(.bss)
    unRF905_SPI_TX_Frame                     0x200047de   Data          17  rf.o(.bss)
    .bss                                     0x200047f0   Section      952  usb_otg.o(.bss)
    .bss                                     0x20004ba8   Section       12  rng.o(.bss)
    .bss                                     0x20004bb4   Section       84  tm_measure.o(.bss)
    tempMeasureRslt                          0x20004bb4   Data          84  tm_measure.o(.bss)
    STACK                                    0x20004c08   Section     2048  startup_stm32f407xx.o(STACK)

    Global Symbols

    Symbol Name                              Value     Ov Type        Size  Object(Section)

    BuildAttributes$$THM_ISAv4$E$P$D$K$B$S$7EM$VFPi3$EXTD16$VFPS$VFMA$PE$A:L22UL41UL21$X:L11$S22US41US21$IEEE1$IW$USESV6$~STKCKD$USESV7$~SHL$OSPACE$EBA8$MICROLIB$REQ8$PRES8$EABIv2 0x00000000   Number         0  anon$$obj.o ABSOLUTE
    __ARM_use_no_argv                        0x00000000   Number         0  main.o ABSOLUTE
    __cpp_initialize__aeabi_                  - Undefined Weak Reference
    __cxa_finalize                            - Undefined Weak Reference
    _clock_init                               - Undefined Weak Reference
    _microlib_exit                            - Undefined Weak Reference
    __Vectors_Size                           0x00000188   Number         0  startup_stm32f407xx.o ABSOLUTE
    __Vectors                                0x08000000   Data           4  startup_stm32f407xx.o(RESET)
    __Vectors_End                            0x08000188   Data           0  startup_stm32f407xx.o(RESET)
    __main                                   0x08000189   Thumb Code     0  entry.o(.ARM.Collect$$$$00000000)
    _main_stk                                0x08000189   Thumb Code     0  entry2.o(.ARM.Collect$$$$00000001)
    _main_scatterload                        0x0800018d   Thumb Code     0  entry5.o(.ARM.Collect$$$$00000004)
    __main_after_scatterload                 0x08000191   Thumb Code     0  entry5.o(.ARM.Collect$$$$00000004)
    _main_clock                              0x08000191   Thumb Code     0  entry7b.o(.ARM.Collect$$$$00000008)
    _main_cpp_init                           0x08000191   Thumb Code     0  entry8b.o(.ARM.Collect$$$$0000000A)
    _main_init                               0x08000191   Thumb Code     0  entry9a.o(.ARM.Collect$$$$0000000B)
    __rt_final_cpp                           0x08000199   Thumb Code     0  entry10a.o(.ARM.Collect$$$$0000000D)
    __rt_final_exit                          0x08000199   Thumb Code     0  entry11a.o(.ARM.Collect$$$$0000000F)
    SVC_Handler                              0x0800019d   Thumb Code    28  port.o(.emb_text)
    __asm___6_port_c_39a90d8d__prvStartFirstTask 0x080001bd   Thumb Code    28  port.o(.emb_text)
    __asm___6_port_c_39a90d8d__prvEnableVFP  0x080001dd   Thumb Code    16  port.o(.emb_text)
    PendSV_Handler                           0x080001f1   Thumb Code    92  port.o(.emb_text)
    vPortGetIPSR                             0x08000251   Thumb Code     6  port.o(.emb_text)
    Reset_Handler                            0x08000259   Thumb Code     8  startup_stm32f407xx.o(.text)
    CAN1_RX0_IRQHandler                      0x08000273   Thumb Code     0  startup_stm32f407xx.o(.text)
    CAN1_RX1_IRQHandler                      0x08000273   Thumb Code     0  startup_stm32f407xx.o(.text)
    CAN1_SCE_IRQHandler                      0x08000273   Thumb Code     0  startup_stm32f407xx.o(.text)
    CAN1_TX_IRQHandler                       0x08000273   Thumb Code     0  startup_stm32f407xx.o(.text)
    CAN2_RX0_IRQHandler                      0x08000273   Thumb Code     0  startup_stm32f407xx.o(.text)
    CAN2_RX1_IRQHandler                      0x08000273   Thumb Code     0  startup_stm32f407xx.o(.text)
    CAN2_SCE_IRQHandler                      0x08000273   Thumb Code     0  startup_stm32f407xx.o(.text)
    CAN2_TX_IRQHandler                       0x08000273   Thumb Code     0  startup_stm32f407xx.o(.text)
    DCMI_IRQHandler                          0x08000273   Thumb Code     0  startup_stm32f407xx.o(.text)
    DMA1_Stream1_IRQHandler                  0x08000273   Thumb Code     0  startup_stm32f407xx.o(.text)
    DMA1_Stream2_IRQHandler                  0x08000273   Thumb Code     0  startup_stm32f407xx.o(.text)
    DMA1_Stream3_IRQHandler                  0x08000273   Thumb Code     0  startup_stm32f407xx.o(.text)
    DMA1_Stream6_IRQHandler                  0x08000273   Thumb Code     0  startup_stm32f407xx.o(.text)
    DMA1_Stream7_IRQHandler                  0x08000273   Thumb Code     0  startup_stm32f407xx.o(.text)
    DMA2_Stream1_IRQHandler                  0x08000273   Thumb Code     0  startup_stm32f407xx.o(.text)
    DMA2_Stream2_IRQHandler                  0x08000273   Thumb Code     0  startup_stm32f407xx.o(.text)
    DMA2_Stream3_IRQHandler                  0x08000273   Thumb Code     0  startup_stm32f407xx.o(.text)
    DMA2_Stream4_IRQHandler                  0x08000273   Thumb Code     0  startup_stm32f407xx.o(.text)
    DMA2_Stream5_IRQHandler                  0x08000273   Thumb Code     0  startup_stm32f407xx.o(.text)
    DMA2_Stream6_IRQHandler                  0x08000273   Thumb Code     0  startup_stm32f407xx.o(.text)
    DMA2_Stream7_IRQHandler                  0x08000273   Thumb Code     0  startup_stm32f407xx.o(.text)
    ETH_IRQHandler                           0x08000273   Thumb Code     0  startup_stm32f407xx.o(.text)
    ETH_WKUP_IRQHandler                      0x08000273   Thumb Code     0  startup_stm32f407xx.o(.text)
    EXTI0_IRQHandler                         0x08000273   Thumb Code     0  startup_stm32f407xx.o(.text)
    EXTI15_10_IRQHandler                     0x08000273   Thumb Code     0  startup_stm32f407xx.o(.text)
    EXTI1_IRQHandler                         0x08000273   Thumb Code     0  startup_stm32f407xx.o(.text)
    EXTI2_IRQHandler                         0x08000273   Thumb Code     0  startup_stm32f407xx.o(.text)
    EXTI4_IRQHandler                         0x08000273   Thumb Code     0  startup_stm32f407xx.o(.text)
    EXTI9_5_IRQHandler                       0x08000273   Thumb Code     0  startup_stm32f407xx.o(.text)
    FLASH_IRQHandler                         0x08000273   Thumb Code     0  startup_stm32f407xx.o(.text)
    FMC_IRQHandler                           0x08000273   Thumb Code     0  startup_stm32f407xx.o(.text)
    FPU_IRQHandler                           0x08000273   Thumb Code     0  startup_stm32f407xx.o(.text)
    HASH_RNG_IRQHandler                      0x08000273   Thumb Code     0  startup_stm32f407xx.o(.text)
    I2C1_ER_IRQHandler                       0x08000273   Thumb Code     0  startup_stm32f407xx.o(.text)
    I2C1_EV_IRQHandler                       0x08000273   Thumb Code     0  startup_stm32f407xx.o(.text)
    I2C2_ER_IRQHandler                       0x08000273   Thumb Code     0  startup_stm32f407xx.o(.text)
    I2C2_EV_IRQHandler                       0x08000273   Thumb Code     0  startup_stm32f407xx.o(.text)
    I2C3_ER_IRQHandler                       0x08000273   Thumb Code     0  startup_stm32f407xx.o(.text)
    I2C3_EV_IRQHandler                       0x08000273   Thumb Code     0  startup_stm32f407xx.o(.text)
    OTG_FS_WKUP_IRQHandler                   0x08000273   Thumb Code     0  startup_stm32f407xx.o(.text)
    OTG_HS_EP1_IN_IRQHandler                 0x08000273   Thumb Code     0  startup_stm32f407xx.o(.text)
    OTG_HS_EP1_OUT_IRQHandler                0x08000273   Thumb Code     0  startup_stm32f407xx.o(.text)
    OTG_HS_IRQHandler                        0x08000273   Thumb Code     0  startup_stm32f407xx.o(.text)
    OTG_HS_WKUP_IRQHandler                   0x08000273   Thumb Code     0  startup_stm32f407xx.o(.text)
    PVD_IRQHandler                           0x08000273   Thumb Code     0  startup_stm32f407xx.o(.text)
    RCC_IRQHandler                           0x08000273   Thumb Code     0  startup_stm32f407xx.o(.text)
    RTC_Alarm_IRQHandler                     0x08000273   Thumb Code     0  startup_stm32f407xx.o(.text)
    RTC_WKUP_IRQHandler                      0x08000273   Thumb Code     0  startup_stm32f407xx.o(.text)
    SDIO_IRQHandler                          0x08000273   Thumb Code     0  startup_stm32f407xx.o(.text)
    SPI2_IRQHandler                          0x08000273   Thumb Code     0  startup_stm32f407xx.o(.text)
    SPI3_IRQHandler                          0x08000273   Thumb Code     0  startup_stm32f407xx.o(.text)
    TAMP_STAMP_IRQHandler                    0x08000273   Thumb Code     0  startup_stm32f407xx.o(.text)
    TIM1_BRK_TIM9_IRQHandler                 0x08000273   Thumb Code     0  startup_stm32f407xx.o(.text)
    TIM1_CC_IRQHandler                       0x08000273   Thumb Code     0  startup_stm32f407xx.o(.text)
    TIM1_TRG_COM_TIM11_IRQHandler            0x08000273   Thumb Code     0  startup_stm32f407xx.o(.text)
    TIM2_IRQHandler                          0x08000273   Thumb Code     0  startup_stm32f407xx.o(.text)
    TIM3_IRQHandler                          0x08000273   Thumb Code     0  startup_stm32f407xx.o(.text)
    TIM4_IRQHandler                          0x08000273   Thumb Code     0  startup_stm32f407xx.o(.text)
    TIM5_IRQHandler                          0x08000273   Thumb Code     0  startup_stm32f407xx.o(.text)
    TIM7_IRQHandler                          0x08000273   Thumb Code     0  startup_stm32f407xx.o(.text)
    TIM8_CC_IRQHandler                       0x08000273   Thumb Code     0  startup_stm32f407xx.o(.text)
    TIM8_TRG_COM_TIM14_IRQHandler            0x08000273   Thumb Code     0  startup_stm32f407xx.o(.text)
    UART4_IRQHandler                         0x08000273   Thumb Code     0  startup_stm32f407xx.o(.text)
    UART5_IRQHandler                         0x08000273   Thumb Code     0  startup_stm32f407xx.o(.text)
    USART1_IRQHandler                        0x08000273   Thumb Code     0  startup_stm32f407xx.o(.text)
    USART2_IRQHandler                        0x08000273   Thumb Code     0  startup_stm32f407xx.o(.text)
    USART3_IRQHandler                        0x08000273   Thumb Code     0  startup_stm32f407xx.o(.text)
    USART6_IRQHandler                        0x08000273   Thumb Code     0  startup_stm32f407xx.o(.text)
    WWDG_IRQHandler                          0x08000273   Thumb Code     0  startup_stm32f407xx.o(.text)
    __aeabi_memcpy                           0x0800027d   Thumb Code    36  memcpya.o(.text)
    __aeabi_memcpy4                          0x0800027d   Thumb Code     0  memcpya.o(.text)
    __aeabi_memcpy8                          0x0800027d   Thumb Code     0  memcpya.o(.text)
    __aeabi_memset                           0x080002a1   Thumb Code    14  memseta.o(.text)
    __aeabi_memset4                          0x080002a1   Thumb Code     0  memseta.o(.text)
    __aeabi_memset8                          0x080002a1   Thumb Code     0  memseta.o(.text)
    __aeabi_memclr                           0x080002af   Thumb Code     4  memseta.o(.text)
    __aeabi_memclr4                          0x080002af   Thumb Code     0  memseta.o(.text)
    __aeabi_memclr8                          0x080002af   Thumb Code     0  memseta.o(.text)
    _memset$wrapper                          0x080002b3   Thumb Code    18  memseta.o(.text)
    memcmp                                   0x080002c5   Thumb Code    26  memcmp.o(.text)
    __scatterload                            0x080002e1   Thumb Code    28  init.o(.text)
    __scatterload_rt2                        0x080002e1   Thumb Code     0  init.o(.text)
    __decompress                             0x08000305   Thumb Code     0  __dczerorl2.o(.text)
    __decompress1                            0x08000305   Thumb Code    86  __dczerorl2.o(.text)
    ADC_IRQHandler                           0x080003f1   Thumb Code    22  stm32f4xx_it.o(i.ADC_IRQHandler)
    AQ_Measure                               0x0800058d   Thumb Code    56  air_quality.o(i.AQ_Measure)
    BusFault_Handler                         0x080005d1   Thumb Code     4  stm32f4xx_it.o(i.BusFault_Handler)
    DMA1_Stream0_IRQHandler                  0x080005d5   Thumb Code    10  stm32f4xx_it.o(i.DMA1_Stream0_IRQHandler)
    DMA1_Stream4_IRQHandler                  0x080005e5   Thumb Code    54  stm32f4xx_it.o(i.DMA1_Stream4_IRQHandler)
    DMA1_Stream5_IRQHandler                  0x0800062d   Thumb Code    10  stm32f4xx_it.o(i.DMA1_Stream5_IRQHandler)
    DMA2_Stream0_IRQHandler                  0x0800063d   Thumb Code    10  stm32f4xx_it.o(i.DMA2_Stream0_IRQHandler)
    DebugMon_Handler                         0x080006ad   Thumb Code     4  stm32f4xx_it.o(i.DebugMon_Handler)
    EXTI3_IRQHandler                         0x080006b1   Thumb Code    10  stm32f4xx_it.o(i.EXTI3_IRQHandler)
    FATFS_LinkDriver                         0x080006bb   Thumb Code    18  ff_gen_drv.o(i.FATFS_LinkDriver)
    FATFS_LinkDriverEx                       0x080006cd   Thumb Code    78  ff_gen_drv.o(i.FATFS_LinkDriverEx)
    HAL_ADCEx_InjectedConvCpltCallback       0x08000721   Thumb Code     2  stm32f4xx_hal_adc_ex.o(i.HAL_ADCEx_InjectedConvCpltCallback)
    HAL_ADC_ConfigChannel                    0x08000725   Thumb Code   386  stm32f4xx_hal_adc.o(i.HAL_ADC_ConfigChannel)
    HAL_ADC_ConvCpltCallback                 0x080008b9   Thumb Code    92  main.o(i.HAL_ADC_ConvCpltCallback)
    HAL_ADC_ConvHalfCpltCallback             0x08000931   Thumb Code     2  stm32f4xx_hal_adc.o(i.HAL_ADC_ConvHalfCpltCallback)
    HAL_ADC_ErrorCallback                    0x08000933   Thumb Code     2  stm32f4xx_hal_adc.o(i.HAL_ADC_ErrorCallback)
    HAL_ADC_GetValue                         0x08000935   Thumb Code     8  stm32f4xx_hal_adc.o(i.HAL_ADC_GetValue)
    HAL_ADC_IRQHandler                       0x0800093d   Thumb Code   372  stm32f4xx_hal_adc.o(i.HAL_ADC_IRQHandler)
    HAL_ADC_Init                             0x08000ab1   Thumb Code   100  stm32f4xx_hal_adc.o(i.HAL_ADC_Init)
    HAL_ADC_LevelOutOfWindowCallback         0x08000b19   Thumb Code     2  stm32f4xx_hal_adc.o(i.HAL_ADC_LevelOutOfWindowCallback)
    HAL_ADC_MspInit                          0x08000b1d   Thumb Code   294  adc.o(i.HAL_ADC_MspInit)
    HAL_ADC_Start_DMA                        0x08000c65   Thumb Code   300  stm32f4xx_hal_adc.o(i.HAL_ADC_Start_DMA)
    HAL_ADC_Start_IT                         0x08000dad   Thumb Code   248  stm32f4xx_hal_adc.o(i.HAL_ADC_Start_IT)
    HAL_CRC_Init                             0x08000eb9   Thumb Code    36  stm32f4xx_hal_crc.o(i.HAL_CRC_Init)
    HAL_CRC_MspInit                          0x08000edd   Thumb Code    44  crc.o(i.HAL_CRC_MspInit)
    HAL_DMA_IRQHandler                       0x08000f11   Thumb Code   530  stm32f4xx_hal_dma.o(i.HAL_DMA_IRQHandler)
    HAL_DMA_Init                             0x08001129   Thumb Code   128  stm32f4xx_hal_dma.o(i.HAL_DMA_Init)
    HAL_DMA_Start_IT                         0x080011ad   Thumb Code   106  stm32f4xx_hal_dma.o(i.HAL_DMA_Start_IT)
    HAL_Delay                                0x08001217   Thumb Code    26  stm32f4xx_hal.o(i.HAL_Delay)
    HAL_GPIO_EXTI_Callback                   0x08001231   Thumb Code    56  rf.o(i.HAL_GPIO_EXTI_Callback)
    HAL_GPIO_EXTI_IRQHandler                 0x08001275   Thumb Code    24  stm32f4xx_hal_gpio.o(i.HAL_GPIO_EXTI_IRQHandler)
    HAL_GPIO_Init                            0x08001291   Thumb Code   476  stm32f4xx_hal_gpio.o(i.HAL_GPIO_Init)
    HAL_GPIO_ReadPin                         0x0800149d   Thumb Code    16  stm32f4xx_hal_gpio.o(i.HAL_GPIO_ReadPin)
    HAL_GPIO_TogglePin                       0x080014ad   Thumb Code     8  stm32f4xx_hal_gpio.o(i.HAL_GPIO_TogglePin)
    HAL_GPIO_WritePin                        0x080014b5   Thumb Code    12  stm32f4xx_hal_gpio.o(i.HAL_GPIO_WritePin)
    HAL_GetTick                              0x080014c1   Thumb Code     6  stm32f4xx_hal.o(i.HAL_GetTick)
    HAL_I2C_Init                             0x080014cd   Thumb Code   286  stm32f4xx_hal_i2c.o(i.HAL_I2C_Init)
    HAL_I2C_MspInit                          0x080015f5   Thumb Code   148  i2c.o(i.HAL_I2C_MspInit)
    HAL_IWDG_Init                            0x08001699   Thumb Code    76  stm32f4xx_hal_iwdg.o(i.HAL_IWDG_Init)
    HAL_IWDG_MspInit                         0x080016e5   Thumb Code     2  stm32f4xx_hal_iwdg.o(i.HAL_IWDG_MspInit)
    HAL_IncTick                              0x080016e9   Thumb Code    12  stm32f4xx_hal.o(i.HAL_IncTick)
    HAL_Init                                 0x080016f9   Thumb Code    54  stm32f4xx_hal.o(i.HAL_Init)
    HAL_InitTick                             0x08001735   Thumb Code   122  stm32f4xx_hal_timebase_tim.o(i.HAL_InitTick)
    HAL_MspInit                              0x080017c1   Thumb Code    66  stm32f4xx_hal_msp.o(i.HAL_MspInit)
    HAL_NVIC_EnableIRQ                       0x08001803   Thumb Code    26  stm32f4xx_hal_cortex.o(i.HAL_NVIC_EnableIRQ)
    HAL_NVIC_SetPriority                     0x0800181d   Thumb Code   124  stm32f4xx_hal_cortex.o(i.HAL_NVIC_SetPriority)
    HAL_NVIC_SetPriorityGrouping             0x08001899   Thumb Code    32  stm32f4xx_hal_cortex.o(i.HAL_NVIC_SetPriorityGrouping)
    HAL_PCD_ConnectCallback                  0x080018c1   Thumb Code     2  stm32f4xx_hal_pcd.o(i.HAL_PCD_ConnectCallback)
    HAL_PCD_DataInStageCallback              0x080018c3   Thumb Code     2  stm32f4xx_hal_pcd.o(i.HAL_PCD_DataInStageCallback)
    HAL_PCD_DataOutStageCallback             0x080018c5   Thumb Code     2  stm32f4xx_hal_pcd.o(i.HAL_PCD_DataOutStageCallback)
    HAL_PCD_DisconnectCallback               0x080018c7   Thumb Code     2  stm32f4xx_hal_pcd.o(i.HAL_PCD_DisconnectCallback)
    HAL_PCD_IRQHandler                       0x080018c9   Thumb Code  1374  stm32f4xx_hal_pcd.o(i.HAL_PCD_IRQHandler)
    HAL_PCD_ISOINIncompleteCallback          0x08001e27   Thumb Code     2  stm32f4xx_hal_pcd.o(i.HAL_PCD_ISOINIncompleteCallback)
    HAL_PCD_ISOOUTIncompleteCallback         0x08001e29   Thumb Code     2  stm32f4xx_hal_pcd.o(i.HAL_PCD_ISOOUTIncompleteCallback)
    HAL_PCD_Init                             0x08001e2b   Thumb Code   322  stm32f4xx_hal_pcd.o(i.HAL_PCD_Init)
    HAL_PCD_MspInit                          0x08001f6d   Thumb Code   116  usb_otg.o(i.HAL_PCD_MspInit)
    HAL_PCD_ResetCallback                    0x08001fe9   Thumb Code     2  stm32f4xx_hal_pcd.o(i.HAL_PCD_ResetCallback)
    HAL_PCD_ResumeCallback                   0x08001feb   Thumb Code     2  stm32f4xx_hal_pcd.o(i.HAL_PCD_ResumeCallback)
    HAL_PCD_SOFCallback                      0x08001fed   Thumb Code     2  stm32f4xx_hal_pcd.o(i.HAL_PCD_SOFCallback)
    HAL_PCD_SetupStageCallback               0x08001fef   Thumb Code     2  stm32f4xx_hal_pcd.o(i.HAL_PCD_SetupStageCallback)
    HAL_PCD_SuspendCallback                  0x08001ff1   Thumb Code     2  stm32f4xx_hal_pcd.o(i.HAL_PCD_SuspendCallback)
    HAL_RCC_ClockConfig                      0x08001ff5   Thumb Code   412  stm32f4xx_hal_rcc.o(i.HAL_RCC_ClockConfig)
    HAL_RCC_GetClockConfig                   0x08002199   Thumb Code    58  stm32f4xx_hal_rcc.o(i.HAL_RCC_GetClockConfig)
    HAL_RCC_GetHCLKFreq                      0x080021dd   Thumb Code    42  stm32f4xx_hal_rcc.o(i.HAL_RCC_GetHCLKFreq)
    HAL_RCC_GetPCLK1Freq                     0x08002215   Thumb Code    36  stm32f4xx_hal_rcc.o(i.HAL_RCC_GetPCLK1Freq)
    HAL_RCC_GetPCLK2Freq                     0x08002241   Thumb Code    36  stm32f4xx_hal_rcc.o(i.HAL_RCC_GetPCLK2Freq)
    HAL_RCC_GetSysClockFreq                  0x0800226d   Thumb Code   168  stm32f4xx_hal_rcc.o(i.HAL_RCC_GetSysClockFreq)
    HAL_RCC_OscConfig                        0x08002321   Thumb Code   906  stm32f4xx_hal_rcc.o(i.HAL_RCC_OscConfig)
    HAL_RNG_Init                             0x080026bd   Thumb Code    74  stm32f4xx_hal_rng.o(i.HAL_RNG_Init)
    HAL_RNG_MspInit                          0x08002709   Thumb Code    44  rng.o(i.HAL_RNG_MspInit)
    HAL_SPI_ErrorCallback                    0x0800273d   Thumb Code   128  main.o(i.HAL_SPI_ErrorCallback)
    HAL_SPI_GetError                         0x080027d5   Thumb Code     6  stm32f4xx_hal_spi.o(i.HAL_SPI_GetError)
    HAL_SPI_IRQHandler                       0x080027db   Thumb Code   222  stm32f4xx_hal_spi.o(i.HAL_SPI_IRQHandler)
    HAL_SPI_Init                             0x080028b9   Thumb Code   160  stm32f4xx_hal_spi.o(i.HAL_SPI_Init)
    HAL_SPI_MspInit                          0x08002959   Thumb Code   376  spi.o(i.HAL_SPI_MspInit)
    HAL_SPI_RxCpltCallback                   0x08002af9   Thumb Code   116  main.o(i.HAL_SPI_RxCpltCallback)
    HAL_SPI_RxHalfCpltCallback               0x08002b85   Thumb Code     2  stm32f4xx_hal_spi.o(i.HAL_SPI_RxHalfCpltCallback)
    HAL_SPI_Transmit                         0x08002b87   Thumb Code   406  stm32f4xx_hal_spi.o(i.HAL_SPI_Transmit)
    HAL_SPI_TransmitReceive_DMA              0x08002d1d   Thumb Code   314  stm32f4xx_hal_spi.o(i.HAL_SPI_TransmitReceive_DMA)
    HAL_SPI_TransmitReceive_IT               0x08002e6d   Thumb Code   212  stm32f4xx_hal_spi.o(i.HAL_SPI_TransmitReceive_IT)
    HAL_SPI_Transmit_DMA                     0x08002f51   Thumb Code   228  stm32f4xx_hal_spi.o(i.HAL_SPI_Transmit_DMA)
    HAL_SPI_TxCpltCallback                   0x08003041   Thumb Code    60  main.o(i.HAL_SPI_TxCpltCallback)
    HAL_SPI_TxHalfCpltCallback               0x0800308d   Thumb Code     2  stm32f4xx_hal_spi.o(i.HAL_SPI_TxHalfCpltCallback)
    HAL_SPI_TxRxCpltCallback                 0x08003091   Thumb Code   116  main.o(i.HAL_SPI_TxRxCpltCallback)
    HAL_SPI_TxRxHalfCpltCallback             0x0800311d   Thumb Code     2  stm32f4xx_hal_spi.o(i.HAL_SPI_TxRxHalfCpltCallback)
    HAL_SYSTICK_CLKSourceConfig              0x0800311f   Thumb Code    40  stm32f4xx_hal_cortex.o(i.HAL_SYSTICK_CLKSourceConfig)
    HAL_SYSTICK_Config                       0x08003147   Thumb Code    52  stm32f4xx_hal_cortex.o(i.HAL_SYSTICK_Config)
    HAL_TIMEx_BreakCallback                  0x0800317b   Thumb Code     2  stm32f4xx_hal_tim_ex.o(i.HAL_TIMEx_BreakCallback)
    HAL_TIMEx_CommutationCallback            0x0800317d   Thumb Code     2  stm32f4xx_hal_tim_ex.o(i.HAL_TIMEx_CommutationCallback)
    HAL_TIMEx_MasterConfigSynchronization    0x0800317f   Thumb Code    98  stm32f4xx_hal_tim_ex.o(i.HAL_TIMEx_MasterConfigSynchronization)
    HAL_TIM_Base_Init                        0x080031e1   Thumb Code    52  stm32f4xx_hal_tim.o(i.HAL_TIM_Base_Init)
    HAL_TIM_Base_MspInit                     0x08003215   Thumb Code   396  tim.o(i.HAL_TIM_Base_MspInit)
    HAL_TIM_Base_Start                       0x080033c5   Thumb Code    30  stm32f4xx_hal_tim.o(i.HAL_TIM_Base_Start)
    HAL_TIM_Base_Start_IT                    0x080033e3   Thumb Code    30  stm32f4xx_hal_tim.o(i.HAL_TIM_Base_Start_IT)
    HAL_TIM_Base_Stop_IT                     0x08003401   Thumb Code    56  stm32f4xx_hal_tim.o(i.HAL_TIM_Base_Stop_IT)
    HAL_TIM_ConfigClockSource                0x08003439   Thumb Code   306  stm32f4xx_hal_tim.o(i.HAL_TIM_ConfigClockSource)
    HAL_TIM_ErrorCallback                    0x0800356b   Thumb Code     2  stm32f4xx_hal_tim.o(i.HAL_TIM_ErrorCallback)
    HAL_TIM_IC_CaptureCallback               0x0800356d   Thumb Code     2  stm32f4xx_hal_tim.o(i.HAL_TIM_IC_CaptureCallback)
    HAL_TIM_IC_ConfigChannel                 0x0800356f   Thumb Code   224  stm32f4xx_hal_tim.o(i.HAL_TIM_IC_ConfigChannel)
    HAL_TIM_IC_Init                          0x0800364f   Thumb Code    52  stm32f4xx_hal_tim.o(i.HAL_TIM_IC_Init)
    HAL_TIM_IC_MspInit                       0x08003683   Thumb Code     2  stm32f4xx_hal_tim.o(i.HAL_TIM_IC_MspInit)
    HAL_TIM_IC_Start_DMA                     0x08003685   Thumb Code   258  stm32f4xx_hal_tim.o(i.HAL_TIM_IC_Start_DMA)
    HAL_TIM_IC_Stop_DMA                      0x08003791   Thumb Code   140  stm32f4xx_hal_tim.o(i.HAL_TIM_IC_Stop_DMA)
    HAL_TIM_IRQHandler                       0x0800381d   Thumb Code   406  stm32f4xx_hal_tim.o(i.HAL_TIM_IRQHandler)
    HAL_TIM_OC_DelayElapsedCallback          0x080039b3   Thumb Code     2  stm32f4xx_hal_tim.o(i.HAL_TIM_OC_DelayElapsedCallback)
    HAL_TIM_OnePulse_Init                    0x080039b5   Thumb Code    76  stm32f4xx_hal_tim.o(i.HAL_TIM_OnePulse_Init)
    HAL_TIM_OnePulse_MspInit                 0x08003a01   Thumb Code     2  stm32f4xx_hal_tim.o(i.HAL_TIM_OnePulse_MspInit)
    HAL_TIM_PWM_PulseFinishedCallback        0x08003a03   Thumb Code     2  stm32f4xx_hal_tim.o(i.HAL_TIM_PWM_PulseFinishedCallback)
    HAL_TIM_PeriodElapsedCallback            0x08003a05   Thumb Code    10  stm32f4xx_hal_timebase_tim.o(i.HAL_TIM_PeriodElapsedCallback)
    HAL_TIM_TriggerCallback                  0x08003a0f   Thumb Code     2  stm32f4xx_hal_tim.o(i.HAL_TIM_TriggerCallback)
    HAL_UART_Init                            0x08003a11   Thumb Code   114  stm32f4xx_hal_uart.o(i.HAL_UART_Init)
    HAL_UART_MspInit                         0x08003a85   Thumb Code   230  usart.o(i.HAL_UART_MspInit)
    HardFault_Handler                        0x08003b85   Thumb Code     4  stm32f4xx_it.o(i.HardFault_Handler)
    MTR_MotorComm                            0x08003b89   Thumb Code   212  motor.o(i.MTR_MotorComm)
    MTR_analyzeReadData                      0x08003c7d   Thumb Code   136  motor.o(i.MTR_analyzeReadData)
    MTR_calculateMotorSpeedADC               0x08003d09   Thumb Code    32  motor.o(i.MTR_calculateMotorSpeedADC)
    MTR_ctrlMotor                            0x08003d2d   Thumb Code    96  motor.o(i.MTR_ctrlMotor)
    MTR_unReadMotorStatus                    0x08003d95   Thumb Code   338  motor.o(i.MTR_unReadMotorStatus)
    MX_ADC1_Init                             0x08003efd   Thumb Code    68  adc.o(i.MX_ADC1_Init)
    MX_ADC2_Init                             0x08003f49   Thumb Code    68  adc.o(i.MX_ADC2_Init)
    MX_ADC3_Init                             0x08003f95   Thumb Code    76  adc.o(i.MX_ADC3_Init)
    MX_CRC_Init                              0x08003fe9   Thumb Code    16  crc.o(i.MX_CRC_Init)
    MX_DMA_Init                              0x08004001   Thumb Code   130  dma.o(i.MX_DMA_Init)
    MX_FATFS_Init                            0x08004089   Thumb Code    16  fatfs.o(i.MX_FATFS_Init)
    MX_FREERTOS_Init                         0x080040a5   Thumb Code   576  freertos.o(i.MX_FREERTOS_Init)
    MX_GPIO_Init                             0x08004325   Thumb Code   522  gpio.o(i.MX_GPIO_Init)
    MX_I2C1_Init                             0x0800454d   Thumb Code    42  i2c.o(i.MX_I2C1_Init)
    MX_I2C2_Init                             0x08004585   Thumb Code    42  i2c.o(i.MX_I2C2_Init)
    MX_IWDG_Init                             0x080045bd   Thumb Code    26  iwdg.o(i.MX_IWDG_Init)
    MX_RNG_Init                              0x080045e1   Thumb Code    16  rng.o(i.MX_RNG_Init)
    MX_SDIO_Init                             0x080045f9   Thumb Code     2  sdio.o(i.MX_SDIO_Init)
    MX_SPI1_Init                             0x080045fd   Thumb Code    60  spi.o(i.MX_SPI1_Init)
    MX_SPI2_Init                             0x08004641   Thumb Code    52  spi.o(i.MX_SPI2_Init)
    MX_SPI3_Init                             0x0800467d   Thumb Code    54  spi.o(i.MX_SPI3_Init)
    MX_TIM12_Init                            0x080046bd   Thumb Code    48  tim.o(i.MX_TIM12_Init)
    MX_TIM13_Init                            0x080046f5   Thumb Code    36  tim.o(i.MX_TIM13_Init)
    MX_TIM14_Init                            0x08004721   Thumb Code    38  tim.o(i.MX_TIM14_Init)
    MX_TIM2_Init                             0x08004751   Thumb Code    72  tim.o(i.MX_TIM2_Init)
    MX_TIM3_Init                             0x0800479d   Thumb Code    98  tim.o(i.MX_TIM3_Init)
    MX_TIM6_Init                             0x08004809   Thumb Code    46  tim.o(i.MX_TIM6_Init)
    MX_USART1_UART_Init                      0x08004841   Thumb Code    40  usart.o(i.MX_USART1_UART_Init)
    MX_USART2_UART_Init                      0x08004871   Thumb Code    40  usart.o(i.MX_USART2_UART_Init)
    MX_USART3_UART_Init                      0x080048a1   Thumb Code    40  usart.o(i.MX_USART3_UART_Init)
    MX_USB_OTG_FS_PCD_Init                   0x080048d1   Thumb Code    52  usb_otg.o(i.MX_USB_OTG_FS_PCD_Init)
    M_handleErr                              0x08004909   Thumb Code    22  main.o(i.M_handleErr)
    MemManage_Handler                        0x08004929   Thumb Code     4  stm32f4xx_it.o(i.MemManage_Handler)
    NMI_Handler                              0x0800492d   Thumb Code     2  stm32f4xx_it.o(i.NMI_Handler)
    OTG_FS_IRQHandler                        0x08004969   Thumb Code    10  stm32f4xx_it.o(i.OTG_FS_IRQHandler)
    RTN_updateMotor                          0x08004a1d   Thumb Code    46  motor.o(i.RTN_updateMotor)
    SPI1_IRQHandler                          0x08004a61   Thumb Code    10  stm32f4xx_it.o(i.SPI1_IRQHandler)
    StartDefaultTask                         0x08004f6b   Thumb Code    14  freertos.o(i.StartDefaultTask)
    SysTick_Handler                          0x08004f79   Thumb Code     8  stm32f4xx_it.o(i.SysTick_Handler)
    SystemClock_Config                       0x08004f81   Thumb Code   178  main.o(i.SystemClock_Config)
    SystemInit                               0x0800503d   Thumb Code    82  system_stm32f4xx.o(i.SystemInit)
    TH_Measure                               0x080050a1   Thumb Code    16  tm_measure.o(i.TH_Measure)
    TIM1_UP_TIM10_IRQHandler                 0x080050b1   Thumb Code    10  stm32f4xx_it.o(i.TIM1_UP_TIM10_IRQHandler)
    TIM6_DAC_IRQHandler                      0x080050c1   Thumb Code    54  stm32f4xx_it.o(i.TIM6_DAC_IRQHandler)
    TIM8_BRK_TIM12_IRQHandler                0x08005109   Thumb Code    16  stm32f4xx_it.o(i.TIM8_BRK_TIM12_IRQHandler)
    TIM8_UP_TIM13_IRQHandler                 0x08005121   Thumb Code    60  stm32f4xx_it.o(i.TIM8_UP_TIM13_IRQHandler)
    TIM_Base_SetConfig                       0x0800516d   Thumb Code   184  stm32f4xx_hal_tim.o(i.TIM_Base_SetConfig)
    TIM_CCxChannelCmd                        0x08005251   Thumb Code    28  stm32f4xx_hal_tim.o(i.TIM_CCxChannelCmd)
    TIM_DMACaptureCplt                       0x0800526d   Thumb Code    70  stm32f4xx_hal_tim.o(i.TIM_DMACaptureCplt)
    TIM_DMAError                             0x080052b3   Thumb Code    20  stm32f4xx_hal_tim.o(i.TIM_DMAError)
    TIM_TI1_SetConfig                        0x0800531d   Thumb Code   122  stm32f4xx_hal_tim.o(i.TIM_TI1_SetConfig)
    USB_ActivateSetup                        0x08005805   Thumb Code    68  stm32f4xx_ll_usb.o(i.USB_ActivateSetup)
    USB_CoreInit                             0x08005849   Thumb Code   108  stm32f4xx_ll_usb.o(i.USB_CoreInit)
    USB_DevDisconnect                        0x08005905   Thumb Code    30  stm32f4xx_ll_usb.o(i.USB_DevDisconnect)
    USB_DevInit                              0x08005925   Thumb Code   396  stm32f4xx_ll_usb.o(i.USB_DevInit)
    USB_DisableGlobalInt                     0x08005ac1   Thumb Code    14  stm32f4xx_ll_usb.o(i.USB_DisableGlobalInt)
    USB_EP0_OutStart                         0x08005acf   Thumb Code    68  stm32f4xx_ll_usb.o(i.USB_EP0_OutStart)
    USB_FlushRxFifo                          0x08005b15   Thumb Code    38  stm32f4xx_ll_usb.o(i.USB_FlushRxFifo)
    USB_FlushTxFifo                          0x08005b41   Thumb Code    44  stm32f4xx_ll_usb.o(i.USB_FlushTxFifo)
    USB_GetDevSpeed                          0x08005b71   Thumb Code    68  stm32f4xx_ll_usb.o(i.USB_GetDevSpeed)
    USB_GetMode                              0x08005bb5   Thumb Code    10  stm32f4xx_ll_usb.o(i.USB_GetMode)
    USB_ReadDevAllInEpInterrupt              0x08005bbf   Thumb Code    18  stm32f4xx_ll_usb.o(i.USB_ReadDevAllInEpInterrupt)
    USB_ReadDevAllOutEpInterrupt             0x08005bd1   Thumb Code    18  stm32f4xx_ll_usb.o(i.USB_ReadDevAllOutEpInterrupt)
    USB_ReadDevInEPInterrupt                 0x08005be3   Thumb Code    44  stm32f4xx_ll_usb.o(i.USB_ReadDevInEPInterrupt)
    USB_ReadDevOutEPInterrupt                0x08005c0f   Thumb Code    22  stm32f4xx_ll_usb.o(i.USB_ReadDevOutEPInterrupt)
    USB_ReadInterrupts                       0x08005c25   Thumb Code    12  stm32f4xx_ll_usb.o(i.USB_ReadInterrupts)
    USB_ReadPacket                           0x08005c31   Thumb Code    34  stm32f4xx_ll_usb.o(i.USB_ReadPacket)
    USB_SetCurrentMode                       0x08005c53   Thumb Code    48  stm32f4xx_ll_usb.o(i.USB_SetCurrentMode)
    USB_SetDevSpeed                          0x08005c83   Thumb Code    16  stm32f4xx_ll_usb.o(i.USB_SetDevSpeed)
    USB_WritePacket                          0x08005c93   Thumb Code    48  stm32f4xx_ll_usb.o(i.USB_WritePacket)
    USER_initialize                          0x08005cc5   Thumb Code    24  user_diskio.o(i.USER_initialize)
    USER_ioctl                               0x08005ce1   Thumb Code     8  user_diskio.o(i.USER_ioctl)
    USER_read                                0x08005ce9   Thumb Code     8  user_diskio.o(i.USER_read)
    USER_status                              0x08005cf1   Thumb Code    24  user_diskio.o(i.USER_status)
    USER_write                               0x08005d0d   Thumb Code     8  user_diskio.o(i.USER_write)
    UsageFault_Handler                       0x08005d15   Thumb Code     4  stm32f4xx_it.o(i.UsageFault_Handler)
    WL_WaitPinRiseWithTimeout                0x08005d19   Thumb Code   112  rf.o(i.WL_WaitPinRiseWithTimeout)
    WL_startRFComm                           0x08005d95   Thumb Code   294  rf.o(i.WL_startRFComm)
    __scatterload_copy                       0x08005edd   Thumb Code    14  handlers.o(i.__scatterload_copy)
    __scatterload_null                       0x08005eeb   Thumb Code     2  handlers.o(i.__scatterload_null)
    __scatterload_zeroinit                   0x08005eed   Thumb Code    14  handlers.o(i.__scatterload_zeroinit)
    blinkDemoLED                             0x08005efb   Thumb Code    12  main.o(i.blinkDemoLED)
    calCRC16                                 0x08005f09   Thumb Code    50  motor.o(i.calCRC16)
    deselectMotor                            0x08005f41   Thumb Code    28  motor.o(i.deselectMotor)
    handleTH_Data                            0x08005f65   Thumb Code   182  tm_measure.o(i.handleTH_Data)
    initBrainVar                             0x08006031   Thumb Code     2  main.o(i.initBrainVar)
    main                                     0x08006035   Thumb Code   136  main.o(i.main)
    measureTH                                0x080060d5   Thumb Code   272  tm_measure.o(i.measureTH)
    nRF905ChnPwrManager                      0x080062ad   Thumb Code   108  rf.o(i.nRF905ChnPwrManager)
    nRF905SendFrame                          0x0800631d   Thumb Code    70  rf.o(i.nRF905SendFrame)
    nRF905_SPI_RD                            0x08006369   Thumb Code    82  rf.o(i.nRF905_SPI_RD)
    nRF905_SPI_WR                            0x080063d1   Thumb Code    88  rf.o(i.nRF905_SPI_WR)
    nWirelessDataManager                     0x08006439   Thumb Code     6  rf.o(i.nWirelessDataManager)
    osDelay                                  0x0800643f   Thumb Code    24  cmsis_os.o(i.osDelay)
    osKernelStart                            0x08006457   Thumb Code    10  cmsis_os.o(i.osKernelStart)
    osMessageCreate                          0x08006461   Thumb Code    18  cmsis_os.o(i.osMessageCreate)
    osSemaphoreCreate                        0x08006473   Thumb Code    50  cmsis_os.o(i.osSemaphoreCreate)
    osSemaphoreWait                          0x080064a5   Thumb Code   104  cmsis_os.o(i.osSemaphoreWait)
    osSystickHandler                         0x08006511   Thumb Code    16  cmsis_os.o(i.osSystickHandler)
    osThreadCreate                           0x08006521   Thumb Code    58  cmsis_os.o(i.osThreadCreate)
    pvPortMalloc                             0x08006a19   Thumb Code   296  heap_4.o(i.pvPortMalloc)
    pvTaskIncrementMutexHeldCount            0x08006b55   Thumb Code    26  tasks.o(i.pvTaskIncrementMutexHeldCount)
    pxPortInitialiseStack                    0x08006b75   Thumb Code    34  port.o(i.pxPortInitialiseStack)
    readFromMotor                            0x08006b9d   Thumb Code   292  motor.o(i.readFromMotor)
    selectMotor                              0x08006cdd   Thumb Code    28  motor.o(i.selectMotor)
    sendStartTrigger                         0x08006d01   Thumb Code    42  tm_measure.o(i.sendStartTrigger)
    setNRF905Mode                            0x08006d31   Thumb Code    96  rf.o(i.setNRF905Mode)
    setTargetDutyAccdToADC                   0x08006da1   Thumb Code    36  motor.o(i.setTargetDutyAccdToADC)
    startRecv                                0x08006dc5   Thumb Code    58  tm_measure.o(i.startRecv)
    uxListRemove                             0x08006e09   Thumb Code    40  list.o(i.uxListRemove)
    vListInitialise                          0x08006e31   Thumb Code    26  list.o(i.vListInitialise)
    vListInitialiseItem                      0x08006e4b   Thumb Code     6  list.o(i.vListInitialiseItem)
    vListInsert                              0x08006e51   Thumb Code    52  list.o(i.vListInsert)
    vListInsertEnd                           0x08006e85   Thumb Code    24  list.o(i.vListInsertEnd)
    vPortEnterCritical                       0x08006e9d   Thumb Code    76  port.o(i.vPortEnterCritical)
    vPortExitCritical                        0x08006ef1   Thumb Code    56  port.o(i.vPortExitCritical)
    vPortFree                                0x08006f2d   Thumb Code   140  heap_4.o(i.vPortFree)
    vPortSetupTimerInterrupt                 0x08006fc1   Thumb Code    26  port.o(i.vPortSetupTimerInterrupt)
    vPortValidateInterruptPriority           0x08006fe1   Thumb Code   106  port.o(i.vPortValidateInterruptPriority)
    vTaskDelay                               0x08007059   Thumb Code   120  tasks.o(i.vTaskDelay)
    vTaskMissedYield                         0x080070e5   Thumb Code     8  tasks.o(i.vTaskMissedYield)
    vTaskPlaceOnEventList                    0x080070f1   Thumb Code   108  tasks.o(i.vTaskPlaceOnEventList)
    vTaskPriorityInherit                     0x0800716d   Thumb Code   164  tasks.o(i.vTaskPriorityInherit)
    vTaskSetTimeOutState                     0x0800721d   Thumb Code    38  tasks.o(i.vTaskSetTimeOutState)
    vTaskStartScheduler                      0x0800724d   Thumb Code    94  tasks.o(i.vTaskStartScheduler)
    vTaskSuspend                             0x080072c1   Thumb Code   198  tasks.o(i.vTaskSuspend)
    vTaskSuspendAll                          0x080073a9   Thumb Code    12  tasks.o(i.vTaskSuspendAll)
    vTaskSwitchContext                       0x080073b9   Thumb Code   118  tasks.o(i.vTaskSwitchContext)
    waitPinCleaning                          0x08007445   Thumb Code    54  rf.o(i.waitPinCleaning)
    waitTH_Response                          0x08007485   Thumb Code    46  tm_measure.o(i.waitTH_Response)
    writeToMotor                             0x080074b9   Thumb Code   216  motor.o(i.writeToMotor)
    xPortStartScheduler                      0x080075a5   Thumb Code   288  port.o(i.xPortStartScheduler)
    xPortSysTickHandler                      0x080076e1   Thumb Code    48  port.o(i.xPortSysTickHandler)
    xQueueCreateCountingSemaphore            0x08007715   Thumb Code   116  queue.o(i.xQueueCreateCountingSemaphore)
    xQueueGenericCreate                      0x08007789   Thumb Code   140  queue.o(i.xQueueGenericCreate)
    xQueueGenericReceive                     0x08007815   Thumb Code   424  queue.o(i.xQueueGenericReceive)
    xQueueGenericReset                       0x080079c1   Thumb Code   144  queue.o(i.xQueueGenericReset)
    xQueueGenericSend                        0x08007a55   Thumb Code   412  queue.o(i.xQueueGenericSend)
    xQueueGiveFromISR                        0x08007bf5   Thumb Code   214  queue.o(i.xQueueGiveFromISR)
    xQueueReceiveFromISR                     0x08007ccb   Thumb Code   188  queue.o(i.xQueueReceiveFromISR)
    xTaskCheckForTimeOut                     0x08007d89   Thumb Code   132  tasks.o(i.xTaskCheckForTimeOut)
    xTaskGenericCreate                       0x08007e15   Thumb Code   340  tasks.o(i.xTaskGenericCreate)
    xTaskGetSchedulerState                   0x08007f85   Thumb Code    24  tasks.o(i.xTaskGetSchedulerState)
    xTaskIncrementTick                       0x08007fa5   Thumb Code   286  tasks.o(i.xTaskIncrementTick)
    xTaskPriorityDisinherit                  0x080080f1   Thumb Code   188  tasks.o(i.xTaskPriorityDisinherit)
    xTaskRemoveFromEventList                 0x080081b9   Thumb Code   128  tasks.o(i.xTaskRemoveFromEventList)
    xTaskResumeAll                           0x08008251   Thumb Code   224  tasks.o(i.xTaskResumeAll)
    NOT_USED_FOR_NOW                         0x08008354   Data          17  main.o(.constdata)
    T_MOTOR_DUMMY_CMD                        0x08008410   Data           8  motor.o(.constdata)
    APBAHBPrescTable                         0x08008461   Data          16  stm32f4xx_hal_rcc.o(.constdata)
    Region$$Table$$Base                      0x080084f8   Number         0  anon$$obj.o(Region$$Table)
    Region$$Table$$Limit                     0x08008518   Number         0  anon$$obj.o(Region$$Table)
    SystemCoreClock                          0x20000000   Data           4  system_stm32f4xx.o(.data)
    pxCurrentTCB                             0x20000028   Data           4  tasks.o(.data)
    USER_Driver                              0x20000064   Data          20  user_diskio.o(.data)
    hcrc                                     0x20000078   Data           8  crc.o(.data)
    tErrorStatus                             0x20000080   Data           1  main.o(.data)
    defaultTaskHandle                        0x20000098   Data           4  freertos.o(.data)
    myDEMO_LED_TaskHandle                    0x2000009c   Data           4  freertos.o(.data)
    myMotorCtrlTaskHandle                    0x200000a0   Data           4  freertos.o(.data)
    myRoutineUpdateHandle                    0x200000a4   Data           4  freertos.o(.data)
    myMotorCommTaskHandle                    0x200000a8   Data           4  freertos.o(.data)
    myNRF905CommHandle                       0x200000ac   Data           4  freertos.o(.data)
    myTmptHmdtMsmtHandle                     0x200000b0   Data           4  freertos.o(.data)
    myAirQualityHandle                       0x200000b4   Data           4  freertos.o(.data)
    MotorCommQueueHandle                     0x200000b8   Data           4  freertos.o(.data)
    MTR_tMotorSPI_CommCpltHandle             0x200000bc   Data           4  freertos.o(.data)
    RTN_tNeedToUpdateMotorHandle             0x200000c0   Data           4  freertos.o(.data)
    MTR_tMotorSpeedChangedHandle             0x200000c4   Data           4  freertos.o(.data)
    WL_tNRF905SPI_CommCpltHandle             0x200000c8   Data           4  freertos.o(.data)
    TH_tMeasureData_CommCpltHandle           0x200000cc   Data           4  freertos.o(.data)
    tGlobalParaAccessHandle                  0x200000d0   Data           4  freertos.o(.data)
    retUSER                                  0x200000d4   Data           1  fatfs.o(.data)
    USER_Path                                0x200000d5   Data           4  fatfs.o(.data)
    CRC_TABLE16                              0x200000e8   Data         512  motor.o(.data)
    SPI1_MOTOR_SELECT_Port                   0x200002e8   Data          32  motor.o(.data)
    SPI1_MOTOR_SELECT_Pin                    0x20000308   Data          16  motor.o(.data)
    unMotorCommRxBuf                         0x20000318   Data           8  motor.o(.data)
    uwTick                                   0x2000034c   Data           4  stm32f4xx_hal.o(.data)
    disk                                     0x20000350   Data          12  ff_gen_drv.o(.bss)
    htim2                                    0x2000404c   Data          60  tim.o(.bss)
    htim3                                    0x20004088   Data          60  tim.o(.bss)
    htim6                                    0x200040c4   Data          60  tim.o(.bss)
    htim12                                   0x20004100   Data          60  tim.o(.bss)
    htim13                                   0x2000413c   Data          60  tim.o(.bss)
    htim14                                   0x20004178   Data          60  tim.o(.bss)
    hdma_tim3_ch1_trig                       0x200041b4   Data          88  tim.o(.bss)
    hiwdg                                    0x2000420c   Data          16  iwdg.o(.bss)
    unMotorSpeedADC_Buf                      0x2000421c   Data          64  main.o(.bss)
    tSensoreData                             0x2000425c   Data          10  main.o(.bss)
    htim1                                    0x20004268   Data          60  stm32f4xx_hal_timebase_tim.o(.bss)
    hadc1                                    0x200042a4   Data          72  adc.o(.bss)
    hadc2                                    0x200042ec   Data          72  adc.o(.bss)
    hadc3                                    0x20004334   Data          72  adc.o(.bss)
    hdma_adc3                                0x2000437c   Data          88  adc.o(.bss)
    huart1                                   0x200043d4   Data          64  usart.o(.bss)
    huart2                                   0x20004414   Data          64  usart.o(.bss)
    huart3                                   0x20004454   Data          64  usart.o(.bss)
    hi2c1                                    0x20004494   Data          68  i2c.o(.bss)
    hi2c2                                    0x200044d8   Data          68  i2c.o(.bss)
    hspi1                                    0x2000451c   Data          88  spi.o(.bss)
    hspi2                                    0x20004574   Data          88  spi.o(.bss)
    hspi3                                    0x200045cc   Data          88  spi.o(.bss)
    hdma_spi3_rx                             0x20004624   Data          88  spi.o(.bss)
    hdma_spi3_tx                             0x2000467c   Data          88  spi.o(.bss)
    MTR_tMotor                               0x200046d4   Data         208  motor.o(.bss)
    tRemoteControlMap                        0x200047a4   Data          24  rf.o(.bss)
    unRF905_SPI_RX_Frame                     0x200047bc   Data          17  rf.o(.bss)
    hpcd_USB_OTG_FS                          0x200047f0   Data         952  usb_otg.o(.bss)
    hrng                                     0x20004ba8   Data          12  rng.o(.bss)
    __initial_sp                             0x20005408   Data           0  startup_stm32f407xx.o(STACK)



==============================================================================

Memory Map of the image

  Image Entry point : 0x08000189

  Load Region LR_IROM1 (Base: 0x08000000, Size: 0x00008868, Max: 0x00080000, ABSOLUTE, COMPRESSED[0x00008760])

    Execution Region ER_IROM1 (Base: 0x08000000, Size: 0x00008518, Max: 0x00080000, ABSOLUTE)

    Base Addr    Size         Type   Attr      Idx    E Section Name        Object

    0x08000000   0x00000188   Data   RO         1896    RESET               startup_stm32f407xx.o
    0x08000188   0x00000000   Code   RO         7145  * .ARM.Collect$$$$00000000  mc_w.l(entry.o)
    0x08000188   0x00000004   Code   RO         7156    .ARM.Collect$$$$00000001  mc_w.l(entry2.o)
    0x0800018c   0x00000004   Code   RO         7159    .ARM.Collect$$$$00000004  mc_w.l(entry5.o)
    0x08000190   0x00000000   Code   RO         7161    .ARM.Collect$$$$00000008  mc_w.l(entry7b.o)
    0x08000190   0x00000000   Code   RO         7163    .ARM.Collect$$$$0000000A  mc_w.l(entry8b.o)
    0x08000190   0x00000008   Code   RO         7164    .ARM.Collect$$$$0000000B  mc_w.l(entry9a.o)
    0x08000198   0x00000000   Code   RO         7166    .ARM.Collect$$$$0000000D  mc_w.l(entry10a.o)
    0x08000198   0x00000000   Code   RO         7168    .ARM.Collect$$$$0000000F  mc_w.l(entry11a.o)
    0x08000198   0x00000004   Code   RO         7157    .ARM.Collect$$$$00002712  mc_w.l(entry2.o)
    0x0800019c   0x000000ba   Code   RO          812    .emb_text           port.o
    0x08000256   0x00000002   PAD
    0x08000258   0x00000024   Code   RO         1897    .text               startup_stm32f407xx.o
    0x0800027c   0x00000024   Code   RO         7148    .text               mc_w.l(memcpya.o)
    0x080002a0   0x00000024   Code   RO         7150    .text               mc_w.l(memseta.o)
    0x080002c4   0x0000001a   Code   RO         7152    .text               mc_w.l(memcmp.o)
    0x080002de   0x00000002   PAD
    0x080002e0   0x00000024   Code   RO         7170    .text               mc_w.l(init.o)
    0x08000304   0x00000056   Code   RO         7180    .text               mc_w.l(__dczerorl2.o)
    0x0800035a   0x0000006e   Code   RO         5631    i.ADC_DMAConvCplt   stm32f4xx_hal_adc.o
    0x080003c8   0x0000001a   Code   RO         5632    i.ADC_DMAError      stm32f4xx_hal_adc.o
    0x080003e2   0x0000000e   Code   RO         5633    i.ADC_DMAHalfConvCplt  stm32f4xx_hal_adc.o
    0x080003f0   0x00000024   Code   RO         2633    i.ADC_IRQHandler    stm32f4xx_it.o
    0x08000414   0x00000178   Code   RO         5634    i.ADC_Init          stm32f4xx_hal_adc.o
    0x0800058c   0x00000044   Code   RO         3186    i.AQ_Measure        air_quality.o
    0x080005d0   0x00000004   Code   RO         2634    i.BusFault_Handler  stm32f4xx_it.o
    0x080005d4   0x00000010   Code   RO         2635    i.DMA1_Stream0_IRQHandler  stm32f4xx_it.o
    0x080005e4   0x00000048   Code   RO         2636    i.DMA1_Stream4_IRQHandler  stm32f4xx_it.o
    0x0800062c   0x00000010   Code   RO         2637    i.DMA1_Stream5_IRQHandler  stm32f4xx_it.o
    0x0800063c   0x00000010   Code   RO         2638    i.DMA2_Stream0_IRQHandler  stm32f4xx_it.o
    0x0800064c   0x00000034   Code   RO         4067    i.DMA_CalcBaseAndBitshift  stm32f4xx_hal_dma.o
    0x08000680   0x0000002c   Code   RO         4068    i.DMA_SetConfig     stm32f4xx_hal_dma.o
    0x080006ac   0x00000004   Code   RO         2639    i.DebugMon_Handler  stm32f4xx_it.o
    0x080006b0   0x0000000a   Code   RO         2640    i.EXTI3_IRQHandler  stm32f4xx_it.o
    0x080006ba   0x00000012   Code   RO          167    i.FATFS_LinkDriver  ff_gen_drv.o
    0x080006cc   0x00000054   Code   RO          168    i.FATFS_LinkDriverEx  ff_gen_drv.o
    0x08000720   0x00000002   Code   RO         3523    i.HAL_ADCEx_InjectedConvCpltCallback  stm32f4xx_hal_adc_ex.o
    0x08000722   0x00000002   PAD
    0x08000724   0x00000194   Code   RO         5636    i.HAL_ADC_ConfigChannel  stm32f4xx_hal_adc.o
    0x080008b8   0x00000078   Code   RO         2109    i.HAL_ADC_ConvCpltCallback  main.o
    0x08000930   0x00000002   Code   RO         5638    i.HAL_ADC_ConvHalfCpltCallback  stm32f4xx_hal_adc.o
    0x08000932   0x00000002   Code   RO         5640    i.HAL_ADC_ErrorCallback  stm32f4xx_hal_adc.o
    0x08000934   0x00000008   Code   RO         5643    i.HAL_ADC_GetValue  stm32f4xx_hal_adc.o
    0x0800093c   0x00000174   Code   RO         5644    i.HAL_ADC_IRQHandler  stm32f4xx_hal_adc.o
    0x08000ab0   0x00000068   Code   RO         5645    i.HAL_ADC_Init      stm32f4xx_hal_adc.o
    0x08000b18   0x00000002   Code   RO         5646    i.HAL_ADC_LevelOutOfWindowCallback  stm32f4xx_hal_adc.o
    0x08000b1a   0x00000002   PAD
    0x08000b1c   0x00000148   Code   RO         2329    i.HAL_ADC_MspInit   adc.o
    0x08000c64   0x00000148   Code   RO         5652    i.HAL_ADC_Start_DMA  stm32f4xx_hal_adc.o
    0x08000dac   0x0000010c   Code   RO         5653    i.HAL_ADC_Start_IT  stm32f4xx_hal_adc.o
    0x08000eb8   0x00000024   Code   RO         4934    i.HAL_CRC_Init      stm32f4xx_hal_crc.o
    0x08000edc   0x00000034   Code   RO         2038    i.HAL_CRC_MspInit   crc.o
    0x08000f10   0x00000218   Code   RO         4073    i.HAL_DMA_IRQHandler  stm32f4xx_hal_dma.o
    0x08001128   0x00000084   Code   RO         4074    i.HAL_DMA_Init      stm32f4xx_hal_dma.o
    0x080011ac   0x0000006a   Code   RO         4077    i.HAL_DMA_Start_IT  stm32f4xx_hal_dma.o
    0x08001216   0x0000001a   Code   RO         4455    i.HAL_Delay         stm32f4xx_hal.o
    0x08001230   0x00000044   Code   RO         2935    i.HAL_GPIO_EXTI_Callback  rf.o
    0x08001274   0x0000001c   Code   RO         6279    i.HAL_GPIO_EXTI_IRQHandler  stm32f4xx_hal_gpio.o
    0x08001290   0x0000020c   Code   RO         6280    i.HAL_GPIO_Init     stm32f4xx_hal_gpio.o
    0x0800149c   0x00000010   Code   RO         6282    i.HAL_GPIO_ReadPin  stm32f4xx_hal_gpio.o
    0x080014ac   0x00000008   Code   RO         6283    i.HAL_GPIO_TogglePin  stm32f4xx_hal_gpio.o
    0x080014b4   0x0000000c   Code   RO         6284    i.HAL_GPIO_WritePin  stm32f4xx_hal_gpio.o
    0x080014c0   0x0000000c   Code   RO         4461    i.HAL_GetTick       stm32f4xx_hal.o
    0x080014cc   0x00000128   Code   RO         6507    i.HAL_I2C_Init      stm32f4xx_hal_i2c.o
    0x080015f4   0x000000a4   Code   RO         2562    i.HAL_I2C_MspInit   i2c.o
    0x08001698   0x0000004c   Code   RO         4020    i.HAL_IWDG_Init     stm32f4xx_hal_iwdg.o
    0x080016e4   0x00000002   Code   RO         4021    i.HAL_IWDG_MspInit  stm32f4xx_hal_iwdg.o
    0x080016e6   0x00000002   PAD
    0x080016e8   0x00000010   Code   RO         4462    i.HAL_IncTick       stm32f4xx_hal.o
    0x080016f8   0x0000003c   Code   RO         4463    i.HAL_Init          stm32f4xx_hal.o
    0x08001734   0x0000008c   Code   RO         2258    i.HAL_InitTick      stm32f4xx_hal_timebase_tim.o
    0x080017c0   0x00000042   Code   RO         2304    i.HAL_MspInit       stm32f4xx_hal_msp.o
    0x08001802   0x0000001a   Code   RO         6927    i.HAL_NVIC_EnableIRQ  stm32f4xx_hal_cortex.o
    0x0800181c   0x0000007c   Code   RO         6933    i.HAL_NVIC_SetPriority  stm32f4xx_hal_cortex.o
    0x08001898   0x00000028   Code   RO         6934    i.HAL_NVIC_SetPriorityGrouping  stm32f4xx_hal_cortex.o
    0x080018c0   0x00000002   Code   RO         4716    i.HAL_PCD_ConnectCallback  stm32f4xx_hal_pcd.o
    0x080018c2   0x00000002   Code   RO         4717    i.HAL_PCD_DataInStageCallback  stm32f4xx_hal_pcd.o
    0x080018c4   0x00000002   Code   RO         4718    i.HAL_PCD_DataOutStageCallback  stm32f4xx_hal_pcd.o
    0x080018c6   0x00000002   Code   RO         4723    i.HAL_PCD_DisconnectCallback  stm32f4xx_hal_pcd.o
    0x080018c8   0x0000055e   Code   RO         4733    i.HAL_PCD_IRQHandler  stm32f4xx_hal_pcd.o
    0x08001e26   0x00000002   Code   RO         4734    i.HAL_PCD_ISOINIncompleteCallback  stm32f4xx_hal_pcd.o
    0x08001e28   0x00000002   Code   RO         4735    i.HAL_PCD_ISOOUTIncompleteCallback  stm32f4xx_hal_pcd.o
    0x08001e2a   0x00000142   Code   RO         4736    i.HAL_PCD_Init      stm32f4xx_hal_pcd.o
    0x08001f6c   0x0000007c   Code   RO         3043    i.HAL_PCD_MspInit   usb_otg.o
    0x08001fe8   0x00000002   Code   RO         4739    i.HAL_PCD_ResetCallback  stm32f4xx_hal_pcd.o
    0x08001fea   0x00000002   Code   RO         4740    i.HAL_PCD_ResumeCallback  stm32f4xx_hal_pcd.o
    0x08001fec   0x00000002   Code   RO         4741    i.HAL_PCD_SOFCallback  stm32f4xx_hal_pcd.o
    0x08001fee   0x00000002   Code   RO         4743    i.HAL_PCD_SetupStageCallback  stm32f4xx_hal_pcd.o
    0x08001ff0   0x00000002   Code   RO         4746    i.HAL_PCD_SuspendCallback  stm32f4xx_hal_pcd.o
    0x08001ff2   0x00000002   PAD
    0x08001ff4   0x000001a4   Code   RO         3625    i.HAL_RCC_ClockConfig  stm32f4xx_hal_rcc.o
    0x08002198   0x00000044   Code   RO         3629    i.HAL_RCC_GetClockConfig  stm32f4xx_hal_rcc.o
    0x080021dc   0x00000038   Code   RO         3630    i.HAL_RCC_GetHCLKFreq  stm32f4xx_hal_rcc.o
    0x08002214   0x0000002c   Code   RO         3632    i.HAL_RCC_GetPCLK1Freq  stm32f4xx_hal_rcc.o
    0x08002240   0x0000002c   Code   RO         3633    i.HAL_RCC_GetPCLK2Freq  stm32f4xx_hal_rcc.o
    0x0800226c   0x000000b4   Code   RO         3634    i.HAL_RCC_GetSysClockFreq  stm32f4xx_hal_rcc.o
    0x08002320   0x0000039c   Code   RO         3637    i.HAL_RCC_OscConfig  stm32f4xx_hal_rcc.o
    0x080026bc   0x0000004a   Code   RO         7060    i.HAL_RNG_Init      stm32f4xx_hal_rng.o
    0x08002706   0x00000002   PAD
    0x08002708   0x00000034   Code   RO         3085    i.HAL_RNG_MspInit   rng.o
    0x0800273c   0x00000098   Code   RO         2110    i.HAL_SPI_ErrorCallback  main.o
    0x080027d4   0x00000006   Code   RO         5806    i.HAL_SPI_GetError  stm32f4xx_hal_spi.o
    0x080027da   0x000000de   Code   RO         5808    i.HAL_SPI_IRQHandler  stm32f4xx_hal_spi.o
    0x080028b8   0x000000a0   Code   RO         5809    i.HAL_SPI_Init      stm32f4xx_hal_spi.o
    0x08002958   0x000001a0   Code   RO         2779    i.HAL_SPI_MspInit   spi.o
    0x08002af8   0x0000008c   Code   RO         2111    i.HAL_SPI_RxCpltCallback  main.o
    0x08002b84   0x00000002   Code   RO         5816    i.HAL_SPI_RxHalfCpltCallback  stm32f4xx_hal_spi.o
    0x08002b86   0x00000196   Code   RO         5817    i.HAL_SPI_Transmit  stm32f4xx_hal_spi.o
    0x08002d1c   0x00000150   Code   RO         5819    i.HAL_SPI_TransmitReceive_DMA  stm32f4xx_hal_spi.o
    0x08002e6c   0x000000e4   Code   RO         5820    i.HAL_SPI_TransmitReceive_IT  stm32f4xx_hal_spi.o
    0x08002f50   0x000000f0   Code   RO         5821    i.HAL_SPI_Transmit_DMA  stm32f4xx_hal_spi.o
    0x08003040   0x0000004c   Code   RO         2112    i.HAL_SPI_TxCpltCallback  main.o
    0x0800308c   0x00000002   Code   RO         5824    i.HAL_SPI_TxHalfCpltCallback  stm32f4xx_hal_spi.o
    0x0800308e   0x00000002   PAD
    0x08003090   0x0000008c   Code   RO         2113    i.HAL_SPI_TxRxCpltCallback  main.o
    0x0800311c   0x00000002   Code   RO         5826    i.HAL_SPI_TxRxHalfCpltCallback  stm32f4xx_hal_spi.o
    0x0800311e   0x00000028   Code   RO         6936    i.HAL_SYSTICK_CLKSourceConfig  stm32f4xx_hal_cortex.o
    0x08003146   0x00000034   Code   RO         6938    i.HAL_SYSTICK_Config  stm32f4xx_hal_cortex.o
    0x0800317a   0x00000002   Code   RO         4150    i.HAL_TIMEx_BreakCallback  stm32f4xx_hal_tim_ex.o
    0x0800317c   0x00000002   Code   RO         4151    i.HAL_TIMEx_CommutationCallback  stm32f4xx_hal_tim_ex.o
    0x0800317e   0x00000062   Code   RO         4167    i.HAL_TIMEx_MasterConfigSynchronization  stm32f4xx_hal_tim_ex.o
    0x080031e0   0x00000034   Code   RO         4992    i.HAL_TIM_Base_Init  stm32f4xx_hal_tim.o
    0x08003214   0x000001b0   Code   RO         1960    i.HAL_TIM_Base_MspInit  tim.o
    0x080033c4   0x0000001e   Code   RO         4995    i.HAL_TIM_Base_Start  stm32f4xx_hal_tim.o
    0x080033e2   0x0000001e   Code   RO         4997    i.HAL_TIM_Base_Start_IT  stm32f4xx_hal_tim.o
    0x08003400   0x00000038   Code   RO         5000    i.HAL_TIM_Base_Stop_IT  stm32f4xx_hal_tim.o
    0x08003438   0x00000132   Code   RO         5001    i.HAL_TIM_ConfigClockSource  stm32f4xx_hal_tim.o
    0x0800356a   0x00000002   Code   RO         5019    i.HAL_TIM_ErrorCallback  stm32f4xx_hal_tim.o
    0x0800356c   0x00000002   Code   RO         5021    i.HAL_TIM_IC_CaptureCallback  stm32f4xx_hal_tim.o
    0x0800356e   0x000000e0   Code   RO         5022    i.HAL_TIM_IC_ConfigChannel  stm32f4xx_hal_tim.o
    0x0800364e   0x00000034   Code   RO         5025    i.HAL_TIM_IC_Init   stm32f4xx_hal_tim.o
    0x08003682   0x00000002   Code   RO         5027    i.HAL_TIM_IC_MspInit  stm32f4xx_hal_tim.o
    0x08003684   0x0000010c   Code   RO         5029    i.HAL_TIM_IC_Start_DMA  stm32f4xx_hal_tim.o
    0x08003790   0x0000008c   Code   RO         5032    i.HAL_TIM_IC_Stop_DMA  stm32f4xx_hal_tim.o
    0x0800381c   0x00000196   Code   RO         5034    i.HAL_TIM_IRQHandler  stm32f4xx_hal_tim.o
    0x080039b2   0x00000002   Code   RO         5037    i.HAL_TIM_OC_DelayElapsedCallback  stm32f4xx_hal_tim.o
    0x080039b4   0x0000004c   Code   RO         5051    i.HAL_TIM_OnePulse_Init  stm32f4xx_hal_tim.o
    0x08003a00   0x00000002   Code   RO         5053    i.HAL_TIM_OnePulse_MspInit  stm32f4xx_hal_tim.o
    0x08003a02   0x00000002   Code   RO         5064    i.HAL_TIM_PWM_PulseFinishedCallback  stm32f4xx_hal_tim.o
    0x08003a04   0x0000000a   Code   RO         2261    i.HAL_TIM_PeriodElapsedCallback  stm32f4xx_hal_timebase_tim.o
    0x08003a0e   0x00000002   Code   RO         5075    i.HAL_TIM_TriggerCallback  stm32f4xx_hal_tim.o
    0x08003a10   0x00000072   Code   RO         3793    i.HAL_UART_Init     stm32f4xx_hal_uart.o
    0x08003a82   0x00000002   PAD
    0x08003a84   0x00000100   Code   RO         2472    i.HAL_UART_MspInit  usart.o
    0x08003b84   0x00000004   Code   RO         2641    i.HardFault_Handler  stm32f4xx_it.o
    0x08003b88   0x000000f4   Code   RO         2832    i.MTR_MotorComm     motor.o
    0x08003c7c   0x0000008c   Code   RO         2833    i.MTR_analyzeReadData  motor.o
    0x08003d08   0x00000024   Code   RO         2834    i.MTR_calculateMotorSpeedADC  motor.o
    0x08003d2c   0x00000068   Code   RO         2835    i.MTR_ctrlMotor     motor.o
    0x08003d94   0x00000168   Code   RO         2836    i.MTR_unReadMotorStatus  motor.o
    0x08003efc   0x0000004c   Code   RO         2330    i.MX_ADC1_Init      adc.o
    0x08003f48   0x0000004c   Code   RO         2331    i.MX_ADC2_Init      adc.o
    0x08003f94   0x00000054   Code   RO         2332    i.MX_ADC3_Init      adc.o
    0x08003fe8   0x00000018   Code   RO         2039    i.MX_CRC_Init       crc.o
    0x08004000   0x00000088   Code   RO         2609    i.MX_DMA_Init       dma.o
    0x08004088   0x0000001c   Code   RO         2525    i.MX_FATFS_Init     fatfs.o
    0x080040a4   0x00000280   Code   RO         2405    i.MX_FREERTOS_Init  freertos.o
    0x08004324   0x00000228   Code   RO         2447    i.MX_GPIO_Init      gpio.o
    0x0800454c   0x00000038   Code   RO         2563    i.MX_I2C1_Init      i2c.o
    0x08004584   0x00000038   Code   RO         2564    i.MX_I2C2_Init      i2c.o
    0x080045bc   0x00000024   Code   RO         2079    i.MX_IWDG_Init      iwdg.o
    0x080045e0   0x00000018   Code   RO         3086    i.MX_RNG_Init       rng.o
    0x080045f8   0x00000002   Code   RO         2382    i.MX_SDIO_Init      sdio.o
    0x080045fa   0x00000002   PAD
    0x080045fc   0x00000044   Code   RO         2780    i.MX_SPI1_Init      spi.o
    0x08004640   0x0000003c   Code   RO         2781    i.MX_SPI2_Init      spi.o
    0x0800467c   0x00000040   Code   RO         2782    i.MX_SPI3_Init      spi.o
    0x080046bc   0x00000038   Code   RO         1961    i.MX_TIM12_Init     tim.o
    0x080046f4   0x0000002c   Code   RO         1962    i.MX_TIM13_Init     tim.o
    0x08004720   0x00000030   Code   RO         1963    i.MX_TIM14_Init     tim.o
    0x08004750   0x0000004c   Code   RO         1964    i.MX_TIM2_Init      tim.o
    0x0800479c   0x0000006c   Code   RO         1965    i.MX_TIM3_Init      tim.o
    0x08004808   0x00000038   Code   RO         1966    i.MX_TIM6_Init      tim.o
    0x08004840   0x00000030   Code   RO         2473    i.MX_USART1_UART_Init  usart.o
    0x08004870   0x00000030   Code   RO         2474    i.MX_USART2_UART_Init  usart.o
    0x080048a0   0x00000030   Code   RO         2475    i.MX_USART3_UART_Init  usart.o
    0x080048d0   0x00000038   Code   RO         3044    i.MX_USB_OTG_FS_PCD_Init  usb_otg.o
    0x08004908   0x00000020   Code   RO         2114    i.M_handleErr       main.o
    0x08004928   0x00000004   Code   RO         2642    i.MemManage_Handler  stm32f4xx_it.o
    0x0800492c   0x00000002   Code   RO         2643    i.NMI_Handler       stm32f4xx_it.o
    0x0800492e   0x00000002   PAD
    0x08004930   0x00000010   Code   RO         6940    i.NVIC_GetPriorityGrouping  stm32f4xx_hal_cortex.o
    0x08004940   0x00000028   Code   RO         6941    i.NVIC_SetPriority  stm32f4xx_hal_cortex.o
    0x08004968   0x00000010   Code   RO         2644    i.OTG_FS_IRQHandler  stm32f4xx_it.o
    0x08004978   0x000000a2   Code   RO         4747    i.PCD_WriteEmptyTxFifo  stm32f4xx_hal_pcd.o
    0x08004a1a   0x00000002   PAD
    0x08004a1c   0x00000044   Code   RO         2837    i.RTN_updateMotor   motor.o
    0x08004a60   0x00000010   Code   RO         2645    i.SPI1_IRQHandler   stm32f4xx_it.o
    0x08004a70   0x00000048   Code   RO         5827    i.SPI_2linesRxISR_16BIT  stm32f4xx_hal_spi.o
    0x08004ab8   0x00000028   Code   RO         5828    i.SPI_2linesRxISR_16BITCRC  stm32f4xx_hal_spi.o
    0x08004ae0   0x00000048   Code   RO         5829    i.SPI_2linesRxISR_8BIT  stm32f4xx_hal_spi.o
    0x08004b28   0x0000002a   Code   RO         5830    i.SPI_2linesRxISR_8BITCRC  stm32f4xx_hal_spi.o
    0x08004b52   0x00000048   Code   RO         5831    i.SPI_2linesTxISR_16BIT  stm32f4xx_hal_spi.o
    0x08004b9a   0x00000046   Code   RO         5832    i.SPI_2linesTxISR_8BIT  stm32f4xx_hal_spi.o
    0x08004be0   0x00000028   Code   RO         5833    i.SPI_CheckFlag_BSY  stm32f4xx_hal_spi.o
    0x08004c08   0x0000002a   Code   RO         5834    i.SPI_CheckForDisablingSPI  stm32f4xx_hal_spi.o
    0x08004c32   0x0000008a   Code   RO         5835    i.SPI_CloseRxTx_ISR  stm32f4xx_hal_spi.o
    0x08004cbc   0x00000028   Code   RO         5838    i.SPI_DMAError      stm32f4xx_hal_spi.o
    0x08004ce4   0x0000000e   Code   RO         5839    i.SPI_DMAHalfReceiveCplt  stm32f4xx_hal_spi.o
    0x08004cf2   0x0000000e   Code   RO         5840    i.SPI_DMAHalfTransmitCplt  stm32f4xx_hal_spi.o
    0x08004d00   0x0000000e   Code   RO         5841    i.SPI_DMAHalfTransmitReceiveCplt  stm32f4xx_hal_spi.o
    0x08004d0e   0x000000a2   Code   RO         5842    i.SPI_DMAReceiveCplt  stm32f4xx_hal_spi.o
    0x08004db0   0x00000072   Code   RO         5843    i.SPI_DMATransmitCplt  stm32f4xx_hal_spi.o
    0x08004e22   0x000000a8   Code   RO         5844    i.SPI_DMATransmitReceiveCplt  stm32f4xx_hal_spi.o
    0x08004eca   0x000000a0   Code   RO         5851    i.SPI_WaitFlagStateUntilTimeout  stm32f4xx_hal_spi.o
    0x08004f6a   0x0000000e   Code   RO         2406    i.StartDefaultTask  freertos.o
    0x08004f78   0x00000008   Code   RO         2646    i.SysTick_Handler   stm32f4xx_it.o
    0x08004f80   0x000000bc   Code   RO         2115    i.SystemClock_Config  main.o
    0x0800503c   0x00000064   Code   RO            5    i.SystemInit        system_stm32f4xx.o
    0x080050a0   0x00000010   Code   RO         3126    i.TH_Measure        tm_measure.o
    0x080050b0   0x00000010   Code   RO         2647    i.TIM1_UP_TIM10_IRQHandler  stm32f4xx_it.o
    0x080050c0   0x00000048   Code   RO         2648    i.TIM6_DAC_IRQHandler  stm32f4xx_it.o
    0x08005108   0x00000018   Code   RO         2649    i.TIM8_BRK_TIM12_IRQHandler  stm32f4xx_it.o
    0x08005120   0x0000004c   Code   RO         2650    i.TIM8_UP_TIM13_IRQHandler  stm32f4xx_it.o
    0x0800516c   0x000000e4   Code   RO         5076    i.TIM_Base_SetConfig  stm32f4xx_hal_tim.o
    0x08005250   0x0000001c   Code   RO         5077    i.TIM_CCxChannelCmd  stm32f4xx_hal_tim.o
    0x0800526c   0x00000046   Code   RO         5078    i.TIM_DMACaptureCplt  stm32f4xx_hal_tim.o
    0x080052b2   0x00000014   Code   RO         5080    i.TIM_DMAError      stm32f4xx_hal_tim.o
    0x080052c6   0x00000018   Code   RO         5083    i.TIM_ETR_SetConfig  stm32f4xx_hal_tim.o
    0x080052de   0x00000014   Code   RO         5084    i.TIM_ITRx_SetConfig  stm32f4xx_hal_tim.o
    0x080052f2   0x0000002a   Code   RO         5090    i.TIM_TI1_ConfigInputStage  stm32f4xx_hal_tim.o
    0x0800531c   0x00000098   Code   RO         5091    i.TIM_TI1_SetConfig  stm32f4xx_hal_tim.o
    0x080053b4   0x0000002c   Code   RO         5092    i.TIM_TI2_ConfigInputStage  stm32f4xx_hal_tim.o
    0x080053e0   0x0000003e   Code   RO         5093    i.TIM_TI2_SetConfig  stm32f4xx_hal_tim.o
    0x0800541e   0x0000003c   Code   RO         5094    i.TIM_TI3_SetConfig  stm32f4xx_hal_tim.o
    0x0800545a   0x00000040   Code   RO         5095    i.TIM_TI4_SetConfig  stm32f4xx_hal_tim.o
    0x0800549a   0x00000002   PAD
    0x0800549c   0x00000368   Code   RO         3813    i.UART_SetConfig    stm32f4xx_hal_uart.o
    0x08005804   0x00000044   Code   RO         3233    i.USB_ActivateSetup  stm32f4xx_ll_usb.o
    0x08005848   0x00000070   Code   RO         3235    i.USB_CoreInit      stm32f4xx_ll_usb.o
    0x080058b8   0x0000004c   Code   RO         3236    i.USB_CoreReset     stm32f4xx_ll_usb.o
    0x08005904   0x0000001e   Code   RO         3240    i.USB_DevDisconnect  stm32f4xx_ll_usb.o
    0x08005922   0x00000002   PAD
    0x08005924   0x0000019c   Code   RO         3241    i.USB_DevInit       stm32f4xx_ll_usb.o
    0x08005ac0   0x0000000e   Code   RO         3242    i.USB_DisableGlobalInt  stm32f4xx_ll_usb.o
    0x08005ace   0x00000044   Code   RO         3246    i.USB_EP0_OutStart  stm32f4xx_ll_usb.o
    0x08005b12   0x00000002   PAD
    0x08005b14   0x0000002c   Code   RO         3251    i.USB_FlushRxFifo   stm32f4xx_ll_usb.o
    0x08005b40   0x00000030   Code   RO         3252    i.USB_FlushTxFifo   stm32f4xx_ll_usb.o
    0x08005b70   0x00000044   Code   RO         3254    i.USB_GetDevSpeed   stm32f4xx_ll_usb.o
    0x08005bb4   0x0000000a   Code   RO         3256    i.USB_GetMode       stm32f4xx_ll_usb.o
    0x08005bbe   0x00000012   Code   RO         3263    i.USB_ReadDevAllInEpInterrupt  stm32f4xx_ll_usb.o
    0x08005bd0   0x00000012   Code   RO         3264    i.USB_ReadDevAllOutEpInterrupt  stm32f4xx_ll_usb.o
    0x08005be2   0x0000002c   Code   RO         3265    i.USB_ReadDevInEPInterrupt  stm32f4xx_ll_usb.o
    0x08005c0e   0x00000016   Code   RO         3266    i.USB_ReadDevOutEPInterrupt  stm32f4xx_ll_usb.o
    0x08005c24   0x0000000c   Code   RO         3267    i.USB_ReadInterrupts  stm32f4xx_ll_usb.o
    0x08005c30   0x00000022   Code   RO         3268    i.USB_ReadPacket    stm32f4xx_ll_usb.o
    0x08005c52   0x00000030   Code   RO         3270    i.USB_SetCurrentMode  stm32f4xx_ll_usb.o
    0x08005c82   0x00000010   Code   RO         3272    i.USB_SetDevSpeed   stm32f4xx_ll_usb.o
    0x08005c92   0x00000030   Code   RO         3275    i.USB_WritePacket   stm32f4xx_ll_usb.o
    0x08005cc2   0x00000002   PAD
    0x08005cc4   0x0000001c   Code   RO         1904    i.USER_initialize   user_diskio.o
    0x08005ce0   0x00000008   Code   RO         1905    i.USER_ioctl        user_diskio.o
    0x08005ce8   0x00000008   Code   RO         1906    i.USER_read         user_diskio.o
    0x08005cf0   0x0000001c   Code   RO         1907    i.USER_status       user_diskio.o
    0x08005d0c   0x00000008   Code   RO         1908    i.USER_write        user_diskio.o
    0x08005d14   0x00000004   Code   RO         2651    i.UsageFault_Handler  stm32f4xx_it.o
    0x08005d18   0x0000007c   Code   RO         2936    i.WL_WaitPinRiseWithTimeout  rf.o
    0x08005d94   0x00000148   Code   RO         2937    i.WL_startRFComm    rf.o
    0x08005edc   0x0000000e   Code   RO         7174    i.__scatterload_copy  mc_w.l(handlers.o)
    0x08005eea   0x00000002   Code   RO         7175    i.__scatterload_null  mc_w.l(handlers.o)
    0x08005eec   0x0000000e   Code   RO         7176    i.__scatterload_zeroinit  mc_w.l(handlers.o)
    0x08005efa   0x0000000c   Code   RO         2116    i.blinkDemoLED      main.o
    0x08005f06   0x00000002   PAD
    0x08005f08   0x00000038   Code   RO         2838    i.calCRC16          motor.o
    0x08005f40   0x00000024   Code   RO         2839    i.deselectMotor     motor.o
    0x08005f64   0x000000bc   Code   RO         3127    i.handleTH_Data     tm_measure.o
    0x08006020   0x00000010   Code   RO         1552    i.inHandlerMode     cmsis_os.o
    0x08006030   0x00000002   Code   RO         2117    i.initBrainVar      main.o
    0x08006032   0x00000002   PAD
    0x08006034   0x00000090   Code   RO         2118    i.main              main.o
    0x080060c4   0x0000000e   Code   RO         1554    i.makeFreeRtosPriority  cmsis_os.o
    0x080060d2   0x00000002   PAD
    0x080060d4   0x0000011c   Code   RO         3128    i.measureTH         tm_measure.o
    0x080061f0   0x0000001e   Code   RO         2938    i.nGetAddrFromCH_NO  rf.o
    0x0800620e   0x00000002   PAD
    0x08006210   0x0000009c   Code   RO         2939    i.nRF905CR_Initial  rf.o
    0x080062ac   0x00000070   Code   RO         2940    i.nRF905ChnPwrManager  rf.o
    0x0800631c   0x0000004c   Code   RO         2941    i.nRF905SendFrame   rf.o
    0x08006368   0x00000068   Code   RO         2942    i.nRF905_SPI_RD     rf.o
    0x080063d0   0x00000068   Code   RO         2943    i.nRF905_SPI_WR     rf.o
    0x08006438   0x00000006   Code   RO         2944    i.nWirelessDataManager  rf.o
    0x0800643e   0x00000018   Code   RO         1555    i.osDelay           cmsis_os.o
    0x08006456   0x0000000a   Code   RO         1558    i.osKernelStart     cmsis_os.o
    0x08006460   0x00000012   Code   RO         1566    i.osMessageCreate   cmsis_os.o
    0x08006472   0x00000032   Code   RO         1581    i.osSemaphoreCreate  cmsis_os.o
    0x080064a4   0x0000006c   Code   RO         1584    i.osSemaphoreWait   cmsis_os.o
    0x08006510   0x00000010   Code   RO         1587    i.osSystickHandler  cmsis_os.o
    0x08006520   0x0000003a   Code   RO         1588    i.osThreadCreate    cmsis_os.o
    0x0800655a   0x00000002   PAD
    0x0800655c   0x00000054   Code   RO          996    i.prvAddCurrentTaskToDelayedList  tasks.o
    0x080065b0   0x00000042   Code   RO          997    i.prvAllocateTCBAndStack  tasks.o
    0x080065f2   0x00000002   PAD
    0x080065f4   0x00000064   Code   RO          998    i.prvCheckTasksWaitingTermination  tasks.o
    0x08006658   0x0000002a   Code   RO         1307    i.prvCopyDataFromQueue  queue.o
    0x08006682   0x00000080   Code   RO         1308    i.prvCopyDataToQueue  queue.o
    0x08006702   0x00000012   Code   RO          999    i.prvDeleteTCB      tasks.o
    0x08006714   0x0000007c   Code   RO          938    i.prvHeapInit       heap_4.o
    0x08006790   0x00000028   Code   RO         1000    i.prvIdleTask       tasks.o
    0x080067b8   0x00000062   Code   RO         1001    i.prvInitialiseTCBVariables  tasks.o
    0x0800681a   0x00000002   PAD
    0x0800681c   0x00000068   Code   RO         1002    i.prvInitialiseTaskLists  tasks.o
    0x08006884   0x00000068   Code   RO          939    i.prvInsertBlockIntoFreeList  heap_4.o
    0x080068ec   0x0000001a   Code   RO         1309    i.prvIsQueueEmpty   queue.o
    0x08006906   0x0000001e   Code   RO         1310    i.prvIsQueueFull    queue.o
    0x08006924   0x00000034   Code   RO         1004    i.prvResetNextTaskUnblockTime  tasks.o
    0x08006958   0x00000040   Code   RO          813    i.prvTaskExitError  port.o
    0x08006998   0x0000007e   Code   RO         1311    i.prvUnlockQueue    queue.o
    0x08006a16   0x00000002   PAD
    0x08006a18   0x0000013c   Code   RO          940    i.pvPortMalloc      heap_4.o
    0x08006b54   0x00000020   Code   RO         1007    i.pvTaskIncrementMutexHeldCount  tasks.o
    0x08006b74   0x00000028   Code   RO          814    i.pxPortInitialiseStack  port.o
    0x08006b9c   0x00000140   Code   RO         2840    i.readFromMotor     motor.o
    0x08006cdc   0x00000024   Code   RO         2841    i.selectMotor       motor.o
    0x08006d00   0x00000030   Code   RO         3129    i.sendStartTrigger  tm_measure.o
    0x08006d30   0x00000070   Code   RO         2945    i.setNRF905Mode     rf.o
    0x08006da0   0x00000024   Code   RO         2842    i.setTargetDutyAccdToADC  motor.o
    0x08006dc4   0x00000044   Code   RO         3130    i.startRecv         tm_measure.o
    0x08006e08   0x00000028   Code   RO          896    i.uxListRemove      list.o
    0x08006e30   0x0000001a   Code   RO          897    i.vListInitialise   list.o
    0x08006e4a   0x00000006   Code   RO          898    i.vListInitialiseItem  list.o
    0x08006e50   0x00000034   Code   RO          899    i.vListInsert       list.o
    0x08006e84   0x00000018   Code   RO          900    i.vListInsertEnd    list.o
    0x08006e9c   0x00000054   Code   RO          816    i.vPortEnterCritical  port.o
    0x08006ef0   0x0000003c   Code   RO          817    i.vPortExitCritical  port.o
    0x08006f2c   0x00000094   Code   RO          941    i.vPortFree         heap_4.o
    0x08006fc0   0x00000020   Code   RO          818    i.vPortSetupTimerInterrupt  port.o
    0x08006fe0   0x00000078   Code   RO          819    i.vPortValidateInterruptPriority  port.o
    0x08007058   0x0000008c   Code   RO         1015    i.vTaskDelay        tasks.o
    0x080070e4   0x0000000c   Code   RO         1019    i.vTaskMissedYield  tasks.o
    0x080070f0   0x0000007c   Code   RO         1021    i.vTaskPlaceOnEventList  tasks.o
    0x0800716c   0x000000b0   Code   RO         1023    i.vTaskPriorityInherit  tasks.o
    0x0800721c   0x00000030   Code   RO         1027    i.vTaskSetTimeOutState  tasks.o
    0x0800724c   0x00000074   Code   RO         1028    i.vTaskStartScheduler  tasks.o
    0x080072c0   0x000000e8   Code   RO         1029    i.vTaskSuspend      tasks.o
    0x080073a8   0x00000010   Code   RO         1030    i.vTaskSuspendAll   tasks.o
    0x080073b8   0x0000008c   Code   RO         1031    i.vTaskSwitchContext  tasks.o
    0x08007444   0x00000040   Code   RO         2946    i.waitPinCleaning   rf.o
    0x08007484   0x00000034   Code   RO         3131    i.waitTH_Response   tm_measure.o
    0x080074b8   0x000000ec   Code   RO         2843    i.writeToMotor      motor.o
    0x080075a4   0x0000013c   Code   RO          820    i.xPortStartScheduler  port.o
    0x080076e0   0x00000034   Code   RO          821    i.xPortSysTickHandler  port.o
    0x08007714   0x00000074   Code   RO         1321    i.xQueueCreateCountingSemaphore  queue.o
    0x08007788   0x0000008c   Code   RO         1323    i.xQueueGenericCreate  queue.o
    0x08007814   0x000001ac   Code   RO         1324    i.xQueueGenericReceive  queue.o
    0x080079c0   0x00000094   Code   RO         1325    i.xQueueGenericReset  queue.o
    0x08007a54   0x000001a0   Code   RO         1326    i.xQueueGenericSend  queue.o
    0x08007bf4   0x000000d6   Code   RO         1328    i.xQueueGiveFromISR  queue.o
    0x08007cca   0x000000bc   Code   RO         1332    i.xQueueReceiveFromISR  queue.o
    0x08007d86   0x00000002   PAD
    0x08007d88   0x0000008c   Code   RO         1032    i.xTaskCheckForTimeOut  tasks.o
    0x08007e14   0x00000170   Code   RO         1033    i.xTaskGenericCreate  tasks.o
    0x08007f84   0x00000020   Code   RO         1036    i.xTaskGetSchedulerState  tasks.o
    0x08007fa4   0x0000014c   Code   RO         1039    i.xTaskIncrementTick  tasks.o
    0x080080f0   0x000000c8   Code   RO         1042    i.xTaskPriorityDisinherit  tasks.o
    0x080081b8   0x00000098   Code   RO         1043    i.xTaskRemoveFromEventList  tasks.o
    0x08008250   0x00000104   Code   RO         1045    i.xTaskResumeAll    tasks.o
    0x08008354   0x00000011   Data   RO         2120    .constdata          main.o
    0x08008365   0x00000003   PAD
    0x08008368   0x000000a8   Data   RO         2407    .constdata          freertos.o
    0x08008410   0x00000008   Data   RO         2845    .constdata          motor.o
    0x08008418   0x00000049   Data   RO         2948    .constdata          rf.o
    0x08008461   0x00000010   Data   RO         3638    .constdata          stm32f4xx_hal_rcc.o
    0x08008471   0x00000008   Data   RO         4078    .constdata          stm32f4xx_hal_dma.o
    0x08008479   0x00000003   PAD
    0x0800847c   0x00000079   Data   RO         2408    .conststring        freertos.o
    0x080084f5   0x00000003   PAD
    0x080084f8   0x00000020   Data   RO         7172    Region$$Table       anon$$obj.o


    Execution Region RW_IRAM1 (Base: 0x20000000, Size: 0x00005408, Max: 0x00020000, ABSOLUTE, COMPRESSED[0x00000248])

    Base Addr    Size         Type   Attr      Idx    E Section Name        Object

    0x20000000   0x00000004   Data   RW            7    .data               system_stm32f4xx.o
    0x20000004   0x0000000c   Data   RW          822    .data               port.o
    0x20000010   0x00000018   Data   RW          946    .data               heap_4.o
    0x20000028   0x00000038   Data   RW         1048    .data               tasks.o
    0x20000060   0x00000018   Data   RW         1909    .data               user_diskio.o
    0x20000078   0x00000008   Data   RW         2040    .data               crc.o
    0x20000080   0x00000018   Data   RW         2121    .data               main.o
    0x20000098   0x0000003c   Data   RW         2409    .data               freertos.o
    0x200000d4   0x00000005   Data   RW         2527    .data               fatfs.o
    0x200000d9   0x00000003   PAD
    0x200000dc   0x0000000c   Data   RW         2652    .data               stm32f4xx_it.o
    0x200000e8   0x00000252   Data   RW         2846    .data               motor.o
    0x2000033a   0x00000002   PAD
    0x2000033c   0x0000000a   Data   RW         2949    .data               rf.o
    0x20000346   0x00000005   Data   RW         3133    .data               tm_measure.o
    0x2000034b   0x00000001   PAD
    0x2000034c   0x00000004   Data   RW         4469    .data               stm32f4xx_hal.o
    0x20000350   0x0000000c   Zero   RW          171    .bss                ff_gen_drv.o
    0x2000035c   0x00003c00   Zero   RW          945    .bss                heap_4.o
    0x20003f5c   0x000000f0   Zero   RW         1047    .bss                tasks.o
    0x2000404c   0x000001c0   Zero   RW         1967    .bss                tim.o
    0x2000420c   0x00000010   Zero   RW         2080    .bss                iwdg.o
    0x2000421c   0x0000004a   Zero   RW         2119    .bss                main.o
    0x20004266   0x00000002   PAD
    0x20004268   0x0000003c   Zero   RW         2262    .bss                stm32f4xx_hal_timebase_tim.o
    0x200042a4   0x00000130   Zero   RW         2333    .bss                adc.o
    0x200043d4   0x000000c0   Zero   RW         2476    .bss                usart.o
    0x20004494   0x00000088   Zero   RW         2565    .bss                i2c.o
    0x2000451c   0x000001b8   Zero   RW         2783    .bss                spi.o
    0x200046d4   0x000000d0   Zero   RW         2844    .bss                motor.o
    0x200047a4   0x0000004b   Zero   RW         2947    .bss                rf.o
    0x200047ef   0x00000001   PAD
    0x200047f0   0x000003b8   Zero   RW         3045    .bss                usb_otg.o
    0x20004ba8   0x0000000c   Zero   RW         3087    .bss                rng.o
    0x20004bb4   0x00000054   Zero   RW         3132    .bss                tm_measure.o
    0x20004c08   0x00000800   Zero   RW         1894    STACK               startup_stm32f407xx.o


==============================================================================

Image component sizes


      Code (inc. data)   RO Data    RW Data    ZI Data      Debug   Object Name

       564         58          0          0        304       3053   adc.o
        68         12          0          0          0        541   air_quality.o
       314          4          0          0          0      17654   cmsis_os.o
        76         16          0          8          0       1503   crc.o
       136          6          0          0          0        838   dma.o
        28         12          0          5          0       1004   fatfs.o
       102          6          0          0         12      24203   ff_gen_drv.o
       654         64        289         60          0       3537   freertos.o
       552         30          0          0          0       1255   gpio.o
       692         62          0         24      15360       7327   heap_4.o
       276         44          0          0        136       2238   i2c.o
        36         10          0          0         16        699   iwdg.o
       148          0          0          0          0       3658   list.o
      1006        144         17         24         74      13928   main.o
      1672        162          8        594        208      12085   motor.o
       954         90          0         12          0      17537   port.o
      2002         12          0          0          0      14209   queue.o
      1284        148         73         10         75      11623   rf.o
        76         16          0          0         12       1503   rng.o
         2          0          0          0          0        443   sdio.o
       608         66          0          0        440       3081   spi.o
        36          8        392          0       2048        820   startup_stm32f407xx.o
       114         16          0          4          0       3672   stm32f4xx_hal.o
      2016         84          0          0          0       9736   stm32f4xx_hal_adc.o
         2          0          0          0          0       1033   stm32f4xx_hal_adc_ex.o
       338         22          0          0          0      31629   stm32f4xx_hal_cortex.o
        36          0          0          0          0       1071   stm32f4xx_hal_crc.o
       870         16          8          0          0       4515   stm32f4xx_hal_dma.o
       588         52          0          0          0       4431   stm32f4xx_hal_gpio.o
       296         10          0          0          0       2023   stm32f4xx_hal_i2c.o
        78          0          0          0          0       1699   stm32f4xx_hal_iwdg.o
        66          0          0          0          0        518   stm32f4xx_hal_msp.o
      1880          0          0          0          0      10471   stm32f4xx_hal_pcd.o
      1736         78         16          0          0       6500   stm32f4xx_hal_rcc.o
        74          0          0          0          0       1115   stm32f4xx_hal_rng.o
      2878         60          0          0          0      20233   stm32f4xx_hal_spi.o
      2468         84          0          0          0      22105   stm32f4xx_hal_tim.o
       102          0          0          0          0       2402   stm32f4xx_hal_tim_ex.o
       150         18          0          0         60       2152   stm32f4xx_hal_timebase_tim.o
       986          8          0          0          0       1880   stm32f4xx_hal_uart.o
       416        110          0         12          0       9677   stm32f4xx_it.o
      1210         36          0          0          0      14486   stm32f4xx_ll_usb.o
         0          0          0          0          0       1472   syscall.o
       100         18          0          4          0     422045   system_stm32f4xx.o
      3082        400          0         56        240      23601   tasks.o
       820         86          0          0        448       4972   tim.o
       656         40          0          5         84       4831   tm_measure.o
       400         50          0          0        192       2924   usart.o
       180         12          0          0        952       1733   usb_otg.o
        80          8          0         24          0       3700   user_diskio.o

    ----------------------------------------------------------------------
     32956       2178        844        848      20664     759365   Object Totals
         0          0         32          0          0          0   (incl. Generated)
        48          0          9          6          3          0   (incl. Padding)

    ----------------------------------------------------------------------

      Code (inc. data)   RO Data    RW Data    ZI Data      Debug   Library Member Name

        86          0          0          0          0          0   __dczerorl2.o
         0          0          0          0          0          0   entry.o
         0          0          0          0          0          0   entry10a.o
         0          0          0          0          0          0   entry11a.o
         8          4          0          0          0          0   entry2.o
         4          0          0          0          0          0   entry5.o
         0          0          0          0          0          0   entry7b.o
         0          0          0          0          0          0   entry8b.o
         8          4          0          0          0          0   entry9a.o
        30          0          0          0          0          0   handlers.o
        36          8          0          0          0         68   init.o
        26          0          0          0          0         80   memcmp.o
        36          0          0          0          0         68   memcpya.o
        36          0          0          0          0        108   memseta.o

    ----------------------------------------------------------------------
       272         16          0          0          0        324   Library Totals
         2          0          0          0          0          0   (incl. Padding)

    ----------------------------------------------------------------------

      Code (inc. data)   RO Data    RW Data    ZI Data      Debug   Library Name

       270         16          0          0          0        324   mc_w.l

    ----------------------------------------------------------------------
       272         16          0          0          0        324   Library Totals

    ----------------------------------------------------------------------

==============================================================================


      Code (inc. data)   RO Data    RW Data    ZI Data      Debug   

     33228       2194        844        848      20664     729069   Grand Totals
     33228       2194        844        584      20664     729069   ELF Image Totals (compressed)
     33228       2194        844        584          0          0   ROM Totals

==============================================================================

    Total RO  Size (Code + RO Data)                34072 (  33.27kB)
    Total RW  Size (RW Data + ZI Data)             21512 (  21.01kB)
    Total ROM Size (Code + RO Data + RW Data)      34656 (  33.84kB)

==============================================================================

