<html>
<body>
<pre>
<h1>µVision Build Log</h1>
<h2>Tool Versions:</h2>
IDE-Version: µVision V5.18a
Copyright (C) 2016 ARM Ltd and ARM Germany GmbH. All rights reserved.
License Information: zzz zz, aaa, LIC=EXJWF-6V455-UHI8H-WNTTX-78GHG-NDF7A
 
Tool Versions:
Toolchain:       MDK-ARM Standard  Version: 5.18a
Toolchain Path:  D:\Keil_v5\ARM\ARMCC\Bin
C Compiler:      Armcc.exe V5.06 update 1 (build 61)
Assembler:       Armasm.exe V5.06 update 1 (build 61)
Linker/Locator:  ArmLink.exe V5.06 update 1 (build 61)
Library Manager: ArmAr.exe V5.06 update 1 (build 61)
Hex Converter:   FromElf.exe V5.06 update 1 (build 61)
CPU DLL:         SARMCM3.DLL V5.18a
Dialog DLL:      DCM.DLL V1.13.6.0
Target DLL:      UL2CM3.DLL V1.157.10.0
Dialog DLL:      TCM.DLL V1.14.8.0
 
<h2>Project:</h2>
G:\Geek\Projects\Zulolo_F\Up\Code\ZuloloF_Brain\Brain\MDK-ARM\Brain.uvprojx
Project File Date:  07/09/2016

<h2>Output:</h2>
*** Using Compiler 'V5.06 update 1 (build 61)', folder: 'D:\Keil_v5\ARM\ARMCC\Bin'
Rebuild target 'Brain'
compiling port.c...
compiling list.c...
compiling timers.c...
compiling heap_4.c...
compiling tasks.c...
compiling system_stm32f4xx.c...
compiling syscall.c...
compiling ff_gen_drv.c...
compiling queue.c...
compiling diskio.c...
compiling croutine.c...
compiling event_groups.c...
assembling startup_stm32f407xx.s...
compiling ccsbcs.c...
compiling cmsis_os.c...
compiling ff.c...
compiling iwdg.c...
compiling crc.c...
compiling stm32f4xx_hal_timebase_TIM.c...
compiling tim.c...
compiling user_diskio.c...
compiling main.c...
compiling stm32f4xx_hal_msp.c...
compiling adc.c...
compiling sdio.c...
compiling usart.c...
compiling freertos.c...
compiling gpio.c...
compiling fatfs.c...
compiling i2c.c...
compiling ahrs.c...
compiling spi.c...
compiling dma.c...
compiling stm32f4xx_it.c...
compiling usb_otg.c...
compiling rf.c...
compiling motor.c...
compiling routine.c...
compiling stm32f4xx_hal_flash_ramfunc.c...
compiling stm32f4xx_hal_pcd_ex.c...
compiling stm32f4xx_hal_i2c_ex.c...
compiling rng.c...
compiling stm32f4xx_hal_adc_ex.c...
compiling stm32f4xx_ll_usb.c...
compiling stm32f4xx_hal_rcc.c...
compiling stm32f4xx_hal_sd.c...
compiling stm32f4xx_hal_dma_ex.c...
compiling stm32f4xx_hal.c...
compiling stm32f4xx_hal_iwdg.c...
compiling stm32f4xx_hal_dma.c...
compiling stm32f4xx_hal_uart.c...
compiling stm32f4xx_hal_tim_ex.c...
compiling stm32f4xx_hal_spi.c...
compiling stm32f4xx_hal_crc.c...
compiling stm32f4xx_ll_sdmmc.c...
compiling stm32f4xx_hal_pwr.c...
compiling stm32f4xx_hal_flash_ex.c...
compiling stm32f4xx_hal_pcd.c...
compiling stm32f4xx_hal_adc.c...
compiling stm32f4xx_hal_tim.c...
compiling stm32f4xx_hal_pwr_ex.c...
compiling stm32f4xx_hal_gpio.c...
compiling stm32f4xx_hal_cortex.c...
compiling stm32f4xx_hal_rcc_ex.c...
compiling stm32f4xx_hal_flash.c...
compiling stm32f4xx_hal_rng.c...
compiling stm32f4xx_hal_i2c.c...
linking...
Program Size: Code=23864 RO-data=772 RW-data=828 ZI-data=20356  
"Brain\Brain.axf" - 0 Error(s), 0 Warning(s).

<h2>Software Packages used:</h2>

Package Vendor: ARM
                http://www.keil.com/pack/ARM.CMSIS.4.5.0.pack
                ARM::CMSIS:CORE:4.3.0
                CMSIS (Cortex Microcontroller Software Interface Standard)
   * Component: CORE Version: 4.3.0

<h2>Collection of Component include folders:</h2>
  G:\Geek\Projects\Zulolo_F\Up\Code\ZuloloF_Brain\Brain\MDK-ARM\RTE
  D:\Keil_v5\ARM\PACK\ARM\CMSIS\4.5.0\CMSIS\Include
  D:\Keil_v5\ARM\PACK\Keil\STM32F4xx_DFP\2.7.0\Drivers\CMSIS\Device\ST\STM32F4xx\Include

<h2>Collection of Component Files used:</h2>

   * Component: ARM::CMSIS:CORE:4.3.0
Build Time Elapsed:  00:00:14
</pre>
</body>
</html>
